C:/Users/Kaung Htet Htun/OneDrive/Desktop/STM32F4_study/Firmware V-0.0/USB_DEVICE/App/usbd_cdc_if.c:152:15:CDC_Init_FS	8	static
C:/Users/Kaung Htet Htun/OneDrive/Desktop/STM32F4_study/Firmware V-0.0/USB_DEVICE/App/usbd_cdc_if.c:166:15:CDC_DeInit_FS	4	static
C:/Users/Kaung Htet Htun/OneDrive/Desktop/STM32F4_study/Firmware V-0.0/USB_DEVICE/App/usbd_cdc_if.c:180:15:CDC_Control_FS	16	static
C:/Users/Kaung Htet Htun/OneDrive/Desktop/STM32F4_study/Firmware V-0.0/USB_DEVICE/App/usbd_cdc_if.c:273:15:CDC_Receive_FS	16	static
C:/Users/Kaung Htet Htun/OneDrive/Desktop/STM32F4_study/Firmware V-0.0/USB_DEVICE/App/usbd_cdc_if.c:294:9:CDC_Transmit_FS	24	static
C:/Users/Kaung Htet Htun/OneDrive/Desktop/STM32F4_study/Firmware V-0.0/USB_DEVICE/App/usbd_cdc_if.c:320:15:CDC_TransmitCplt_FS	32	static
C:/Users/Kaung Htet Htun/OneDrive/Desktop/STM32F4_study/Firmware V-0.0/USB_DEVICE/App/usbd_cdc_if.c:332:13:USB_RECEIVE_CALLBACK	16	static
