../Drivers/rom_drivers/Src/ROM_LSDB4830_CAFC.c:13:6:___ROM_LSDB_PREPARE	16	static
../Drivers/rom_drivers/Src/ROM_LSDB4830_CAFC.c:84:6:setOperatingMode	16	static
../Drivers/rom_drivers/Src/ROM_LSDB4830_CAFC.c:128:6:enableMotorRight	16	static
../Drivers/rom_drivers/Src/ROM_LSDB4830_CAFC.c:160:6:enableMotorLeft	16	static
../Drivers/rom_drivers/Src/ROM_LSDB4830_CAFC.c:196:6:getDriverStatus	16	static
../Drivers/rom_drivers/Src/ROM_LSDB4830_CAFC.c:211:6:EmergencyMode	16	static
../Drivers/rom_drivers/Src/ROM_LSDB4830_CAFC.c:230:6:transmitAccel	16	static
../Drivers/rom_drivers/Src/ROM_LSDB4830_CAFC.c:281:6:transmitDecel	16	static
../Drivers/rom_drivers/Src/ROM_LSDB4830_CAFC.c:333:6:decel_in_emergency_stop	16	static
../Drivers/rom_drivers/Src/ROM_LSDB4830_CAFC.c:349:6:setTargetVelocityRpmRight	16	static
../Drivers/rom_drivers/Src/ROM_LSDB4830_CAFC.c:364:6:setTargetVelocityRpmLeft	16	static
../Drivers/rom_drivers/Src/ROM_LSDB4830_CAFC.c:382:6:setTargetVelocityDEC	16	static
../Drivers/rom_drivers/Src/ROM_LSDB4830_CAFC.c:399:6:max_following_error	16	static
../Drivers/rom_drivers/Src/ROM_LSDB4830_CAFC.c:414:6:position_loop_speed_feedforward	16	static
../Drivers/rom_drivers/Src/ROM_LSDB4830_CAFC.c:429:6:set_position_propotion_gain	16	static
../Drivers/rom_drivers/Src/ROM_LSDB4830_CAFC.c:444:6:set_speed_propotion_gain	16	static
../Drivers/rom_drivers/Src/ROM_LSDB4830_CAFC.c:459:6:set_speed_integration_gain	16	static
../Drivers/rom_drivers/Src/ROM_LSDB4830_CAFC.c:478:6:enableTenMilliSecondLoop	16	static
../Drivers/rom_drivers/Src/ROM_LSDB4830_CAFC.c:498:6:setMaxRPM	16	static
../Drivers/rom_drivers/Src/ROM_LSDB4830_CAFC.c:544:9:rdsToRPM	16	static
../Drivers/rom_drivers/Src/ROM_LSDB4830_CAFC.c:549:8:rpmToRds	16	static
../Drivers/rom_drivers/Src/ROM_LSDB4830_CAFC.c:555:10:calculateAccelDecel	16	static
../Drivers/rom_drivers/Src/ROM_LSDB4830_CAFC.c:559:6:setAccel	24	static
../Drivers/rom_drivers/Src/ROM_LSDB4830_CAFC.c:564:6:setDecel	24	static
../Drivers/rom_drivers/Src/ROM_LSDB4830_CAFC.c:571:6:setActualSpeedSamplingCycle	16	static
../Drivers/rom_drivers/Src/ROM_LSDB4830_CAFC.c:616:6:getActualRpmRight	16	static
../Drivers/rom_drivers/Src/ROM_LSDB4830_CAFC.c:632:6:getActualRpmLeft	16	static
../Drivers/rom_drivers/Src/ROM_LSDB4830_CAFC.c:649:6:disableMotors	16	static
../Drivers/rom_drivers/Src/ROM_LSDB4830_CAFC.c:657:6:clearMotors	16	static
../Drivers/rom_drivers/Src/ROM_LSDB4830_CAFC.c:665:6:clearActualPostion	16	static
../Drivers/rom_drivers/Src/ROM_LSDB4830_CAFC.c:715:6:enableNoiseReductionatZeroSpeed	16	static
../Drivers/rom_drivers/Src/ROM_LSDB4830_CAFC.c:735:6:getActualCurrent	16	static
../Drivers/rom_drivers/Src/ROM_LSDB4830_CAFC.c:750:6:getMotorIItCurrent	16	static
../Drivers/rom_drivers/Src/ROM_LSDB4830_CAFC.c:765:6:getActualDCVoltage	16	static
