C:/Users/Kaung Htet Htun/OneDrive/Desktop/STM32F4_study/HAL/Uart_communicate/Core/Src/stm32f4xx_it.c:80:6:NMI_Handler	4	static
C:/Users/Kaung Htet Htun/OneDrive/Desktop/STM32F4_study/HAL/Uart_communicate/Core/Src/stm32f4xx_it.c:95:6:HardFault_Handler	4	static
C:/Users/Kaung Htet Htun/OneDrive/Desktop/STM32F4_study/HAL/Uart_communicate/Core/Src/stm32f4xx_it.c:110:6:MemManage_Handler	4	static
C:/Users/Kaung Htet Htun/OneDrive/Desktop/STM32F4_study/HAL/Uart_communicate/Core/Src/stm32f4xx_it.c:125:6:BusFault_Handler	4	static
C:/Users/Kaung Htet Htun/OneDrive/Desktop/STM32F4_study/HAL/Uart_communicate/Core/Src/stm32f4xx_it.c:140:6:UsageFault_Handler	4	static
C:/Users/Kaung Htet Htun/OneDrive/Desktop/STM32F4_study/HAL/Uart_communicate/Core/Src/stm32f4xx_it.c:155:6:SVC_Handler	4	static
C:/Users/Kaung Htet Htun/OneDrive/Desktop/STM32F4_study/HAL/Uart_communicate/Core/Src/stm32f4xx_it.c:168:6:DebugMon_Handler	4	static
C:/Users/Kaung Htet Htun/OneDrive/Desktop/STM32F4_study/HAL/Uart_communicate/Core/Src/stm32f4xx_it.c:181:6:PendSV_Handler	4	static
C:/Users/Kaung Htet Htun/OneDrive/Desktop/STM32F4_study/HAL/Uart_communicate/Core/Src/stm32f4xx_it.c:194:6:SysTick_Handler	8	static
C:/Users/Kaung Htet Htun/OneDrive/Desktop/STM32F4_study/HAL/Uart_communicate/Core/Src/stm32f4xx_it.c:215:6:DMA1_Stream1_IRQHandler	8	static
C:/Users/Kaung Htet Htun/OneDrive/Desktop/STM32F4_study/HAL/Uart_communicate/Core/Src/stm32f4xx_it.c:229:6:DMA1_Stream5_IRQHandler	8	static
C:/Users/Kaung Htet Htun/OneDrive/Desktop/STM32F4_study/HAL/Uart_communicate/Core/Src/stm32f4xx_it.c:244:6:USART2_IRQHandler	8	static
C:/Users/Kaung Htet Htun/OneDrive/Desktop/STM32F4_study/HAL/Uart_communicate/Core/Src/stm32f4xx_it.c:258:6:USART3_IRQHandler	8	static
