Archive member included to satisfy reference by file (symbol)

C:/ST/STM32CubeIDE_1.15.0/STM32CubeIDE/plugins/com.st.stm32cube.ide.mcu.externaltools.gnu-tools-for-stm32.12.3.rel1.win32_1.0.100.202403111256/tools/bin/../lib/gcc/arm-none-eabi/12.3.1/../../../../arm-none-eabi/lib/thumb/v7e-m+fp/hard\libc_nano.a(libc_a-exit.o)
                              C:/ST/STM32CubeIDE_1.15.0/STM32CubeIDE/plugins/com.st.stm32cube.ide.mcu.externaltools.gnu-tools-for-stm32.12.3.rel1.win32_1.0.100.202403111256/tools/bin/../lib/gcc/arm-none-eabi/12.3.1/../../../../arm-none-eabi/lib/thumb/v7e-m+fp/hard/crt0.o (exit)
C:/ST/STM32CubeIDE_1.15.0/STM32CubeIDE/plugins/com.st.stm32cube.ide.mcu.externaltools.gnu-tools-for-stm32.12.3.rel1.win32_1.0.100.202403111256/tools/bin/../lib/gcc/arm-none-eabi/12.3.1/../../../../arm-none-eabi/lib/thumb/v7e-m+fp/hard\libc_nano.a(libc_a-findfp.o)
                              C:/ST/STM32CubeIDE_1.15.0/STM32CubeIDE/plugins/com.st.stm32cube.ide.mcu.externaltools.gnu-tools-for-stm32.12.3.rel1.win32_1.0.100.202403111256/tools/bin/../lib/gcc/arm-none-eabi/12.3.1/../../../../arm-none-eabi/lib/thumb/v7e-m+fp/hard\libc_nano.a(libc_a-exit.o) (__stdio_exit_handler)
C:/ST/STM32CubeIDE_1.15.0/STM32CubeIDE/plugins/com.st.stm32cube.ide.mcu.externaltools.gnu-tools-for-stm32.12.3.rel1.win32_1.0.100.202403111256/tools/bin/../lib/gcc/arm-none-eabi/12.3.1/../../../../arm-none-eabi/lib/thumb/v7e-m+fp/hard\libc_nano.a(libc_a-fwalk.o)
                              C:/ST/STM32CubeIDE_1.15.0/STM32CubeIDE/plugins/com.st.stm32cube.ide.mcu.externaltools.gnu-tools-for-stm32.12.3.rel1.win32_1.0.100.202403111256/tools/bin/../lib/gcc/arm-none-eabi/12.3.1/../../../../arm-none-eabi/lib/thumb/v7e-m+fp/hard\libc_nano.a(libc_a-findfp.o) (_fwalk_sglue)
C:/ST/STM32CubeIDE_1.15.0/STM32CubeIDE/plugins/com.st.stm32cube.ide.mcu.externaltools.gnu-tools-for-stm32.12.3.rel1.win32_1.0.100.202403111256/tools/bin/../lib/gcc/arm-none-eabi/12.3.1/../../../../arm-none-eabi/lib/thumb/v7e-m+fp/hard\libc_nano.a(libc_a-stdio.o)
                              C:/ST/STM32CubeIDE_1.15.0/STM32CubeIDE/plugins/com.st.stm32cube.ide.mcu.externaltools.gnu-tools-for-stm32.12.3.rel1.win32_1.0.100.202403111256/tools/bin/../lib/gcc/arm-none-eabi/12.3.1/../../../../arm-none-eabi/lib/thumb/v7e-m+fp/hard\libc_nano.a(libc_a-findfp.o) (__sread)
C:/ST/STM32CubeIDE_1.15.0/STM32CubeIDE/plugins/com.st.stm32cube.ide.mcu.externaltools.gnu-tools-for-stm32.12.3.rel1.win32_1.0.100.202403111256/tools/bin/../lib/gcc/arm-none-eabi/12.3.1/../../../../arm-none-eabi/lib/thumb/v7e-m+fp/hard\libc_nano.a(libc_a-memset.o)
                              C:/ST/STM32CubeIDE_1.15.0/STM32CubeIDE/plugins/com.st.stm32cube.ide.mcu.externaltools.gnu-tools-for-stm32.12.3.rel1.win32_1.0.100.202403111256/tools/bin/../lib/gcc/arm-none-eabi/12.3.1/../../../../arm-none-eabi/lib/thumb/v7e-m+fp/hard/crt0.o (memset)
C:/ST/STM32CubeIDE_1.15.0/STM32CubeIDE/plugins/com.st.stm32cube.ide.mcu.externaltools.gnu-tools-for-stm32.12.3.rel1.win32_1.0.100.202403111256/tools/bin/../lib/gcc/arm-none-eabi/12.3.1/../../../../arm-none-eabi/lib/thumb/v7e-m+fp/hard\libc_nano.a(libc_a-closer.o)
                              C:/ST/STM32CubeIDE_1.15.0/STM32CubeIDE/plugins/com.st.stm32cube.ide.mcu.externaltools.gnu-tools-for-stm32.12.3.rel1.win32_1.0.100.202403111256/tools/bin/../lib/gcc/arm-none-eabi/12.3.1/../../../../arm-none-eabi/lib/thumb/v7e-m+fp/hard\libc_nano.a(libc_a-stdio.o) (_close_r)
C:/ST/STM32CubeIDE_1.15.0/STM32CubeIDE/plugins/com.st.stm32cube.ide.mcu.externaltools.gnu-tools-for-stm32.12.3.rel1.win32_1.0.100.202403111256/tools/bin/../lib/gcc/arm-none-eabi/12.3.1/../../../../arm-none-eabi/lib/thumb/v7e-m+fp/hard\libc_nano.a(libc_a-reent.o)
                              C:/ST/STM32CubeIDE_1.15.0/STM32CubeIDE/plugins/com.st.stm32cube.ide.mcu.externaltools.gnu-tools-for-stm32.12.3.rel1.win32_1.0.100.202403111256/tools/bin/../lib/gcc/arm-none-eabi/12.3.1/../../../../arm-none-eabi/lib/thumb/v7e-m+fp/hard\libc_nano.a(libc_a-closer.o) (errno)
C:/ST/STM32CubeIDE_1.15.0/STM32CubeIDE/plugins/com.st.stm32cube.ide.mcu.externaltools.gnu-tools-for-stm32.12.3.rel1.win32_1.0.100.202403111256/tools/bin/../lib/gcc/arm-none-eabi/12.3.1/../../../../arm-none-eabi/lib/thumb/v7e-m+fp/hard\libc_nano.a(libc_a-impure.o)
                              C:/ST/STM32CubeIDE_1.15.0/STM32CubeIDE/plugins/com.st.stm32cube.ide.mcu.externaltools.gnu-tools-for-stm32.12.3.rel1.win32_1.0.100.202403111256/tools/bin/../lib/gcc/arm-none-eabi/12.3.1/../../../../arm-none-eabi/lib/thumb/v7e-m+fp/hard\libc_nano.a(libc_a-reent.o) (_impure_ptr)
C:/ST/STM32CubeIDE_1.15.0/STM32CubeIDE/plugins/com.st.stm32cube.ide.mcu.externaltools.gnu-tools-for-stm32.12.3.rel1.win32_1.0.100.202403111256/tools/bin/../lib/gcc/arm-none-eabi/12.3.1/../../../../arm-none-eabi/lib/thumb/v7e-m+fp/hard\libc_nano.a(libc_a-lseekr.o)
[...]
Memory Configuration

Name             Origin             Length             Attributes
CCMRAM           0x10000000         0x00010000         xrw
RAM              0x20000000         0x00020000         xrw
FLASH            0x08000000         0x00100000         xr
*default*        0x00000000         0xffffffff

Linker script and memory map

LOAD C:/ST/STM32CubeIDE_1.15.0/STM32CubeIDE/plugins/com.st.stm32cube.ide.mcu.externaltools.gnu-tools-for-stm32.12.3.rel1.win32_1.0.100.202403111256/tools/bin/../lib/gcc/arm-none-eabi/12.3.1/thumb/v7e-m+fp/hard/crti.o
LOAD C:/ST/STM32CubeIDE_1.15.0/STM32CubeIDE/plugins/com.st.stm32cube.ide.mcu.externaltools.gnu-tools-for-stm32.12.3.rel1.win32_1.0.100.202403111256/tools/bin/../lib/gcc/arm-none-eabi/12.3.1/thumb/v7e-m+fp/hard/crtbegin.o
LOAD C:/ST/STM32CubeIDE_1.15.0/STM32CubeIDE/plugins/com.st.stm32cube.ide.mcu.externaltools.gnu-tools-for-stm32.12.3.rel1.win32_1.0.100.202403111256/tools/bin/../lib/gcc/arm-none-eabi/12.3.1/../../../../arm-none-eabi/lib/thumb/v7e-m+fp/hard/crt0.o
LOAD ./Application/User/Core/adc.o
LOAD ./Application/User/Core/gpio.o
LOAD ./Application/User/Core/main.o
LOAD ./Application/User/Core/stm32f4xx_hal_msp.o
LOAD ./Application/User/Core/stm32f4xx_it.o
LOAD ./Application/User/Core/syscalls.o
LOAD ./Application/User/Core/sysmem.o
LOAD ./Application/User/Startup/startup_stm32f407vgtx.o
LOAD ./Drivers/CMSIS/system_stm32f4xx.o
LOAD ./Drivers/STM32F4xx_HAL_Driver/stm32f4xx_hal.o
LOAD ./Drivers/STM32F4xx_HAL_Driver/stm32f4xx_hal_adc.o
LOAD ./Drivers/STM32F4xx_HAL_Driver/stm32f4xx_hal_adc_ex.o
LOAD ./Drivers/STM32F4xx_HAL_Driver/stm32f4xx_hal_cortex.o
LOAD ./Drivers/STM32F4xx_HAL_Driver/stm32f4xx_hal_dma.o
LOAD ./Drivers/STM32F4xx_HAL_Driver/stm32f4xx_hal_dma_ex.o
LOAD ./Drivers/STM32F4xx_HAL_Driver/stm32f4xx_hal_exti.o
LOAD ./Drivers/STM32F4xx_HAL_Driver/stm32f4xx_hal_flash.o
LOAD ./Drivers/STM32F4xx_HAL_Driver/stm32f4xx_hal_flash_ex.o
LOAD ./Drivers/STM32F4xx_HAL_Driver/stm32f4xx_hal_flash_ramfunc.o
LOAD ./Drivers/STM32F4xx_HAL_Driver/stm32f4xx_hal_gpio.o
LOAD ./Drivers/STM32F4xx_HAL_Driver/stm32f4xx_hal_pwr.o
LOAD ./Drivers/STM32F4xx_HAL_Driver/stm32f4xx_hal_pwr_ex.o
LOAD ./Drivers/STM32F4xx_HAL_Driver/stm32f4xx_hal_rcc.o
LOAD ./Drivers/STM32F4xx_HAL_Driver/stm32f4xx_hal_rcc_ex.o
LOAD ./Drivers/STM32F4xx_HAL_Driver/stm32f4xx_hal_tim.o
LOAD ./Drivers/STM32F4xx_HAL_Driver/stm32f4xx_hal_tim_ex.o
LOAD ./Drivers/STM32F4xx_HAL_Driver/stm32f4xx_ll_adc.o
START GROUP
LOAD C:/ST/STM32CubeIDE_1.15.0/STM32CubeIDE/plugins/com.st.stm32cube.ide.mcu.externaltools.gnu-tools-for-stm32.12.3.rel1.win32_1.0.100.202403111256/tools/bin/../lib/gcc/arm-none-eabi/12.3.1/../../../../arm-none-eabi/lib/thumb/v7e-m+fp/hard\libc_nano.a
LOAD C:/ST/STM32CubeIDE_1.15.0/STM32CubeIDE/plugins/com.st.stm32cube.ide.mcu.externaltools.gnu-tools-for-stm32.12.3.rel1.win32_1.0.100.202403111256/tools/bin/../lib/gcc/arm-none-eabi/12.3.1/../../../../arm-none-eabi/lib/thumb/v7e-m+fp/hard\libm.a
END GROUP
START GROUP
LOAD C:/ST/STM32CubeIDE_1.15.0/STM32CubeIDE/plugins/com.st.stm32cube.ide.mcu.externaltools.gnu-tools-for-stm32.12.3.rel1.win32_1.0.100.202403111256/tools/bin/../lib/gcc/arm-none-eabi/12.3.1/thumb/v7e-m+fp/hard\libgcc.a
LOAD C:/ST/STM32CubeIDE_1.15.0/STM32CubeIDE/plugins/com.st.stm32cube.ide.mcu.externaltools.gnu-tools-for-stm32.12.3.rel1.win32_1.0.100.202403111256/tools/bin/../lib/gcc/arm-none-eabi/12.3.1/../../../../arm-none-eabi/lib/thumb/v7e-m+fp/hard\libc_nano.a
END GROUP
START GROUP
LOAD C:/ST/STM32CubeIDE_1.15.0/STM32CubeIDE/plugins/com.st.stm32cube.ide.mcu.externaltools.gnu-tools-for-stm32.12.3.rel1.win32_1.0.100.202403111256/tools/bin/../lib/gcc/arm-none-eabi/12.3.1/thumb/v7e-m+fp/hard\libgcc.a
LOAD C:/ST/STM32CubeIDE_1.15.0/STM32CubeIDE/plugins/com.st.stm32cube.ide.mcu.externaltools.gnu-tools-for-stm32.12.3.rel1.win32_1.0.100.202403111256/tools/bin/../lib/gcc/arm-none-eabi/12.3.1/../../../../arm-none-eabi/lib/thumb/v7e-m+fp/hard\libc_nano.a
LOAD C:/ST/STM32CubeIDE_1.15.0/STM32CubeIDE/plugins/com.st.stm32cube.ide.mcu.externaltools.gnu-tools-for-stm32.12.3.rel1.win32_1.0.100.202403111256/tools/bin/../lib/gcc/arm-none-eabi/12.3.1/../../../../arm-none-eabi/lib/thumb/v7e-m+fp/hard\libnosys.a
END GROUP
START GROUP
LOAD C:/ST/STM32CubeIDE_1.15.0/STM32CubeIDE/plugins/com.st.stm32cube.ide.mcu.externaltools.gnu-tools-for-stm32.12.3.rel1.win32_1.0.100.202403111256/tools/bin/../lib/gcc/arm-none-eabi/12.3.1/thumb/v7e-m+fp/hard\libgcc.a
LOAD C:/ST/STM32CubeIDE_1.15.0/STM32CubeIDE/plugins/com.st.stm32cube.ide.mcu.externaltools.gnu-tools-for-stm32.12.3.rel1.win32_1.0.100.202403111256/tools/bin/../lib/gcc/arm-none-eabi/12.3.1/../../../../arm-none-eabi/lib/thumb/v7e-m+fp/hard\libc_nano.a
LOAD C:/ST/STM32CubeIDE_1.15.0/STM32CubeIDE/plugins/com.st.stm32cube.ide.mcu.externaltools.gnu-tools-for-stm32.12.3.rel1.win32_1.0.100.202403111256/tools/bin/../lib/gcc/arm-none-eabi/12.3.1/../../../../arm-none-eabi/lib/thumb/v7e-m+fp/hard\libnosys.a
END GROUP
LOAD C:/ST/STM32CubeIDE_1.15.0/STM32CubeIDE/plugins/com.st.stm32cube.ide.mcu.externaltools.gnu-tools-for-stm32.12.3.rel1.win32_1.0.100.202403111256/tools/bin/../lib/gcc/arm-none-eabi/12.3.1/thumb/v7e-m+fp/hard/crtend.o
LOAD C:/ST/STM32CubeIDE_1.15.0/STM32CubeIDE/plugins/com.st.stm32cube.ide.mcu.externaltools.gnu-tools-for-stm32.12.3.rel1.win32_1.0.100.202403111256/tools/bin/../lib/gcc/arm-none-eabi/12.3.1/thumb/v7e-m+fp/hard/crtn.o
                0x20020000                        _estack = (ORIGIN (RAM) + LENGTH (RAM))
                0x00000200                        _Min_Heap_Size = 0x200
                0x00000400                        _Min_Stack_Size = 0x400

.isr_vector     0x08000000      0x188
                0x08000000                        . = ALIGN (0x4)
 *(.isr_vector)
 .isr_vector    0x08000000      0x188 ./Application/User/Startup/startup_stm32f407vgtx.o
                0x08000000                g_pfnVectors
                0x08000188                        . = ALIGN (0x4)

.text           0x08000188     0x28dc
                0x08000188                        . = ALIGN (0x4)
 *(.text)
 .text          0x08000188       0x40 C:/ST/STM32CubeIDE_1.15.0/STM32CubeIDE/plugins/com.st.stm32cube.ide.mcu.externaltools.gnu-tools-for-stm32.12.3.rel1.win32_1.0.100.202403111256/tools/bin/../lib/gcc/arm-none-eabi/12.3.1/thumb/v7e-m+fp/hard/crtbegin.o
 .text          0x080001c8      0x378 C:/ST/STM32CubeIDE_1.15.0/STM32CubeIDE/plugins/com.st.stm32cube.ide.mcu.externaltools.gnu-tools-for-stm32.12.3.rel1.win32_1.0.100.202403111256/tools/bin/../lib/gcc/arm-none-eabi/12.3.1/thumb/v7e-m+fp/hard\libgcc.a(_arm_addsubdf3.o)
                0x080001c8                __aeabi_drsub
                0x080001d0                __aeabi_dsub
                0x080001d0                __subdf3
                0x080001d4                __aeabi_dadd
                0x080001d4                __adddf3
                0x0800044c                __floatunsidf
                0x0800044c                __aeabi_ui2d
                0x0800046c                __floatsidf
                0x0800046c                __aeabi_i2d
                0x08000490                __aeabi_f2d
                0x08000490                __extendsfdf2
                0x080004d4                __floatundidf
                0x080004d4                __aeabi_ul2d
                0x080004e4                __floatdidf
                0x080004e4                __aeabi_l2d
 .text          0x08000540      0x424 C:/ST/STM32CubeIDE_1.15.0/STM32CubeIDE/plugins/com.st.stm32cube.ide.mcu.externaltools.gnu-tools-for-stm32.12.3.rel1.win32_1.0.100.202403111256/tools/bin/../lib/gcc/arm-none-eabi/12.3.1/thumb/v7e-m+fp/hard\libgcc.a(_arm_muldivdf3.o)
                0x08000540                __aeabi_dmul
                0x08000540                __muldf3
                0x08000794                __divdf3
                0x08000794                __aeabi_ddiv
 .text          0x08000964      0x110 C:/ST/STM32CubeIDE_1.15.0/STM32CubeIDE/plugins/com.st.stm32cube.ide.mcu.externaltools.gnu-tools-for-stm32.12.3.rel1.win32_1.0.100.202403111256/tools/bin/../lib/gcc/arm-none-eabi/12.3.1/thumb/v7e-m+fp/hard\libgcc.a(_arm_cmpdf2.o)
                0x08000964                __gtdf2
                0x08000964                __gedf2
                0x0800096c                __ltdf2
                0x0800096c                __ledf2
                0x08000974                __nedf2
                0x08000974                __eqdf2
                0x08000974                __cmpdf2
                0x080009f0                __aeabi_cdrcmple
                0x08000a00                __aeabi_cdcmpeq
                0x08000a00                __aeabi_cdcmple
                0x08000a10                __aeabi_dcmpeq
                0x08000a24                __aeabi_dcmplt
                0x08000a38                __aeabi_dcmple
                0x08000a4c                __aeabi_dcmpge
                0x08000a60                __aeabi_dcmpgt
 .text          0x08000a74       0xa0 C:/ST/STM32CubeIDE_1.15.0/STM32CubeIDE/plugins/com.st.stm32cube.ide.mcu.externaltools.gnu-tools-for-stm32.12.3.rel1.win32_1.0.100.202403111256/tools/bin/../lib/gcc/arm-none-eabi/12.3.1/thumb/v7e-m+fp/hard\libgcc.a(_arm_truncdfsf2.o)
                0x08000a74                __truncdfsf2
                0x08000a74                __aeabi_d2f
 .text          0x08000b14       0x30 C:/ST/STM32CubeIDE_1.15.0/STM32CubeIDE/plugins/com.st.stm32cube.ide.mcu.externaltools.gnu-tools-for-stm32.12.3.rel1.win32_1.0.100.202403111256/tools/bin/../lib/gcc/arm-none-eabi/12.3.1/thumb/v7e-m+fp/hard\libgcc.a(_aeabi_uldivmod.o)
                0x08000b14                __aeabi_uldivmod
 .text          0x08000b44      0x2bc C:/ST/STM32CubeIDE_1.15.0/STM32CubeIDE/plugins/com.st.stm32cube.ide.mcu.externaltools.gnu-tools-for-stm32.12.3.rel1.win32_1.0.100.202403111256/tools/bin/../lib/gcc/arm-none-eabi/12.3.1/thumb/v7e-m+fp/hard\libgcc.a(_udivmoddi4.o)
                0x08000b44                __udivmoddi4
 .text          0x08000e00        0x4 C:/ST/STM32CubeIDE_1.15.0/STM32CubeIDE/plugins/com.st.stm32cube.ide.mcu.externaltools.gnu-tools-for-stm32.12.3.rel1.win32_1.0.100.202403111256/tools/bin/../lib/gcc/arm-none-eabi/12.3.1/thumb/v7e-m+fp/hard\libgcc.a(_dvmd_tls.o)
                0x08000e00                __aeabi_idiv0
                0x08000e00                __aeabi_ldiv0
 *(.text*)
 .text.MX_ADC1_Init
                0x08000e04       0xa8 ./Application/User/Core/adc.o
                0x08000e04                MX_ADC1_Init
 .text.HAL_ADC_MspInit
                0x08000eac       0x88 ./Application/User/Core/adc.o
                0x08000eac                HAL_ADC_MspInit
 .text.MX_GPIO_Init
                0x08000f34       0x94 ./Application/User/Core/gpio.o
                0x08000f34                MX_GPIO_Init
 .text.calculate_distance
                0x08000fc8       0xfc ./Application/User/Core/main.o
                0x08000fc8                calculate_distance
 .text.main     0x080010c4       0x30 ./Application/User/Core/main.o
                0x080010c4                main
 .text.SystemClock_Config
                0x080010f4       0xd4 ./Application/User/Core/main.o
                0x080010f4                SystemClock_Config
 .text.Error_Handler
                0x080011c8        0xc ./Application/User/Core/main.o
                0x080011c8                Error_Handler
 .text.HAL_MspInit
                0x080011d4       0x50 ./Application/User/Core/stm32f4xx_hal_msp.o
                0x080011d4                HAL_MspInit
 .text.NMI_Handler
                0x08001224        0x8 ./Application/User/Core/stm32f4xx_it.o
                0x08001224                NMI_Handler
 .text.HardFault_Handler
                0x0800122c        0x8 ./Application/User/Core/stm32f4xx_it.o
                0x0800122c                HardFault_Handler
 .text.MemManage_Handler
                0x08001234        0x8 ./Application/User/Core/stm32f4xx_it.o
                0x08001234                MemManage_Handler
 .text.BusFault_Handler
                0x0800123c        0x8 ./Application/User/Core/stm32f4xx_it.o
                0x0800123c                BusFault_Handler
 .text.UsageFault_Handler
                0x08001244        0x8 ./Application/User/Core/stm32f4xx_it.o
                0x08001244                UsageFault_Handler
 .text.SVC_Handler
                0x0800124c        0xe ./Application/User/Core/stm32f4xx_it.o
                0x0800124c                SVC_Handler
 .text.DebugMon_Handler
                0x0800125a        0xe ./Application/User/Core/stm32f4xx_it.o
                0x0800125a                DebugMon_Handler
 .text.PendSV_Handler
                0x08001268        0xe ./Application/User/Core/stm32f4xx_it.o
                0x08001268                PendSV_Handler
 .text.SysTick_Handler
                0x08001276        0xc ./Application/User/Core/stm32f4xx_it.o
                0x08001276                SysTick_Handler
 *fill*         0x08001282        0x2 
 .text.Reset_Handler
                0x08001284       0x50 ./Application/User/Startup/startup_stm32f407vgtx.o
                0x08001284                Reset_Handler
 .text.Default_Handler
                0x080012d4        0x2 ./Application/User/Startup/startup_stm32f407vgtx.o
                0x080012d4                RTC_Alarm_IRQHandler
                0x080012d4                HASH_RNG_IRQHandler
                0x080012d4                EXTI2_IRQHandler
                0x080012d4                TIM8_CC_IRQHandler
                0x080012d4                TIM1_CC_IRQHandler
                0x080012d4                DMA2_Stream5_IRQHandler
                0x080012d4                DMA1_Stream5_IRQHandler
                0x080012d4                PVD_IRQHandler
                0x080012d4                SDIO_IRQHandler
                0x080012d4                TAMP_STAMP_IRQHandler
                0x080012d4                CAN2_RX1_IRQHandler
                0x080012d4                EXTI3_IRQHandler
                0x080012d4                TIM8_TRG_COM_TIM14_IRQHandler
                0x080012d4                TIM1_UP_TIM10_IRQHandler
                0x080012d4                TIM8_UP_TIM13_IRQHandler
                0x080012d4                I2C3_ER_IRQHandler
                0x080012d4                EXTI0_IRQHandler
                0x080012d4                I2C2_EV_IRQHandler
                0x080012d4                DMA1_Stream2_IRQHandler
                0x080012d4                CAN1_RX0_IRQHandler
                0x080012d4                FPU_IRQHandler
                0x080012d4                OTG_HS_WKUP_IRQHandler
                0x080012d4                CAN2_SCE_IRQHandler
                0x080012d4                DMA2_Stream2_IRQHandler
                0x080012d4                SPI1_IRQHandler
                0x080012d4                TIM6_DAC_IRQHandler
                0x080012d4                TIM1_BRK_TIM9_IRQHandler
                0x080012d4                DCMI_IRQHandler
                0x080012d4                CAN2_RX0_IRQHandler
                0x080012d4                DMA2_Stream3_IRQHandler
                0x080012d4                USART6_IRQHandler
                0x080012d4                USART3_IRQHandler
                0x080012d4                CAN1_RX1_IRQHandler
                0x080012d4                UART5_IRQHandler
                0x080012d4                DMA2_Stream0_IRQHandler
                0x080012d4                TIM4_IRQHandler
                0x080012d4                I2C1_EV_IRQHandler
                0x080012d4                DMA1_Stream6_IRQHandler
                0x080012d4                DMA1_Stream1_IRQHandler
                0x080012d4                UART4_IRQHandler
                0x080012d4                TIM3_IRQHandler
                0x080012d4                RCC_IRQHandler
                0x080012d4                TIM8_BRK_TIM12_IRQHandler
                0x080012d4                Default_Handler
                0x080012d4                EXTI15_10_IRQHandler
                0x080012d4                ADC_IRQHandler
                0x080012d4                DMA1_Stream7_IRQHandler
                0x080012d4                TIM7_IRQHandler
                0x080012d4                CAN2_TX_IRQHandler
                0x080012d4                TIM5_IRQHandler
                0x080012d4                DMA2_Stream7_IRQHandler
                0x080012d4                I2C3_EV_IRQHandler
                0x080012d4                EXTI9_5_IRQHandler
                0x080012d4                RTC_WKUP_IRQHandler
                0x080012d4                ETH_WKUP_IRQHandler
                0x080012d4                SPI2_IRQHandler
                0x080012d4                OTG_HS_EP1_IN_IRQHandler
                0x080012d4                DMA1_Stream0_IRQHandler
                0x080012d4                CAN1_TX_IRQHandler
                0x080012d4                EXTI4_IRQHandler
                0x080012d4                FSMC_IRQHandler
                0x080012d4                ETH_IRQHandler
                0x080012d4                OTG_HS_EP1_OUT_IRQHandler
                0x080012d4                WWDG_IRQHandler
                0x080012d4                TIM2_IRQHandler
                0x080012d4                OTG_FS_WKUP_IRQHandler
                0x080012d4                TIM1_TRG_COM_TIM11_IRQHandler
                0x080012d4                OTG_HS_IRQHandler
                0x080012d4                EXTI1_IRQHandler
                0x080012d4                USART2_IRQHandler
                0x080012d4                I2C2_ER_IRQHandler
                0x080012d4                DMA2_Stream1_IRQHandler
                0x080012d4                CAN1_SCE_IRQHandler
                0x080012d4                FLASH_IRQHandler
                0x080012d4                DMA2_Stream4_IRQHandler
                0x080012d4                USART1_IRQHandler
                0x080012d4                OTG_FS_IRQHandler
                0x080012d4                SPI3_IRQHandler
                0x080012d4                DMA1_Stream4_IRQHandler
                0x080012d4                I2C1_ER_IRQHandler
                0x080012d4                DMA2_Stream6_IRQHandler
                0x080012d4                DMA1_Stream3_IRQHandler
 *fill*         0x080012d6        0x2 
 .text.SystemInit
                0x080012d8       0x24 ./Drivers/CMSIS/system_stm32f4xx.o
                0x080012d8                SystemInit
 .text.HAL_Init
                0x080012fc       0x44 ./Drivers/STM32F4xx_HAL_Driver/stm32f4xx_hal.o
                0x080012fc                HAL_Init
 .text.HAL_InitTick
                0x08001340       0x60 ./Drivers/STM32F4xx_HAL_Driver/stm32f4xx_hal.o
                0x08001340                HAL_InitTick
 .text.HAL_IncTick
                0x080013a0       0x28 ./Drivers/STM32F4xx_HAL_Driver/stm32f4xx_hal.o
                0x080013a0                HAL_IncTick
 .text.HAL_GetTick
                0x080013c8       0x18 ./Drivers/STM32F4xx_HAL_Driver/stm32f4xx_hal.o
                0x080013c8                HAL_GetTick
 .text.HAL_Delay
                0x080013e0       0x48 ./Drivers/STM32F4xx_HAL_Driver/stm32f4xx_hal.o
                0x080013e0                HAL_Delay
 .text.HAL_ADC_Init
                0x08001428       0x86 ./Drivers/STM32F4xx_HAL_Driver/stm32f4xx_hal_adc.o
                0x08001428                HAL_ADC_Init
 *fill*         0x080014ae        0x2 
 .text.HAL_ADC_Start
                0x080014b0      0x1a4 ./Drivers/STM32F4xx_HAL_Driver/stm32f4xx_hal_adc.o
                0x080014b0                HAL_ADC_Start
 .text.HAL_ADC_Stop
                0x08001654       0x66 ./Drivers/STM32F4xx_HAL_Driver/stm32f4xx_hal_adc.o
                0x08001654                HAL_ADC_Stop
 .text.HAL_ADC_PollForConversion
                0x080016ba      0x116 ./Drivers/STM32F4xx_HAL_Driver/stm32f4xx_hal_adc.o
                0x080016ba                HAL_ADC_PollForConversion
 .text.HAL_ADC_GetValue
                0x080017d0       0x1a ./Drivers/STM32F4xx_HAL_Driver/stm32f4xx_hal_adc.o
                0x080017d0                HAL_ADC_GetValue
 *fill*         0x080017ea        0x2 
 .text.HAL_ADC_ConfigChannel
                0x080017ec      0x244 ./Drivers/STM32F4xx_HAL_Driver/stm32f4xx_hal_adc.o
                0x080017ec                HAL_ADC_ConfigChannel
 .text.ADC_Init
                0x08001a30      0x1f8 ./Drivers/STM32F4xx_HAL_Driver/stm32f4xx_hal_adc.o
 .text.__NVIC_SetPriorityGrouping
                0x08001c28       0x48 ./Drivers/STM32F4xx_HAL_Driver/stm32f4xx_hal_cortex.o
 .text.__NVIC_GetPriorityGrouping
                0x08001c70       0x1c ./Drivers/STM32F4xx_HAL_Driver/stm32f4xx_hal_cortex.o
 .text.__NVIC_SetPriority
                0x08001c8c       0x54 ./Drivers/STM32F4xx_HAL_Driver/stm32f4xx_hal_cortex.o
 .text.NVIC_EncodePriority
                0x08001ce0       0x66 ./Drivers/STM32F4xx_HAL_Driver/stm32f4xx_hal_cortex.o
 *fill*         0x08001d46        0x2 
 .text.SysTick_Config
                0x08001d48       0x44 ./Drivers/STM32F4xx_HAL_Driver/stm32f4xx_hal_cortex.o
 .text.HAL_NVIC_SetPriorityGrouping
                0x08001d8c       0x16 ./Drivers/STM32F4xx_HAL_Driver/stm32f4xx_hal_cortex.o
                0x08001d8c                HAL_NVIC_SetPriorityGrouping
 .text.HAL_NVIC_SetPriority
                0x08001da2       0x38 ./Drivers/STM32F4xx_HAL_Driver/stm32f4xx_hal_cortex.o
                0x08001da2                HAL_NVIC_SetPriority
 .text.HAL_SYSTICK_Config
                0x08001dda       0x18 ./Drivers/STM32F4xx_HAL_Driver/stm32f4xx_hal_cortex.o
                0x08001dda                HAL_SYSTICK_Config
 *fill*         0x08001df2        0x2 
 .text.HAL_GPIO_Init
                0x08001df4      0x338 ./Drivers/STM32F4xx_HAL_Driver/stm32f4xx_hal_gpio.o
                0x08001df4                HAL_GPIO_Init
 .text.HAL_RCC_OscConfig
                0x0800212c      0x4f0 ./Drivers/STM32F4xx_HAL_Driver/stm32f4xx_hal_rcc.o
                0x0800212c                HAL_RCC_OscConfig
 .text.HAL_RCC_ClockConfig
                0x0800261c      0x1cc ./Drivers/STM32F4xx_HAL_Driver/stm32f4xx_hal_rcc.o
                0x0800261c                HAL_RCC_ClockConfig
 .text.HAL_RCC_GetSysClockFreq
                0x080027e8      0x20c ./Drivers/STM32F4xx_HAL_Driver/stm32f4xx_hal_rcc.o
                0x080027e8                HAL_RCC_GetSysClockFreq
 .text.memset   0x080029f4       0x10 C:/ST/STM32CubeIDE_1.15.0/STM32CubeIDE/plugins/com.st.stm32cube.ide.mcu.externaltools.gnu-tools-for-stm32.12.3.rel1.win32_1.0.100.202403111256/tools/bin/../lib/gcc/arm-none-eabi/12.3.1/../../../../arm-none-eabi/lib/thumb/v7e-m+fp/hard\libc_nano.a(libc_a-memset.o)
                0x080029f4                memset
 .text.__libc_init_array
                0x08002a04       0x48 C:/ST/STM32CubeIDE_1.15.0/STM32CubeIDE/plugins/com.st.stm32cube.ide.mcu.externaltools.gnu-tools-for-stm32.12.3.rel1.win32_1.0.100.202403111256/tools/bin/../lib/gcc/arm-none-eabi/12.3.1/../../../../arm-none-eabi/lib/thumb/v7e-m+fp/hard\libc_nano.a(libc_a-init.o)
                0x08002a04                __libc_init_array
 *(.glue_7)
 .glue_7        0x08002a4c        0x0 linker stubs
 *(.glue_7t)
 .glue_7t       0x08002a4c        0x0 linker stubs
 *(.eh_frame)
 .eh_frame      0x08002a4c        0x0 C:/ST/STM32CubeIDE_1.15.0/STM32CubeIDE/plugins/com.st.stm32cube.ide.mcu.externaltools.gnu-tools-for-stm32.12.3.rel1.win32_1.0.100.202403111256/tools/bin/../lib/gcc/arm-none-eabi/12.3.1/thumb/v7e-m+fp/hard/crtbegin.o
 *(.init)
 .init          0x08002a4c        0x4 C:/ST/STM32CubeIDE_1.15.0/STM32CubeIDE/plugins/com.st.stm32cube.ide.mcu.externaltools.gnu-tools-for-stm32.12.3.rel1.win32_1.0.100.202403111256/tools/bin/../lib/gcc/arm-none-eabi/12.3.1/thumb/v7e-m+fp/hard/crti.o
                0x08002a4c                _init
 .init          0x08002a50        0x8 C:/ST/STM32CubeIDE_1.15.0/STM32CubeIDE/plugins/com.st.stm32cube.ide.mcu.externaltools.gnu-tools-for-stm32.12.3.rel1.win32_1.0.100.202403111256/tools/bin/../lib/gcc/arm-none-eabi/12.3.1/thumb/v7e-m+fp/hard/crtn.o
 *(.fini)
 .fini          0x08002a58        0x4 C:/ST/STM32CubeIDE_1.15.0/STM32CubeIDE/plugins/com.st.stm32cube.ide.mcu.externaltools.gnu-tools-for-stm32.12.3.rel1.win32_1.0.100.202403111256/tools/bin/../lib/gcc/arm-none-eabi/12.3.1/thumb/v7e-m+fp/hard/crti.o
                0x08002a58                _fini
 .fini          0x08002a5c        0x8 C:/ST/STM32CubeIDE_1.15.0/STM32CubeIDE/plugins/com.st.stm32cube.ide.mcu.externaltools.gnu-tools-for-stm32.12.3.rel1.win32_1.0.100.202403111256/tools/bin/../lib/gcc/arm-none-eabi/12.3.1/thumb/v7e-m+fp/hard/crtn.o
                0x08002a64                        . = ALIGN (0x4)
                0x08002a64                        _etext = .

.vfp11_veneer   0x08002a64        0x0
 .vfp11_veneer  0x08002a64        0x0 linker stubs

.v4_bx          0x08002a64        0x0
 .v4_bx         0x08002a64        0x0 linker stubs

.iplt           0x08002a64        0x0
 .iplt          0x08002a64        0x0 C:/ST/STM32CubeIDE_1.15.0/STM32CubeIDE/plugins/com.st.stm32cube.ide.mcu.externaltools.gnu-tools-for-stm32.12.3.rel1.win32_1.0.100.202403111256/tools/bin/../lib/gcc/arm-none-eabi/12.3.1/thumb/v7e-m+fp/hard/crtbegin.o

.rodata         0x08002a64       0x10
                0x08002a64                        . = ALIGN (0x4)
 *(.rodata)
 *(.rodata*)
 .rodata.AHBPrescTable
                0x08002a64       0x10 ./Drivers/CMSIS/system_stm32f4xx.o
                0x08002a64                AHBPrescTable
                0x08002a74                        . = ALIGN (0x4)

.ARM.extab      0x08002a74        0x0
                0x08002a74                        . = ALIGN (0x4)
 *(.ARM.extab* .gnu.linkonce.armextab.*)
                0x08002a74                        . = ALIGN (0x4)

.ARM            0x08002a74        0x8
                0x08002a74                        . = ALIGN (0x4)
                0x08002a74                        __exidx_start = .
 *(.ARM.exidx*)
 .ARM.exidx     0x08002a74        0x8 C:/ST/STM32CubeIDE_1.15.0/STM32CubeIDE/plugins/com.st.stm32cube.ide.mcu.externaltools.gnu-tools-for-stm32.12.3.rel1.win32_1.0.100.202403111256/tools/bin/../lib/gcc/arm-none-eabi/12.3.1/thumb/v7e-m+fp/hard\libgcc.a(_udivmoddi4.o)
                0x08002a7c                        __exidx_end = .
                0x08002a7c                        . = ALIGN (0x4)

.rel.dyn        0x08002a7c        0x0
 .rel.iplt      0x08002a7c        0x0 C:/ST/STM32CubeIDE_1.15.0/STM32CubeIDE/plugins/com.st.stm32cube.ide.mcu.externaltools.gnu-tools-for-stm32.12.3.rel1.win32_1.0.100.202403111256/tools/bin/../lib/gcc/arm-none-eabi/12.3.1/thumb/v7e-m+fp/hard/crtbegin.o

.preinit_array  0x08002a7c        0x0
                0x08002a7c                        . = ALIGN (0x4)
                0x08002a7c                        PROVIDE (__preinit_array_start = .)
 *(.preinit_array*)
                0x08002a7c                        PROVIDE (__preinit_array_end = .)
                0x08002a7c                        . = ALIGN (0x4)

.init_array     0x08002a7c        0x4
                0x08002a7c                        . = ALIGN (0x4)
                0x08002a7c                        PROVIDE (__init_array_start = .)
 *(SORT_BY_NAME(.init_array.*))
 *(.init_array*)
 .init_array    0x08002a7c        0x4 C:/ST/STM32CubeIDE_1.15.0/STM32CubeIDE/plugins/com.st.stm32cube.ide.mcu.externaltools.gnu-tools-for-stm32.12.3.rel1.win32_1.0.100.202403111256/tools/bin/../lib/gcc/arm-none-eabi/12.3.1/thumb/v7e-m+fp/hard/crtbegin.o
                0x08002a80                        PROVIDE (__init_array_end = .)
                0x08002a80                        . = ALIGN (0x4)

.fini_array     0x08002a80        0x4
                0x08002a80                        . = ALIGN (0x4)
                [!provide]                        PROVIDE (__fini_array_start = .)
 *(SORT_BY_NAME(.fini_array.*))
 *(.fini_array*)
 .fini_array    0x08002a80        0x4 C:/ST/STM32CubeIDE_1.15.0/STM32CubeIDE/plugins/com.st.stm32cube.ide.mcu.externaltools.gnu-tools-for-stm32.12.3.rel1.win32_1.0.100.202403111256/tools/bin/../lib/gcc/arm-none-eabi/12.3.1/thumb/v7e-m+fp/hard/crtbegin.o
                [!provide]                        PROVIDE (__fini_array_end = .)
                0x08002a84                        . = ALIGN (0x4)
                0x08002a84                        _sidata = LOADADDR (.data)

.data           0x20000000        0xc load address 0x08002a84
                0x20000000                        . = ALIGN (0x4)
                0x20000000                        _sdata = .
 *(.data)
 *(.data*)
 .data.SystemCoreClock
                0x20000000        0x4 ./Drivers/CMSIS/system_stm32f4xx.o
                0x20000000                SystemCoreClock
 .data.uwTickPrio
                0x20000004        0x4 ./Drivers/STM32F4xx_HAL_Driver/stm32f4xx_hal.o
                0x20000004                uwTickPrio
 .data.uwTickFreq
                0x20000008        0x1 ./Drivers/STM32F4xx_HAL_Driver/stm32f4xx_hal.o
                0x20000008                uwTickFreq
 *(.RamFunc)
 *(.RamFunc*)
                0x2000000c                        . = ALIGN (0x4)
 *fill*         0x20000009        0x3 
                0x2000000c                        _edata = .
                0x08002a90                        _siccmram = LOADADDR (.ccmram)

.igot.plt       0x2000000c        0x0 load address 0x08002a90
 .igot.plt      0x2000000c        0x0 C:/ST/STM32CubeIDE_1.15.0/STM32CubeIDE/plugins/com.st.stm32cube.ide.mcu.externaltools.gnu-tools-for-stm32.12.3.rel1.win32_1.0.100.202403111256/tools/bin/../lib/gcc/arm-none-eabi/12.3.1/thumb/v7e-m+fp/hard/crtbegin.o

.ccmram         0x10000000        0x0 load address 0x08002a90
                0x10000000                        . = ALIGN (0x4)
                0x10000000                        _sccmram = .
 *(.ccmram)
 *(.ccmram*)
                0x10000000                        . = ALIGN (0x4)
                0x10000000                        _eccmram = .
                0x10000000                        . = ALIGN (0x4)

.bss            0x2000000c       0x74
                0x2000000c                        _sbss = .
                0x2000000c                        __bss_start__ = _sbss
 *(.bss)
 .bss           0x2000000c       0x1c C:/ST/STM32CubeIDE_1.15.0/STM32CubeIDE/plugins/com.st.stm32cube.ide.mcu.externaltools.gnu-tools-for-stm32.12.3.rel1.win32_1.0.100.202403111256/tools/bin/../lib/gcc/arm-none-eabi/12.3.1/thumb/v7e-m+fp/hard/crtbegin.o
 *(.bss*)
 .bss.hadc1     0x20000028       0x48 ./Application/User/Core/adc.o
                0x20000028                hadc1
 .bss.adcValue  0x20000070        0x4 ./Application/User/Core/main.o
                0x20000070                adcValue
 .bss.voltage   0x20000074        0x4 ./Application/User/Core/main.o
                0x20000074                voltage
 .bss.distance  0x20000078        0x4 ./Application/User/Core/main.o
                0x20000078                distance
 .bss.uwTick    0x2000007c        0x4 ./Drivers/STM32F4xx_HAL_Driver/stm32f4xx_hal.o
                0x2000007c                uwTick
 *(COMMON)
                0x20000080                        . = ALIGN (0x4)
                0x20000080                        _ebss = .
                0x20000080                        __bss_end__ = _ebss

._user_heap_stack
                0x20000080      0x600
                0x20000080                        . = ALIGN (0x8)
                [!provide]                        PROVIDE (end = .)
                0x20000080                        PROVIDE (_end = .)
                0x20000280                        . = (. + _Min_Heap_Size)
 *fill*         0x20000080      0x200 
                0x20000680                        . = (. + _Min_Stack_Size)
 *fill*         0x20000280      0x400 
                0x20000680                        . = ALIGN (0x8)

/DISCARD/
 libc.a(*)
 libm.a(*)
 libgcc.a(*)

.ARM.attributes
                0x00000000       0x30
 *(.ARM.attributes)
 .ARM.attributes
                0x00000000       0x22 C:/ST/STM32CubeIDE_1.15.0/STM32CubeIDE/plugins/com.st.stm32cube.ide.mcu.externaltools.gnu-tools-for-stm32.12.3.rel1.win32_1.0.100.202403111256/tools/bin/../lib/gcc/arm-none-eabi/12.3.1/thumb/v7e-m+fp/hard/crti.o
 .ARM.attributes
                0x00000022       0x34 C:/ST/STM32CubeIDE_1.15.0/STM32CubeIDE/plugins/com.st.stm32cube.ide.mcu.externaltools.gnu-tools-for-stm32.12.3.rel1.win32_1.0.100.202403111256/tools/bin/../lib/gcc/arm-none-eabi/12.3.1/thumb/v7e-m+fp/hard/crtbegin.o
 .ARM.attributes
                0x00000056       0x34 ./Application/User/Core/adc.o
 .ARM.attributes
                0x0000008a       0x34 ./Application/User/Core/gpio.o
 .ARM.attributes
                0x000000be       0x34 ./Application/User/Core/main.o
 .ARM.attributes
                0x000000f2       0x34 ./Application/User/Core/stm32f4xx_hal_msp.o
 .ARM.attributes
                0x00000126       0x34 ./Application/User/Core/stm32f4xx_it.o
 .ARM.attributes
                0x0000015a       0x21 ./Application/User/Startup/startup_stm32f407vgtx.o
 .ARM.attributes
                0x0000017b       0x34 ./Drivers/CMSIS/system_stm32f4xx.o
 .ARM.attributes
                0x000001af       0x34 ./Drivers/STM32F4xx_HAL_Driver/stm32f4xx_hal.o
 .ARM.attributes
                0x000001e3       0x34 ./Drivers/STM32F4xx_HAL_Driver/stm32f4xx_hal_adc.o
 .ARM.attributes
                0x00000217       0x34 ./Drivers/STM32F4xx_HAL_Driver/stm32f4xx_hal_cortex.o
 .ARM.attributes
                0x0000024b       0x34 ./Drivers/STM32F4xx_HAL_Driver/stm32f4xx_hal_gpio.o
 .ARM.attributes
                0x0000027f       0x34 ./Drivers/STM32F4xx_HAL_Driver/stm32f4xx_hal_rcc.o
 .ARM.attributes
                0x000002b3       0x34 C:/ST/STM32CubeIDE_1.15.0/STM32CubeIDE/plugins/com.st.stm32cube.ide.mcu.externaltools.gnu-tools-for-stm32.12.3.rel1.win32_1.0.100.202403111256/tools/bin/../lib/gcc/arm-none-eabi/12.3.1/../../../../arm-none-eabi/lib/thumb/v7e-m+fp/hard\libc_nano.a(libc_a-memset.o)
 .ARM.attributes
                0x000002e7       0x34 C:/ST/STM32CubeIDE_1.15.0/STM32CubeIDE/plugins/com.st.stm32cube.ide.mcu.externaltools.gnu-tools-for-stm32.12.3.rel1.win32_1.0.100.202403111256/tools/bin/../lib/gcc/arm-none-eabi/12.3.1/../../../../arm-none-eabi/lib/thumb/v7e-m+fp/hard\libc_nano.a(libc_a-init.o)
 .ARM.attributes
                0x0000031b       0x22 C:/ST/STM32CubeIDE_1.15.0/STM32CubeIDE/plugins/com.st.stm32cube.ide.mcu.externaltools.gnu-tools-for-stm32.12.3.rel1.win32_1.0.100.202403111256/tools/bin/../lib/gcc/arm-none-eabi/12.3.1/thumb/v7e-m+fp/hard\libgcc.a(_arm_addsubdf3.o)
 .ARM.attributes
                0x0000033d       0x22 C:/ST/STM32CubeIDE_1.15.0/STM32CubeIDE/plugins/com.st.stm32cube.ide.mcu.externaltools.gnu-tools-for-stm32.12.3.rel1.win32_1.0.100.202403111256/tools/bin/../lib/gcc/arm-none-eabi/12.3.1/thumb/v7e-m+fp/hard\libgcc.a(_arm_muldivdf3.o)
 .ARM.attributes
                0x0000035f       0x22 C:/ST/STM32CubeIDE_1.15.0/STM32CubeIDE/plugins/com.st.stm32cube.ide.mcu.externaltools.gnu-tools-for-stm32.12.3.rel1.win32_1.0.100.202403111256/tools/bin/../lib/gcc/arm-none-eabi/12.3.1/thumb/v7e-m+fp/hard\libgcc.a(_arm_cmpdf2.o)
 .ARM.attributes
                0x00000381       0x22 C:/ST/STM32CubeIDE_1.15.0/STM32CubeIDE/plugins/com.st.stm32cube.ide.mcu.externaltools.gnu-tools-for-stm32.12.3.rel1.win32_1.0.100.202403111256/tools/bin/../lib/gcc/arm-none-eabi/12.3.1/thumb/v7e-m+fp/hard\libgcc.a(_arm_truncdfsf2.o)
 .ARM.attributes
                0x000003a3       0x22 C:/ST/STM32CubeIDE_1.15.0/STM32CubeIDE/plugins/com.st.stm32cube.ide.mcu.externaltools.gnu-tools-for-stm32.12.3.rel1.win32_1.0.100.202403111256/tools/bin/../lib/gcc/arm-none-eabi/12.3.1/thumb/v7e-m+fp/hard\libgcc.a(_aeabi_uldivmod.o)
 .ARM.attributes
                0x000003c5       0x34 C:/ST/STM32CubeIDE_1.15.0/STM32CubeIDE/plugins/com.st.stm32cube.ide.mcu.externaltools.gnu-tools-for-stm32.12.3.rel1.win32_1.0.100.202403111256/tools/bin/../lib/gcc/arm-none-eabi/12.3.1/thumb/v7e-m+fp/hard\libgcc.a(_udivmoddi4.o)
 .ARM.attributes
                0x000003f9       0x22 C:/ST/STM32CubeIDE_1.15.0/STM32CubeIDE/plugins/com.st.stm32cube.ide.mcu.externaltools.gnu-tools-for-stm32.12.3.rel1.win32_1.0.100.202403111256/tools/bin/../lib/gcc/arm-none-eabi/12.3.1/thumb/v7e-m+fp/hard\libgcc.a(_dvmd_tls.o)
 .ARM.attributes
                0x0000041b       0x22 C:/ST/STM32CubeIDE_1.15.0/STM32CubeIDE/plugins/com.st.stm32cube.ide.mcu.externaltools.gnu-tools-for-stm32.12.3.rel1.win32_1.0.100.202403111256/tools/bin/../lib/gcc/arm-none-eabi/12.3.1/thumb/v7e-m+fp/hard/crtn.o
OUTPUT(Cliff.elf elf32-littlearm)
LOAD linker stubs
LOAD C:/ST/STM32CubeIDE_1.15.0/STM32CubeIDE/plugins/com.st.stm32cube.ide.mcu.externaltools.gnu-tools-for-stm32.12.3.rel1.win32_1.0.100.202403111256/tools/bin/../lib/gcc/arm-none-eabi/12.3.1/../../../../arm-none-eabi/lib/thumb/v7e-m+fp/hard\libc.a
LOAD C:/ST/STM32CubeIDE_1.15.0/STM32CubeIDE/plugins/com.st.stm32cube.ide.mcu.externaltools.gnu-tools-for-stm32.12.3.rel1.win32_1.0.100.202403111256/tools/bin/../lib/gcc/arm-none-eabi/12.3.1/../../../../arm-none-eabi/lib/thumb/v7e-m+fp/hard\libm.a
LOAD C:/ST/STM32CubeIDE_1.15.0/STM32CubeIDE/plugins/com.st.stm32cube.ide.mcu.externaltools.gnu-tools-for-stm32.12.3.rel1.win32_1.0.100.202403111256/tools/bin/../lib/gcc/arm-none-eabi/12.3.1/thumb/v7e-m+fp/hard\libgcc.a

.debug_info     0x00000000     0x535f
 .debug_info    0x00000000      0x995 ./Application/User/Core/adc.o
 .debug_info    0x00000995      0x3ac ./Application/User/Core/gpio.o
 .debug_info    0x00000d41      0xa6b ./Application/User/Core/main.o
 .debug_info    0x000017ac      0x27c ./Application/User/Core/stm32f4xx_hal_msp.o
 .debug_info    0x00001a28      0x112 ./Application/User/Core/stm32f4xx_it.o
 .debug_info    0x00001b3a       0x30 ./Application/User/Startup/startup_stm32f407vgtx.o
 .debug_info    0x00001b6a      0x512 ./Drivers/CMSIS/system_stm32f4xx.o
 .debug_info    0x0000207c      0x944 ./Drivers/STM32F4xx_HAL_Driver/stm32f4xx_hal.o
 .debug_info    0x000029c0      0xcd4 ./Drivers/STM32F4xx_HAL_Driver/stm32f4xx_hal_adc.o
 .debug_info    0x00003694      0xd57 ./Drivers/STM32F4xx_HAL_Driver/stm32f4xx_hal_cortex.o
 .debug_info    0x000043eb      0x6c3 ./Drivers/STM32F4xx_HAL_Driver/stm32f4xx_hal_gpio.o
 .debug_info    0x00004aae      0x8b1 ./Drivers/STM32F4xx_HAL_Driver/stm32f4xx_hal_rcc.o

.debug_abbrev   0x00000000     0x1445
 .debug_abbrev  0x00000000      0x1f3 ./Application/User/Core/adc.o
 .debug_abbrev  0x000001f3      0x135 ./Application/User/Core/gpio.o
 .debug_abbrev  0x00000328      0x260 ./Application/User/Core/main.o
 .debug_abbrev  0x00000588       0xf4 ./Application/User/Core/stm32f4xx_hal_msp.o
 .debug_abbrev  0x0000067c       0x73 ./Application/User/Core/stm32f4xx_it.o
 .debug_abbrev  0x000006ef       0x24 ./Application/User/Startup/startup_stm32f407vgtx.o
 .debug_abbrev  0x00000713      0x11a ./Drivers/CMSIS/system_stm32f4xx.o
 .debug_abbrev  0x0000082d      0x214 ./Drivers/STM32F4xx_HAL_Driver/stm32f4xx_hal.o
 .debug_abbrev  0x00000a41      0x252 ./Drivers/STM32F4xx_HAL_Driver/stm32f4xx_hal_adc.o
 .debug_abbrev  0x00000c93      0x328 ./Drivers/STM32F4xx_HAL_Driver/stm32f4xx_hal_cortex.o
 .debug_abbrev  0x00000fbb      0x1d4 ./Drivers/STM32F4xx_HAL_Driver/stm32f4xx_hal_gpio.o
 .debug_abbrev  0x0000118f      0x2b6 ./Drivers/STM32F4xx_HAL_Driver/stm32f4xx_hal_rcc.o

.debug_aranges  0x00000000      0x530
 .debug_aranges
                0x00000000       0x30 ./Application/User/Core/adc.o
 .debug_aranges
                0x00000030       0x20 ./Application/User/Core/gpio.o
 .debug_aranges
                0x00000050       0x38 ./Application/User/Core/main.o
 .debug_aranges
                0x00000088       0x20 ./Application/User/Core/stm32f4xx_hal_msp.o
 .debug_aranges
                0x000000a8       0x60 ./Application/User/Core/stm32f4xx_it.o
 .debug_aranges
                0x00000108       0x28 ./Application/User/Startup/startup_stm32f407vgtx.o
 .debug_aranges
                0x00000130       0x28 ./Drivers/CMSIS/system_stm32f4xx.o
 .debug_aranges
                0x00000158       0xf0 ./Drivers/STM32F4xx_HAL_Driver/stm32f4xx_hal.o
 .debug_aranges
                0x00000248       0xe8 ./Drivers/STM32F4xx_HAL_Driver/stm32f4xx_hal_adc.o
 .debug_aranges
                0x00000330      0x120 ./Drivers/STM32F4xx_HAL_Driver/stm32f4xx_hal_cortex.o
 .debug_aranges
                0x00000450       0x58 ./Drivers/STM32F4xx_HAL_Driver/stm32f4xx_hal_gpio.o
 .debug_aranges
                0x000004a8       0x88 ./Drivers/STM32F4xx_HAL_Driver/stm32f4xx_hal_rcc.o

.debug_rnglists
                0x00000000      0x3c2
 .debug_rnglists
                0x00000000       0x21 ./Application/User/Core/adc.o
 .debug_rnglists
                0x00000021       0x14 ./Application/User/Core/gpio.o
 .debug_rnglists
                0x00000035       0x27 ./Application/User/Core/main.o
 .debug_rnglists
                0x0000005c       0x13 ./Application/User/Core/stm32f4xx_hal_msp.o
 .debug_rnglists
                0x0000006f       0x43 ./Application/User/Core/stm32f4xx_it.o
 .debug_rnglists
                0x000000b2       0x19 ./Application/User/Startup/startup_stm32f407vgtx.o
 .debug_rnglists
                0x000000cb       0x1a ./Drivers/CMSIS/system_stm32f4xx.o
 .debug_rnglists
                0x000000e5       0xaf ./Drivers/STM32F4xx_HAL_Driver/stm32f4xx_hal.o
 .debug_rnglists
                0x00000194       0xb5 ./Drivers/STM32F4xx_HAL_Driver/stm32f4xx_hal_adc.o
 .debug_rnglists
                0x00000249       0xd4 ./Drivers/STM32F4xx_HAL_Driver/stm32f4xx_hal_cortex.o
 .debug_rnglists
                0x0000031d       0x3f ./Drivers/STM32F4xx_HAL_Driver/stm32f4xx_hal_gpio.o
 .debug_rnglists
                0x0000035c       0x66 ./Drivers/STM32F4xx_HAL_Driver/stm32f4xx_hal_rcc.o

.debug_macro    0x00000000    0x2064e
 .debug_macro   0x00000000      0x1f1 ./Application/User/Core/adc.o
 .debug_macro   0x000001f1      0xab4 ./Application/User/Core/adc.o
 .debug_macro   0x00000ca5      0x295 ./Application/User/Core/adc.o
 .debug_macro   0x00000f3a       0x2e ./Application/User/Core/adc.o
 .debug_macro   0x00000f68       0x2f ./Application/User/Core/adc.o
 .debug_macro   0x00000f97       0x22 ./Application/User/Core/adc.o
 .debug_macro   0x00000fb9       0x8e ./Application/User/Core/adc.o
 .debug_macro   0x00001047       0x51 ./Application/User/Core/adc.o
 .debug_macro   0x00001098      0x103 ./Application/User/Core/adc.o
 .debug_macro   0x0000119b       0x6a ./Application/User/Core/adc.o
 .debug_macro   0x00001205      0x1df ./Application/User/Core/adc.o
 .debug_macro   0x000013e4       0x1c ./Application/User/Core/adc.o
 .debug_macro   0x00001400       0x22 ./Application/User/Core/adc.o
 .debug_macro   0x00001422       0xfb ./Application/User/Core/adc.o
 .debug_macro   0x0000151d     0x1011 ./Application/User/Core/adc.o
 .debug_macro   0x0000252e      0x11f ./Application/User/Core/adc.o
 .debug_macro   0x0000264d    0x15e97 ./Application/User/Core/adc.o
 .debug_macro   0x000184e4       0x6d ./Application/User/Core/adc.o
 .debug_macro   0x00018551     0x368c ./Application/User/Core/adc.o
 .debug_macro   0x0001bbdd      0x189 ./Application/User/Core/adc.o
 .debug_macro   0x0001bd66       0x5c ./Application/User/Core/adc.o
 .debug_macro   0x0001bdc2      0x980 ./Application/User/Core/adc.o
 .debug_macro   0x0001c742      0x9e9 ./Application/User/Core/adc.o
 .debug_macro   0x0001d12b      0x115 ./Application/User/Core/adc.o
 .debug_macro   0x0001d240      0x13e ./Application/User/Core/adc.o
 .debug_macro   0x0001d37e       0xa5 ./Application/User/Core/adc.o
 .debug_macro   0x0001d423      0x174 ./Application/User/Core/adc.o
 .debug_macro   0x0001d597      0x287 ./Application/User/Core/adc.o
 .debug_macro   0x0001d81e       0x5f ./Application/User/Core/adc.o
 .debug_macro   0x0001d87d      0x236 ./Application/User/Core/adc.o
 .debug_macro   0x0001dab3      0xb5b ./Application/User/Core/adc.o
 .debug_macro   0x0001e60e      0x38b ./Application/User/Core/adc.o
 .debug_macro   0x0001e999      0x176 ./Application/User/Core/adc.o
 .debug_macro   0x0001eb0f       0xf9 ./Application/User/Core/adc.o
 .debug_macro   0x0001ec08      0x12c ./Application/User/Core/adc.o
 .debug_macro   0x0001ed34      0x21e ./Application/User/Core/adc.o
 .debug_macro   0x0001ef52       0x2e ./Application/User/Core/adc.o
 .debug_macro   0x0001ef80      0x127 ./Application/User/Core/adc.o
 .debug_macro   0x0001f0a7       0x7e ./Application/User/Core/adc.o
 .debug_macro   0x0001f125       0x89 ./Application/User/Core/adc.o
 .debug_macro   0x0001f1ae      0x12d ./Application/User/Core/adc.o
 .debug_macro   0x0001f2db       0x10 ./Application/User/Core/adc.o
 .debug_macro   0x0001f2eb      0x1f1 ./Application/User/Core/gpio.o
 .debug_macro   0x0001f4dc      0x1ff ./Application/User/Core/main.o
 .debug_macro   0x0001f6db      0x1e7 ./Application/User/Core/stm32f4xx_hal_msp.o
 .debug_macro   0x0001f8c2      0x1f1 ./Application/User/Core/stm32f4xx_it.o
 .debug_macro   0x0001fab3      0x1d8 ./Drivers/CMSIS/system_stm32f4xx.o
 .debug_macro   0x0001fc8b      0x238 ./Drivers/STM32F4xx_HAL_Driver/stm32f4xx_hal.o
 .debug_macro   0x0001fec3      0x1d9 ./Drivers/STM32F4xx_HAL_Driver/stm32f4xx_hal_adc.o
 .debug_macro   0x0002009c      0x1d8 ./Drivers/STM32F4xx_HAL_Driver/stm32f4xx_hal_cortex.o
 .debug_macro   0x00020274      0x1de ./Drivers/STM32F4xx_HAL_Driver/stm32f4xx_hal_gpio.o
 .debug_macro   0x00020452      0x1fc ./Drivers/STM32F4xx_HAL_Driver/stm32f4xx_hal_rcc.o

.debug_line     0x00000000     0x75c3
 .debug_line    0x00000000      0x81a ./Application/User/Core/adc.o
 .debug_line    0x0000081a      0x7a5 ./Application/User/Core/gpio.o
 .debug_line    0x00000fbf      0x87c ./Application/User/Core/main.o
 .debug_line    0x0000183b      0x79b ./Application/User/Core/stm32f4xx_hal_msp.o
 .debug_line    0x00001fd6      0x85d ./Application/User/Core/stm32f4xx_it.o
 .debug_line    0x00002833       0x7a ./Application/User/Startup/startup_stm32f407vgtx.o
 .debug_line    0x000028ad      0x81f ./Drivers/CMSIS/system_stm32f4xx.o
 .debug_line    0x000030cc      0xa88 ./Drivers/STM32F4xx_HAL_Driver/stm32f4xx_hal.o
 .debug_line    0x00003b54     0x1310 ./Drivers/STM32F4xx_HAL_Driver/stm32f4xx_hal_adc.o
 .debug_line    0x00004e64      0xd50 ./Drivers/STM32F4xx_HAL_Driver/stm32f4xx_hal_cortex.o
 .debug_line    0x00005bb4      0xc14 ./Drivers/STM32F4xx_HAL_Driver/stm32f4xx_hal_gpio.o
 .debug_line    0x000067c8      0xdfb ./Drivers/STM32F4xx_HAL_Driver/stm32f4xx_hal_rcc.o

.debug_str      0x00000000    0xc9259
 .debug_str     0x00000000    0xc770c ./Application/User/Core/adc.o
                              0xc79e9 (size before relaxing)
 .debug_str     0x000c770c       0x6b ./Application/User/Core/gpio.o
                              0xc753b (size before relaxing)
 .debug_str     0x000c7777      0x240 ./Application/User/Core/main.o
                              0xc7ae6 (size before relaxing)
 .debug_str     0x000c79b7       0x88 ./Application/User/Core/stm32f4xx_hal_msp.o
                              0xc74c9 (size before relaxing)
 .debug_str     0x000c7a3f      0x108 ./Application/User/Core/stm32f4xx_it.o
                              0xc7432 (size before relaxing)
 .debug_str     0x000c7b47       0x50 ./Application/User/Startup/startup_stm32f407vgtx.o
                                 0xa5 (size before relaxing)
 .debug_str     0x000c7b97      0x11a ./Drivers/CMSIS/system_stm32f4xx.o
                              0xc7520 (size before relaxing)
 .debug_str     0x000c7cb1      0xb1f ./Drivers/STM32F4xx_HAL_Driver/stm32f4xx_hal.o
                              0xc80a4 (size before relaxing)
 .debug_str     0x000c87d0      0x2dd ./Drivers/STM32F4xx_HAL_Driver/stm32f4xx_hal_adc.o
                              0xc7b0d (size before relaxing)
 .debug_str     0x000c8aad      0x39e ./Drivers/STM32F4xx_HAL_Driver/stm32f4xx_hal_cortex.o
                              0xc7dee (size before relaxing)
 .debug_str     0x000c8e4b      0x19c ./Drivers/STM32F4xx_HAL_Driver/stm32f4xx_hal_gpio.o
                              0xc769b (size before relaxing)
 .debug_str     0x000c8fe7      0x272 ./Drivers/STM32F4xx_HAL_Driver/stm32f4xx_hal_rcc.o
                              0xc7954 (size before relaxing)

.comment        0x00000000       0x43
 .comment       0x00000000       0x43 ./Application/User/Core/adc.o
                                 0x44 (size before relaxing)
 .comment       0x00000043       0x44 ./Application/User/Core/gpio.o
 .comment       0x00000043       0x44 ./Application/User/Core/main.o
 .comment       0x00000043       0x44 ./Application/User/Core/stm32f4xx_hal_msp.o
 .comment       0x00000043       0x44 ./Application/User/Core/stm32f4xx_it.o
 .comment       0x00000043       0x44 ./Drivers/CMSIS/system_stm32f4xx.o
 .comment       0x00000043       0x44 ./Drivers/STM32F4xx_HAL_Driver/stm32f4xx_hal.o
 .comment       0x00000043       0x44 ./Drivers/STM32F4xx_HAL_Driver/stm32f4xx_hal_adc.o
 .comment       0x00000043       0x44 ./Drivers/STM32F4xx_HAL_Driver/stm32f4xx_hal_cortex.o
 .comment       0x00000043       0x44 ./Drivers/STM32F4xx_HAL_Driver/stm32f4xx_hal_gpio.o
 .comment       0x00000043       0x44 ./Drivers/STM32F4xx_HAL_Driver/stm32f4xx_hal_rcc.o

.debug_frame    0x00000000     0x14bc
 .debug_frame   0x00000000       0x7c ./Application/User/Core/adc.o
 .debug_frame   0x0000007c       0x34 ./Application/User/Core/gpio.o
 .debug_frame   0x000000b0       0x84 ./Application/User/Core/main.o
 .debug_frame   0x00000134       0x34 ./Application/User/Core/stm32f4xx_hal_msp.o
 .debug_frame   0x00000168      0x104 ./Application/User/Core/stm32f4xx_it.o
 .debug_frame   0x0000026c       0x58 ./Drivers/CMSIS/system_stm32f4xx.o
 .debug_frame   0x000002c4      0x374 ./Drivers/STM32F4xx_HAL_Driver/stm32f4xx_hal.o
 .debug_frame   0x00000638      0x3fc ./Drivers/STM32F4xx_HAL_Driver/stm32f4xx_hal_adc.o
 .debug_frame   0x00000a34      0x4b8 ./Drivers/STM32F4xx_HAL_Driver/stm32f4xx_hal_cortex.o
 .debug_frame   0x00000eec      0x14c ./Drivers/STM32F4xx_HAL_Driver/stm32f4xx_hal_gpio.o
 .debug_frame   0x00001038      0x1f4 ./Drivers/STM32F4xx_HAL_Driver/stm32f4xx_hal_rcc.o
 .debug_frame   0x0000122c       0x20 C:/ST/STM32CubeIDE_1.15.0/STM32CubeIDE/plugins/com.st.stm32cube.ide.mcu.externaltools.gnu-tools-for-stm32.12.3.rel1.win32_1.0.100.202403111256/tools/bin/../lib/gcc/arm-none-eabi/12.3.1/../../../../arm-none-eabi/lib/thumb/v7e-m+fp/hard\libc_nano.a(libc_a-memset.o)
 .debug_frame   0x0000124c       0x2c C:/ST/STM32CubeIDE_1.15.0/STM32CubeIDE/plugins/com.st.stm32cube.ide.mcu.externaltools.gnu-tools-for-stm32.12.3.rel1.win32_1.0.100.202403111256/tools/bin/../lib/gcc/arm-none-eabi/12.3.1/../../../../arm-none-eabi/lib/thumb/v7e-m+fp/hard\libc_nano.a(libc_a-init.o)
 .debug_frame   0x00001278       0xac C:/ST/STM32CubeIDE_1.15.0/STM32CubeIDE/plugins/com.st.stm32cube.ide.mcu.externaltools.gnu-tools-for-stm32.12.3.rel1.win32_1.0.100.202403111256/tools/bin/../lib/gcc/arm-none-eabi/12.3.1/thumb/v7e-m+fp/hard\libgcc.a(_arm_addsubdf3.o)
 .debug_frame   0x00001324       0x50 C:/ST/STM32CubeIDE_1.15.0/STM32CubeIDE/plugins/com.st.stm32cube.ide.mcu.externaltools.gnu-tools-for-stm32.12.3.rel1.win32_1.0.100.202403111256/tools/bin/../lib/gcc/arm-none-eabi/12.3.1/thumb/v7e-m+fp/hard\libgcc.a(_arm_muldivdf3.o)
 .debug_frame   0x00001374       0xc4 C:/ST/STM32CubeIDE_1.15.0/STM32CubeIDE/plugins/com.st.stm32cube.ide.mcu.externaltools.gnu-tools-for-stm32.12.3.rel1.win32_1.0.100.202403111256/tools/bin/../lib/gcc/arm-none-eabi/12.3.1/thumb/v7e-m+fp/hard\libgcc.a(_arm_cmpdf2.o)
 .debug_frame   0x00001438       0x24 C:/ST/STM32CubeIDE_1.15.0/STM32CubeIDE/plugins/com.st.stm32cube.ide.mcu.externaltools.gnu-tools-for-stm32.12.3.rel1.win32_1.0.100.202403111256/tools/bin/../lib/gcc/arm-none-eabi/12.3.1/thumb/v7e-m+fp/hard\libgcc.a(_arm_truncdfsf2.o)
 .debug_frame   0x0000145c       0x2c C:/ST/STM32CubeIDE_1.15.0/STM32CubeIDE/plugins/com.st.stm32cube.ide.mcu.externaltools.gnu-tools-for-stm32.12.3.rel1.win32_1.0.100.202403111256/tools/bin/../lib/gcc/arm-none-eabi/12.3.1/thumb/v7e-m+fp/hard\libgcc.a(_aeabi_uldivmod.o)
 .debug_frame   0x00001488       0x34 C:/ST/STM32CubeIDE_1.15.0/STM32CubeIDE/plugins/com.st.stm32cube.ide.mcu.externaltools.gnu-tools-for-stm32.12.3.rel1.win32_1.0.100.202403111256/tools/bin/../lib/gcc/arm-none-eabi/12.3.1/thumb/v7e-m+fp/hard\libgcc.a(_udivmoddi4.o)

.debug_line_str
                0x00000000       0x89
 .debug_line_str
                0x00000000       0x89 ./Application/User/Startup/startup_stm32f407vgtx.o
