Archive member included to satisfy reference by file (symbol)

C:/ST/STM32CubeIDE_1.15.0/STM32CubeIDE/plugins/com.st.stm32cube.ide.mcu.externaltools.gnu-tools-for-stm32.12.3.rel1.win32_1.0.100.202403111256/tools/bin/../lib/gcc/arm-none-eabi/12.3.1/../../../../arm-none-eabi/lib/thumb/v7e-m+fp/hard\libc_nano.a(libc_a-exit.o)
                              C:/ST/STM32CubeIDE_1.15.0/STM32CubeIDE/plugins/com.st.stm32cube.ide.mcu.externaltools.gnu-tools-for-stm32.12.3.rel1.win32_1.0.100.202403111256/tools/bin/../lib/gcc/arm-none-eabi/12.3.1/../../../../arm-none-eabi/lib/thumb/v7e-m+fp/hard/crt0.o (exit)
C:/ST/STM32CubeIDE_1.15.0/STM32CubeIDE/plugins/com.st.stm32cube.ide.mcu.externaltools.gnu-tools-for-stm32.12.3.rel1.win32_1.0.100.202403111256/tools/bin/../lib/gcc/arm-none-eabi/12.3.1/../../../../arm-none-eabi/lib/thumb/v7e-m+fp/hard\libc_nano.a(libc_a-strtod.o)
                              ./Application/User/Core/main.o (strtof)
C:/ST/STM32CubeIDE_1.15.0/STM32CubeIDE/plugins/com.st.stm32cube.ide.mcu.externaltools.gnu-tools-for-stm32.12.3.rel1.win32_1.0.100.202403111256/tools/bin/../lib/gcc/arm-none-eabi/12.3.1/../../../../arm-none-eabi/lib/thumb/v7e-m+fp/hard\libc_nano.a(libc_a-strtol.o)
                              ./Application/User/Core/main.o (strtol)
C:/ST/STM32CubeIDE_1.15.0/STM32CubeIDE/plugins/com.st.stm32cube.ide.mcu.externaltools.gnu-tools-for-stm32.12.3.rel1.win32_1.0.100.202403111256/tools/bin/../lib/gcc/arm-none-eabi/12.3.1/../../../../arm-none-eabi/lib/thumb/v7e-m+fp/hard\libc_nano.a(libc_a-ctype_.o)
                              C:/ST/STM32CubeIDE_1.15.0/STM32CubeIDE/plugins/com.st.stm32cube.ide.mcu.externaltools.gnu-tools-for-stm32.12.3.rel1.win32_1.0.100.202403111256/tools/bin/../lib/gcc/arm-none-eabi/12.3.1/../../../../arm-none-eabi/lib/thumb/v7e-m+fp/hard\libc_nano.a(libc_a-strtol.o) (_ctype_)
C:/ST/STM32CubeIDE_1.15.0/STM32CubeIDE/plugins/com.st.stm32cube.ide.mcu.externaltools.gnu-tools-for-stm32.12.3.rel1.win32_1.0.100.202403111256/tools/bin/../lib/gcc/arm-none-eabi/12.3.1/../../../../arm-none-eabi/lib/thumb/v7e-m+fp/hard\libc_nano.a(libc_a-findfp.o)
                              C:/ST/STM32CubeIDE_1.15.0/STM32CubeIDE/plugins/com.st.stm32cube.ide.mcu.externaltools.gnu-tools-for-stm32.12.3.rel1.win32_1.0.100.202403111256/tools/bin/../lib/gcc/arm-none-eabi/12.3.1/../../../../arm-none-eabi/lib/thumb/v7e-m+fp/hard\libc_nano.a(libc_a-exit.o) (__stdio_exit_handler)
C:/ST/STM32CubeIDE_1.15.0/STM32CubeIDE/plugins/com.st.stm32cube.ide.mcu.externaltools.gnu-tools-for-stm32.12.3.rel1.win32_1.0.100.202403111256/tools/bin/../lib/gcc/arm-none-eabi/12.3.1/../../../../arm-none-eabi/lib/thumb/v7e-m+fp/hard\libc_nano.a(libc_a-fwalk.o)
                              C:/ST/STM32CubeIDE_1.15.0/STM32CubeIDE/plugins/com.st.stm32cube.ide.mcu.externaltools.gnu-tools-for-stm32.12.3.rel1.win32_1.0.100.202403111256/tools/bin/../lib/gcc/arm-none-eabi/12.3.1/../../../../arm-none-eabi/lib/thumb/v7e-m+fp/hard\libc_nano.a(libc_a-findfp.o) (_fwalk_sglue)
C:/ST/STM32CubeIDE_1.15.0/STM32CubeIDE/plugins/com.st.stm32cube.ide.mcu.externaltools.gnu-tools-for-stm32.12.3.rel1.win32_1.0.100.202403111256/tools/bin/../lib/gcc/arm-none-eabi/12.3.1/../../../../arm-none-eabi/lib/thumb/v7e-m+fp/hard\libc_nano.a(libc_a-printf.o)
                              ./Application/User/Core/main.o (printf)
C:/ST/STM32CubeIDE_1.15.0/STM32CubeIDE/plugins/com.st.stm32cube.ide.mcu.externaltools.gnu-tools-for-stm32.12.3.rel1.win32_1.0.100.202403111256/tools/bin/../lib/gcc/arm-none-eabi/12.3.1/../../../../arm-none-eabi/lib/thumb/v7e-m+fp/hard\libc_nano.a(libc_a-stdio.o)
                              C:/ST/STM32CubeIDE_1.15.0/STM32CubeIDE/plugins/com.st.stm32cube.ide.mcu.externaltools.gnu-tools-for-stm32.12.3.rel1.win32_1.0.100.202403111256/tools/bin/../lib/gcc/arm-none-eabi/12.3.1/../../../../arm-none-eabi/lib/thumb/v7e-m+fp/hard\libc_nano.a(libc_a-findfp.o) (__sread)
C:/ST/STM32CubeIDE_1.15.0/STM32CubeIDE/plugins/com.st.stm32cube.ide.mcu.externaltools.gnu-tools-for-stm32.12.3.rel1.win32_1.0.100.202403111256/tools/bin/../lib/gcc/arm-none-eabi/12.3.1/../../../../arm-none-eabi/lib/thumb/v7e-m+fp/hard\libc_nano.a(libc_a-memset.o)
                              C:/ST/STM32CubeIDE_1.15.0/STM32CubeIDE/plugins/com.st.stm32cube.ide.mcu.externaltools.gnu-tools-for-stm32.12.3.rel1.win32_1.0.100.202403111256/tools/bin/../lib/gcc/arm-none-eabi/12.3.1/../../../../arm-none-eabi/lib/thumb/v7e-m+fp/hard/crt0.o (memset)
C:/ST/STM32CubeIDE_1.15.0/STM32CubeIDE/plugins/com.st.stm32cube.ide.mcu.externaltools.gnu-tools-for-stm32.12.3.rel1.win32_1.0.100.202403111256/tools/bin/../lib/gcc/arm-none-eabi/12.3.1/../../../../arm-none-eabi/lib/thumb/v7e-m+fp/hard\libc_nano.a(libc_a-strncmp.o)
[...]
Memory Configuration

Name             Origin             Length             Attributes
CCMRAM           0x10000000         0x00010000         xrw
RAM              0x20000000         0x00020000         xrw
FLASH            0x08000000         0x00100000         xr
*default*        0x00000000         0xffffffff

Linker script and memory map

LOAD C:/ST/STM32CubeIDE_1.15.0/STM32CubeIDE/plugins/com.st.stm32cube.ide.mcu.externaltools.gnu-tools-for-stm32.12.3.rel1.win32_1.0.100.202403111256/tools/bin/../lib/gcc/arm-none-eabi/12.3.1/thumb/v7e-m+fp/hard/crti.o
LOAD C:/ST/STM32CubeIDE_1.15.0/STM32CubeIDE/plugins/com.st.stm32cube.ide.mcu.externaltools.gnu-tools-for-stm32.12.3.rel1.win32_1.0.100.202403111256/tools/bin/../lib/gcc/arm-none-eabi/12.3.1/thumb/v7e-m+fp/hard/crtbegin.o
LOAD C:/ST/STM32CubeIDE_1.15.0/STM32CubeIDE/plugins/com.st.stm32cube.ide.mcu.externaltools.gnu-tools-for-stm32.12.3.rel1.win32_1.0.100.202403111256/tools/bin/../lib/gcc/arm-none-eabi/12.3.1/../../../../arm-none-eabi/lib/thumb/v7e-m+fp/hard/crt0.o
LOAD ./Application/User/Core/adc.o
LOAD ./Application/User/Core/can.o
LOAD ./Application/User/Core/dma.o
LOAD ./Application/User/Core/gpio.o
LOAD ./Application/User/Core/main.o
LOAD ./Application/User/Core/stm32f4xx_hal_msp.o
LOAD ./Application/User/Core/stm32f4xx_it.o
LOAD ./Application/User/Core/syscalls.o
LOAD ./Application/User/Core/sysmem.o
LOAD ./Application/User/Core/tim.o
LOAD ./Application/User/Core/usart.o
LOAD ./Application/User/Startup/startup_stm32f407vgtx.o
LOAD ./Application/User/USB_DEVICE/App/usb_device.o
LOAD ./Application/User/USB_DEVICE/App/usbd_cdc_if.o
LOAD ./Application/User/USB_DEVICE/App/usbd_desc.o
LOAD ./Application/User/USB_DEVICE/Target/usbd_conf.o
LOAD ./Drivers/CMSIS/system_stm32f4xx.o
LOAD ./Drivers/STM32F4xx_HAL_Driver/stm32f4xx_hal.o
LOAD ./Drivers/STM32F4xx_HAL_Driver/stm32f4xx_hal_adc.o
LOAD ./Drivers/STM32F4xx_HAL_Driver/stm32f4xx_hal_adc_ex.o
LOAD ./Drivers/STM32F4xx_HAL_Driver/stm32f4xx_hal_can.o
LOAD ./Drivers/STM32F4xx_HAL_Driver/stm32f4xx_hal_cortex.o
LOAD ./Drivers/STM32F4xx_HAL_Driver/stm32f4xx_hal_dma.o
LOAD ./Drivers/STM32F4xx_HAL_Driver/stm32f4xx_hal_dma_ex.o
LOAD ./Drivers/STM32F4xx_HAL_Driver/stm32f4xx_hal_exti.o
LOAD ./Drivers/STM32F4xx_HAL_Driver/stm32f4xx_hal_flash.o
LOAD ./Drivers/STM32F4xx_HAL_Driver/stm32f4xx_hal_flash_ex.o
LOAD ./Drivers/STM32F4xx_HAL_Driver/stm32f4xx_hal_flash_ramfunc.o
LOAD ./Drivers/STM32F4xx_HAL_Driver/stm32f4xx_hal_gpio.o
LOAD ./Drivers/STM32F4xx_HAL_Driver/stm32f4xx_hal_pcd.o
LOAD ./Drivers/STM32F4xx_HAL_Driver/stm32f4xx_hal_pcd_ex.o
LOAD ./Drivers/STM32F4xx_HAL_Driver/stm32f4xx_hal_pwr.o
LOAD ./Drivers/STM32F4xx_HAL_Driver/stm32f4xx_hal_pwr_ex.o
LOAD ./Drivers/STM32F4xx_HAL_Driver/stm32f4xx_hal_rcc.o
LOAD ./Drivers/STM32F4xx_HAL_Driver/stm32f4xx_hal_rcc_ex.o
LOAD ./Drivers/STM32F4xx_HAL_Driver/stm32f4xx_hal_tim.o
LOAD ./Drivers/STM32F4xx_HAL_Driver/stm32f4xx_hal_tim_ex.o
LOAD ./Drivers/STM32F4xx_HAL_Driver/stm32f4xx_hal_uart.o
LOAD ./Drivers/STM32F4xx_HAL_Driver/stm32f4xx_ll_adc.o
LOAD ./Drivers/STM32F4xx_HAL_Driver/stm32f4xx_ll_usb.o
LOAD ./Drivers/rom_drivers/Src/ROM_LSDB4830_CAFC.o
LOAD ./Middlewares/USB_Device_Library/usbd_cdc.o
LOAD ./Middlewares/USB_Device_Library/usbd_core.o
LOAD ./Middlewares/USB_Device_Library/usbd_ctlreq.o
LOAD ./Middlewares/USB_Device_Library/usbd_ioreq.o
START GROUP
LOAD C:/ST/STM32CubeIDE_1.15.0/STM32CubeIDE/plugins/com.st.stm32cube.ide.mcu.externaltools.gnu-tools-for-stm32.12.3.rel1.win32_1.0.100.202403111256/tools/bin/../lib/gcc/arm-none-eabi/12.3.1/../../../../arm-none-eabi/lib/thumb/v7e-m+fp/hard\libc_nano.a
LOAD C:/ST/STM32CubeIDE_1.15.0/STM32CubeIDE/plugins/com.st.stm32cube.ide.mcu.externaltools.gnu-tools-for-stm32.12.3.rel1.win32_1.0.100.202403111256/tools/bin/../lib/gcc/arm-none-eabi/12.3.1/../../../../arm-none-eabi/lib/thumb/v7e-m+fp/hard\libm.a
END GROUP
START GROUP
LOAD C:/ST/STM32CubeIDE_1.15.0/STM32CubeIDE/plugins/com.st.stm32cube.ide.mcu.externaltools.gnu-tools-for-stm32.12.3.rel1.win32_1.0.100.202403111256/tools/bin/../lib/gcc/arm-none-eabi/12.3.1/thumb/v7e-m+fp/hard\libgcc.a
LOAD C:/ST/STM32CubeIDE_1.15.0/STM32CubeIDE/plugins/com.st.stm32cube.ide.mcu.externaltools.gnu-tools-for-stm32.12.3.rel1.win32_1.0.100.202403111256/tools/bin/../lib/gcc/arm-none-eabi/12.3.1/../../../../arm-none-eabi/lib/thumb/v7e-m+fp/hard\libc_nano.a
END GROUP
START GROUP
LOAD C:/ST/STM32CubeIDE_1.15.0/STM32CubeIDE/plugins/com.st.stm32cube.ide.mcu.externaltools.gnu-tools-for-stm32.12.3.rel1.win32_1.0.100.202403111256/tools/bin/../lib/gcc/arm-none-eabi/12.3.1/thumb/v7e-m+fp/hard\libgcc.a
LOAD C:/ST/STM32CubeIDE_1.15.0/STM32CubeIDE/plugins/com.st.stm32cube.ide.mcu.externaltools.gnu-tools-for-stm32.12.3.rel1.win32_1.0.100.202403111256/tools/bin/../lib/gcc/arm-none-eabi/12.3.1/../../../../arm-none-eabi/lib/thumb/v7e-m+fp/hard\libc_nano.a
LOAD C:/ST/STM32CubeIDE_1.15.0/STM32CubeIDE/plugins/com.st.stm32cube.ide.mcu.externaltools.gnu-tools-for-stm32.12.3.rel1.win32_1.0.100.202403111256/tools/bin/../lib/gcc/arm-none-eabi/12.3.1/../../../../arm-none-eabi/lib/thumb/v7e-m+fp/hard\libnosys.a
END GROUP
START GROUP
LOAD C:/ST/STM32CubeIDE_1.15.0/STM32CubeIDE/plugins/com.st.stm32cube.ide.mcu.externaltools.gnu-tools-for-stm32.12.3.rel1.win32_1.0.100.202403111256/tools/bin/../lib/gcc/arm-none-eabi/12.3.1/thumb/v7e-m+fp/hard\libgcc.a
LOAD C:/ST/STM32CubeIDE_1.15.0/STM32CubeIDE/plugins/com.st.stm32cube.ide.mcu.externaltools.gnu-tools-for-stm32.12.3.rel1.win32_1.0.100.202403111256/tools/bin/../lib/gcc/arm-none-eabi/12.3.1/../../../../arm-none-eabi/lib/thumb/v7e-m+fp/hard\libc_nano.a
LOAD C:/ST/STM32CubeIDE_1.15.0/STM32CubeIDE/plugins/com.st.stm32cube.ide.mcu.externaltools.gnu-tools-for-stm32.12.3.rel1.win32_1.0.100.202403111256/tools/bin/../lib/gcc/arm-none-eabi/12.3.1/../../../../arm-none-eabi/lib/thumb/v7e-m+fp/hard\libnosys.a
END GROUP
LOAD C:/ST/STM32CubeIDE_1.15.0/STM32CubeIDE/plugins/com.st.stm32cube.ide.mcu.externaltools.gnu-tools-for-stm32.12.3.rel1.win32_1.0.100.202403111256/tools/bin/../lib/gcc/arm-none-eabi/12.3.1/thumb/v7e-m+fp/hard/crtend.o
LOAD C:/ST/STM32CubeIDE_1.15.0/STM32CubeIDE/plugins/com.st.stm32cube.ide.mcu.externaltools.gnu-tools-for-stm32.12.3.rel1.win32_1.0.100.202403111256/tools/bin/../lib/gcc/arm-none-eabi/12.3.1/thumb/v7e-m+fp/hard/crtn.o
                0x20020000                        _estack = (ORIGIN (RAM) + LENGTH (RAM))
                0x00000200                        _Min_Heap_Size = 0x200
                0x00000400                        _Min_Stack_Size = 0x400

.isr_vector     0x08000000      0x188
                0x08000000                        . = ALIGN (0x4)
 *(.isr_vector)
 .isr_vector    0x08000000      0x188 ./Application/User/Startup/startup_stm32f407vgtx.o
                0x08000000                g_pfnVectors
                0x08000188                        . = ALIGN (0x4)

.text           0x08000190     0xe898
                0x08000190                        . = ALIGN (0x4)
 *(.text)
 .text          0x08000190       0x40 C:/ST/STM32CubeIDE_1.15.0/STM32CubeIDE/plugins/com.st.stm32cube.ide.mcu.externaltools.gnu-tools-for-stm32.12.3.rel1.win32_1.0.100.202403111256/tools/bin/../lib/gcc/arm-none-eabi/12.3.1/thumb/v7e-m+fp/hard/crtbegin.o
 .text          0x080001d0       0xa0 C:/ST/STM32CubeIDE_1.15.0/STM32CubeIDE/plugins/com.st.stm32cube.ide.mcu.externaltools.gnu-tools-for-stm32.12.3.rel1.win32_1.0.100.202403111256/tools/bin/../lib/gcc/arm-none-eabi/12.3.1/../../../../arm-none-eabi/lib/thumb/v7e-m+fp/hard\libc_nano.a(libc_a-memchr.o)
                0x080001d0                memchr
 .text          0x08000270      0x378 C:/ST/STM32CubeIDE_1.15.0/STM32CubeIDE/plugins/com.st.stm32cube.ide.mcu.externaltools.gnu-tools-for-stm32.12.3.rel1.win32_1.0.100.202403111256/tools/bin/../lib/gcc/arm-none-eabi/12.3.1/thumb/v7e-m+fp/hard\libgcc.a(_arm_addsubdf3.o)
                0x08000270                __aeabi_drsub
                0x08000278                __aeabi_dsub
                0x08000278                __subdf3
                0x0800027c                __aeabi_dadd
                0x0800027c                __adddf3
                0x080004f4                __floatunsidf
                0x080004f4                __aeabi_ui2d
                0x08000514                __floatsidf
                0x08000514                __aeabi_i2d
                0x08000538                __aeabi_f2d
                0x08000538                __extendsfdf2
                0x0800057c                __floatundidf
                0x0800057c                __aeabi_ul2d
                0x0800058c                __floatdidf
                0x0800058c                __aeabi_l2d
 .text          0x080005e8      0x424 C:/ST/STM32CubeIDE_1.15.0/STM32CubeIDE/plugins/com.st.stm32cube.ide.mcu.externaltools.gnu-tools-for-stm32.12.3.rel1.win32_1.0.100.202403111256/tools/bin/../lib/gcc/arm-none-eabi/12.3.1/thumb/v7e-m+fp/hard\libgcc.a(_arm_muldivdf3.o)
                0x080005e8                __aeabi_dmul
                0x080005e8                __muldf3
                0x0800083c                __divdf3
                0x0800083c                __aeabi_ddiv
 .text          0x08000a0c      0x110 C:/ST/STM32CubeIDE_1.15.0/STM32CubeIDE/plugins/com.st.stm32cube.ide.mcu.externaltools.gnu-tools-for-stm32.12.3.rel1.win32_1.0.100.202403111256/tools/bin/../lib/gcc/arm-none-eabi/12.3.1/thumb/v7e-m+fp/hard\libgcc.a(_arm_cmpdf2.o)
                0x08000a0c                __gtdf2
                0x08000a0c                __gedf2
                0x08000a14                __ltdf2
                0x08000a14                __ledf2
                0x08000a1c                __nedf2
                0x08000a1c                __eqdf2
                0x08000a1c                __cmpdf2
                0x08000a98                __aeabi_cdrcmple
                0x08000aa8                __aeabi_cdcmpeq
                0x08000aa8                __aeabi_cdcmple
                0x08000ab8                __aeabi_dcmpeq
                0x08000acc                __aeabi_dcmplt
                0x08000ae0                __aeabi_dcmple
                0x08000af4                __aeabi_dcmpge
                0x08000b08                __aeabi_dcmpgt
 .text          0x08000b1c       0x2c C:/ST/STM32CubeIDE_1.15.0/STM32CubeIDE/plugins/com.st.stm32cube.ide.mcu.externaltools.gnu-tools-for-stm32.12.3.rel1.win32_1.0.100.202403111256/tools/bin/../lib/gcc/arm-none-eabi/12.3.1/thumb/v7e-m+fp/hard\libgcc.a(_arm_unorddf2.o)
                0x08000b1c                __unorddf2
                0x08000b1c                __aeabi_dcmpun
 .text          0x08000b48       0x40 C:/ST/STM32CubeIDE_1.15.0/STM32CubeIDE/plugins/com.st.stm32cube.ide.mcu.externaltools.gnu-tools-for-stm32.12.3.rel1.win32_1.0.100.202403111256/tools/bin/../lib/gcc/arm-none-eabi/12.3.1/thumb/v7e-m+fp/hard\libgcc.a(_arm_fixunsdfsi.o)
                0x08000b48                __aeabi_d2uiz
                0x08000b48                __fixunsdfsi
 .text          0x08000b88       0xa0 C:/ST/STM32CubeIDE_1.15.0/STM32CubeIDE/plugins/com.st.stm32cube.ide.mcu.externaltools.gnu-tools-for-stm32.12.3.rel1.win32_1.0.100.202403111256/tools/bin/../lib/gcc/arm-none-eabi/12.3.1/thumb/v7e-m+fp/hard\libgcc.a(_arm_truncdfsf2.o)
                0x08000b88                __truncdfsf2
                0x08000b88                __aeabi_d2f
 .text          0x08000c28       0x30 C:/ST/STM32CubeIDE_1.15.0/STM32CubeIDE/plugins/com.st.stm32cube.ide.mcu.externaltools.gnu-tools-for-stm32.12.3.rel1.win32_1.0.100.202403111256/tools/bin/../lib/gcc/arm-none-eabi/12.3.1/thumb/v7e-m+fp/hard\libgcc.a(_aeabi_uldivmod.o)
                0x08000c28                __aeabi_uldivmod
 .text          0x08000c58       0x30 C:/ST/STM32CubeIDE_1.15.0/STM32CubeIDE/plugins/com.st.stm32cube.ide.mcu.externaltools.gnu-tools-for-stm32.12.3.rel1.win32_1.0.100.202403111256/tools/bin/../lib/gcc/arm-none-eabi/12.3.1/thumb/v7e-m+fp/hard\libgcc.a(_fixdfdi.o)
                0x08000c58                __fixdfdi
                0x08000c58                __aeabi_d2lz
 .text          0x08000c88       0x3c C:/ST/STM32CubeIDE_1.15.0/STM32CubeIDE/plugins/com.st.stm32cube.ide.mcu.externaltools.gnu-tools-for-stm32.12.3.rel1.win32_1.0.100.202403111256/tools/bin/../lib/gcc/arm-none-eabi/12.3.1/thumb/v7e-m+fp/hard\libgcc.a(_fixunsdfdi.o)
                0x08000c88                __fixunsdfdi
                0x08000c88                __aeabi_d2ulz
 .text          0x08000cc4      0x2bc C:/ST/STM32CubeIDE_1.15.0/STM32CubeIDE/plugins/com.st.stm32cube.ide.mcu.externaltools.gnu-tools-for-stm32.12.3.rel1.win32_1.0.100.202403111256/tools/bin/../lib/gcc/arm-none-eabi/12.3.1/thumb/v7e-m+fp/hard\libgcc.a(_udivmoddi4.o)
                0x08000cc4                __udivmoddi4
 .text          0x08000f80        0x4 C:/ST/STM32CubeIDE_1.15.0/STM32CubeIDE/plugins/com.st.stm32cube.ide.mcu.externaltools.gnu-tools-for-stm32.12.3.rel1.win32_1.0.100.202403111256/tools/bin/../lib/gcc/arm-none-eabi/12.3.1/thumb/v7e-m+fp/hard\libgcc.a(_dvmd_tls.o)
                0x08000f80                __aeabi_idiv0
                0x08000f80                __aeabi_ldiv0
 *(.text*)
 .text.MX_ADC1_Init
                0x08000f84       0xa4 ./Application/User/Core/adc.o
                0x08000f84                MX_ADC1_Init
 .text.HAL_ADC_MspInit
                0x08001028       0x98 ./Application/User/Core/adc.o
                0x08001028                HAL_ADC_MspInit
 .text.MX_CAN1_Init
                0x080010c0      0x10c ./Application/User/Core/can.o
                0x080010c0                MX_CAN1_Init
 .text.HAL_CAN_MspInit
                0x080011cc       0xd0 ./Application/User/Core/can.o
                0x080011cc                HAL_CAN_MspInit
 .text.MX_DMA_Init
                0x0800129c       0x40 ./Application/User/Core/dma.o
                0x0800129c                MX_DMA_Init
 .text.MX_GPIO_Init
                0x080012dc      0x10c ./Application/User/Core/gpio.o
                0x080012dc                MX_GPIO_Init
 .text.ITM_SendChar
                0x080013e8       0x4e ./Application/User/Core/main.o
 .text.ROM_checksum
                0x08001436       0x4c ./Application/User/Core/main.o
                0x08001436                ROM_checksum
 .text.encodeBuffer
                0x08001482      0x246 ./Application/User/Core/main.o
                0x08001482                encodeBuffer
 .text._write   0x080016c8       0x38 ./Application/User/Core/main.o
                0x080016c8                _write
 .text.estop    0x08001700        0xe ./Application/User/Core/main.o
                0x08001700                estop
 .text.led      0x0800170e        0xe ./Application/User/Core/main.o
                0x0800170e                led
 .text.volt_ampere
                0x0800171c        0xe ./Application/User/Core/main.o
                0x0800171c                volt_ampere
 *fill*         0x0800172a        0x2 
 .text.structure_update
                0x0800172c       0x60 ./Application/User/Core/main.o
                0x0800172c                structure_update
 .text.ROM_variables_init
                0x0800178c       0x74 ./Application/User/Core/main.o
                0x0800178c                ROM_variables_init
 .text.HAL_CAN_RxFifo0MsgPendingCallback
                0x08001800       0xa8 ./Application/User/Core/main.o
                0x08001800                HAL_CAN_RxFifo0MsgPendingCallback
 .text.HAL_CAN_RxFifo1MsgPendingCallback
                0x080018a8       0x98 ./Application/User/Core/main.o
                0x080018a8                HAL_CAN_RxFifo1MsgPendingCallback
 .text.USB_RECEIVE_CALLBACK
                0x08001940      0x158 ./Application/User/Core/main.o
                0x08001940                USB_RECEIVE_CALLBACK
 .text.__ROM_USB_TRANSMIT
                0x08001a98       0x58 ./Application/User/Core/main.o
                0x08001a98                __ROM_USB_TRANSMIT
 .text.main     0x08001af0       0x54 ./Application/User/Core/main.o
                0x08001af0                main
 .text.SystemClock_Config
                0x08001b44       0xd4 ./Application/User/Core/main.o
                0x08001b44                SystemClock_Config
 .text.CAN_Error_Handler
                0x08001c18       0x44 ./Application/User/Core/main.o
                0x08001c18                CAN_Error_Handler
 .text.TIM1_BRK_TIM9_IRQHandler
                0x08001c5c       0xa4 ./Application/User/Core/main.o
                0x08001c5c                TIM1_BRK_TIM9_IRQHandler
 .text.Error_Handler
                0x08001d00       0x1c ./Application/User/Core/main.o
                0x08001d00                Error_Handler
 .text.HAL_MspInit
                0x08001d1c       0x50 ./Application/User/Core/stm32f4xx_hal_msp.o
                0x08001d1c                HAL_MspInit
 .text.NMI_Handler
                0x08001d6c        0x8 ./Application/User/Core/stm32f4xx_it.o
                0x08001d6c                NMI_Handler
 .text.HardFault_Handler
                0x08001d74        0x8 ./Application/User/Core/stm32f4xx_it.o
                0x08001d74                HardFault_Handler
 .text.MemManage_Handler
                0x08001d7c        0x8 ./Application/User/Core/stm32f4xx_it.o
                0x08001d7c                MemManage_Handler
 .text.BusFault_Handler
                0x08001d84        0x8 ./Application/User/Core/stm32f4xx_it.o
                0x08001d84                BusFault_Handler
 .text.UsageFault_Handler
                0x08001d8c        0x8 ./Application/User/Core/stm32f4xx_it.o
                0x08001d8c                UsageFault_Handler
 .text.SVC_Handler
                0x08001d94        0xe ./Application/User/Core/stm32f4xx_it.o
                0x08001d94                SVC_Handler
 .text.DebugMon_Handler
                0x08001da2        0xe ./Application/User/Core/stm32f4xx_it.o
                0x08001da2                DebugMon_Handler
 .text.PendSV_Handler
                0x08001db0        0xe ./Application/User/Core/stm32f4xx_it.o
                0x08001db0                PendSV_Handler
 .text.SysTick_Handler
                0x08001dbe        0xc ./Application/User/Core/stm32f4xx_it.o
                0x08001dbe                SysTick_Handler
 .text.EXTI0_IRQHandler
                0x08001dca        0xe ./Application/User/Core/stm32f4xx_it.o
                0x08001dca                EXTI0_IRQHandler
 .text.DMA1_Stream5_IRQHandler
                0x08001dd8       0x14 ./Application/User/Core/stm32f4xx_it.o
                0x08001dd8                DMA1_Stream5_IRQHandler
 .text.ADC_IRQHandler
                0x08001dec       0x14 ./Application/User/Core/stm32f4xx_it.o
                0x08001dec                ADC_IRQHandler
 .text.CAN1_TX_IRQHandler
                0x08001e00       0x14 ./Application/User/Core/stm32f4xx_it.o
                0x08001e00                CAN1_TX_IRQHandler
 .text.CAN1_RX0_IRQHandler
                0x08001e14       0x14 ./Application/User/Core/stm32f4xx_it.o
                0x08001e14                CAN1_RX0_IRQHandler
 .text.CAN1_RX1_IRQHandler
                0x08001e28       0x14 ./Application/User/Core/stm32f4xx_it.o
                0x08001e28                CAN1_RX1_IRQHandler
 .text.CAN1_SCE_IRQHandler
                0x08001e3c       0x14 ./Application/User/Core/stm32f4xx_it.o
                0x08001e3c                CAN1_SCE_IRQHandler
 .text.USART2_IRQHandler
                0x08001e50       0x14 ./Application/User/Core/stm32f4xx_it.o
                0x08001e50                USART2_IRQHandler
 .text.OTG_FS_IRQHandler
                0x08001e64       0x14 ./Application/User/Core/stm32f4xx_it.o
                0x08001e64                OTG_FS_IRQHandler
 .text._getpid  0x08001e78       0x10 ./Application/User/Core/syscalls.o
                0x08001e78                _getpid
 .text._kill    0x08001e88       0x20 ./Application/User/Core/syscalls.o
                0x08001e88                _kill
 .text._exit    0x08001ea8       0x16 ./Application/User/Core/syscalls.o
                0x08001ea8                _exit
 .text._read    0x08001ebe       0x3a ./Application/User/Core/syscalls.o
                0x08001ebe                _read
 .text._close   0x08001ef8       0x18 ./Application/User/Core/syscalls.o
                0x08001ef8                _close
 .text._fstat   0x08001f10       0x20 ./Application/User/Core/syscalls.o
                0x08001f10                _fstat
 .text._isatty  0x08001f30       0x16 ./Application/User/Core/syscalls.o
                0x08001f30                _isatty
 .text._lseek   0x08001f46       0x1a ./Application/User/Core/syscalls.o
                0x08001f46                _lseek
 .text._sbrk    0x08001f60       0x6c ./Application/User/Core/sysmem.o
                0x08001f60                _sbrk
 .text.MX_TIM2_Init
                0x08001fcc       0x9c ./Application/User/Core/tim.o
                0x08001fcc                MX_TIM2_Init
 .text.MX_TIM3_Init
                0x08002068       0x9c ./Application/User/Core/tim.o
                0x08002068                MX_TIM3_Init
 .text.MX_TIM9_Init
                0x08002104       0xbc ./Application/User/Core/tim.o
                0x08002104                MX_TIM9_Init
 .text.HAL_TIM_Base_MspInit
                0x080021c0       0xa4 ./Application/User/Core/tim.o
                0x080021c0                HAL_TIM_Base_MspInit
 .text.Reset_Handler
                0x08002264       0x50 ./Application/User/Startup/startup_stm32f407vgtx.o
                0x08002264                Reset_Handler
 .text.Default_Handler
                0x080022b4        0x2 ./Application/User/Startup/startup_stm32f407vgtx.o
                0x080022b4                RTC_Alarm_IRQHandler
                0x080022b4                HASH_RNG_IRQHandler
                0x080022b4                EXTI2_IRQHandler
                0x080022b4                TIM8_CC_IRQHandler
                0x080022b4                TIM1_CC_IRQHandler
                0x080022b4                DMA2_Stream5_IRQHandler
                0x080022b4                PVD_IRQHandler
                0x080022b4                SDIO_IRQHandler
                0x080022b4                TAMP_STAMP_IRQHandler
                0x080022b4                CAN2_RX1_IRQHandler
                0x080022b4                EXTI3_IRQHandler
                0x080022b4                TIM8_TRG_COM_TIM14_IRQHandler
                0x080022b4                TIM1_UP_TIM10_IRQHandler
                0x080022b4                TIM8_UP_TIM13_IRQHandler
                0x080022b4                I2C3_ER_IRQHandler
                0x080022b4                I2C2_EV_IRQHandler
                0x080022b4                DMA1_Stream2_IRQHandler
                0x080022b4                FPU_IRQHandler
                0x080022b4                OTG_HS_WKUP_IRQHandler
                0x080022b4                CAN2_SCE_IRQHandler
                0x080022b4                DMA2_Stream2_IRQHandler
                0x080022b4                SPI1_IRQHandler
                0x080022b4                TIM6_DAC_IRQHandler
                0x080022b4                DCMI_IRQHandler
                0x080022b4                CAN2_RX0_IRQHandler
                0x080022b4                DMA2_Stream3_IRQHandler
                0x080022b4                USART6_IRQHandler
                0x080022b4                USART3_IRQHandler
                0x080022b4                UART5_IRQHandler
                0x080022b4                DMA2_Stream0_IRQHandler
                0x080022b4                TIM4_IRQHandler
                0x080022b4                I2C1_EV_IRQHandler
                0x080022b4                DMA1_Stream6_IRQHandler
                0x080022b4                DMA1_Stream1_IRQHandler
                0x080022b4                UART4_IRQHandler
                0x080022b4                TIM3_IRQHandler
                0x080022b4                RCC_IRQHandler
                0x080022b4                TIM8_BRK_TIM12_IRQHandler
                0x080022b4                Default_Handler
                0x080022b4                EXTI15_10_IRQHandler
                0x080022b4                DMA1_Stream7_IRQHandler
                0x080022b4                TIM7_IRQHandler
                0x080022b4                CAN2_TX_IRQHandler
                0x080022b4                TIM5_IRQHandler
                0x080022b4                DMA2_Stream7_IRQHandler
                0x080022b4                I2C3_EV_IRQHandler
                0x080022b4                EXTI9_5_IRQHandler
                0x080022b4                RTC_WKUP_IRQHandler
                0x080022b4                ETH_WKUP_IRQHandler
                0x080022b4                SPI2_IRQHandler
                0x080022b4                OTG_HS_EP1_IN_IRQHandler
                0x080022b4                DMA1_Stream0_IRQHandler
                0x080022b4                EXTI4_IRQHandler
                0x080022b4                FSMC_IRQHandler
                0x080022b4                ETH_IRQHandler
                0x080022b4                OTG_HS_EP1_OUT_IRQHandler
                0x080022b4                WWDG_IRQHandler
                0x080022b4                TIM2_IRQHandler
                0x080022b4                OTG_FS_WKUP_IRQHandler
                0x080022b4                TIM1_TRG_COM_TIM11_IRQHandler
                0x080022b4                OTG_HS_IRQHandler
                0x080022b4                EXTI1_IRQHandler
                0x080022b4                I2C2_ER_IRQHandler
                0x080022b4                DMA2_Stream1_IRQHandler
                0x080022b4                FLASH_IRQHandler
                0x080022b4                DMA2_Stream4_IRQHandler
                0x080022b4                USART1_IRQHandler
                0x080022b4                SPI3_IRQHandler
                0x080022b4                DMA1_Stream4_IRQHandler
                0x080022b4                I2C1_ER_IRQHandler
                0x080022b4                DMA2_Stream6_IRQHandler
                0x080022b4                DMA1_Stream3_IRQHandler
 *fill*         0x080022b6        0x2 
 .text.MX_USB_DEVICE_Init
                0x080022b8       0x60 ./Application/User/USB_DEVICE/App/usb_device.o
                0x080022b8                MX_USB_DEVICE_Init
 .text.CDC_Init_FS
                0x08002318       0x28 ./Application/User/USB_DEVICE/App/usbd_cdc_if.o
 .text.CDC_DeInit_FS
                0x08002340       0x10 ./Application/User/USB_DEVICE/App/usbd_cdc_if.o
 .text.CDC_Control_FS
                0x08002350      0x144 ./Application/User/USB_DEVICE/App/usbd_cdc_if.o
 .text.CDC_Receive_FS
                0x08002494       0x34 ./Application/User/USB_DEVICE/App/usbd_cdc_if.o
 .text.CDC_Transmit_FS
                0x080024c8       0x4c ./Application/User/USB_DEVICE/App/usbd_cdc_if.o
                0x080024c8                CDC_Transmit_FS
 .text.CDC_TransmitCplt_FS
                0x08002514       0x22 ./Application/User/USB_DEVICE/App/usbd_cdc_if.o
 *fill*         0x08002536        0x2 
 .text.USBD_FS_DeviceDescriptor
                0x08002538       0x24 ./Application/User/USB_DEVICE/App/usbd_desc.o
                0x08002538                USBD_FS_DeviceDescriptor
 .text.USBD_FS_LangIDStrDescriptor
                0x0800255c       0x24 ./Application/User/USB_DEVICE/App/usbd_desc.o
                0x0800255c                USBD_FS_LangIDStrDescriptor
 .text.USBD_FS_ProductStrDescriptor
                0x08002580       0x3c ./Application/User/USB_DEVICE/App/usbd_desc.o
                0x08002580                USBD_FS_ProductStrDescriptor
 .text.USBD_FS_ManufacturerStrDescriptor
                0x080025bc       0x28 ./Application/User/USB_DEVICE/App/usbd_desc.o
                0x080025bc                USBD_FS_ManufacturerStrDescriptor
 .text.USBD_FS_SerialStrDescriptor
                0x080025e4       0x24 ./Application/User/USB_DEVICE/App/usbd_desc.o
                0x080025e4                USBD_FS_SerialStrDescriptor
 .text.USBD_FS_ConfigStrDescriptor
                0x08002608       0x3c ./Application/User/USB_DEVICE/App/usbd_desc.o
                0x08002608                USBD_FS_ConfigStrDescriptor
 .text.USBD_FS_InterfaceStrDescriptor
                0x08002644       0x3c ./Application/User/USB_DEVICE/App/usbd_desc.o
                0x08002644                USBD_FS_InterfaceStrDescriptor
 .text.Get_SerialNum
                0x08002680       0x58 ./Application/User/USB_DEVICE/App/usbd_desc.o
 .text.IntToUnicode
                0x080026d8       0x7e ./Application/User/USB_DEVICE/App/usbd_desc.o
 *fill*         0x08002756        0x2 
 .text.HAL_PCD_MspInit
                0x08002758       0xc4 ./Application/User/USB_DEVICE/Target/usbd_conf.o
                0x08002758                HAL_PCD_MspInit
 .text.HAL_PCD_SetupStageCallback
                0x0800281c       0x24 ./Application/User/USB_DEVICE/Target/usbd_conf.o
                0x0800281c                HAL_PCD_SetupStageCallback
 .text.HAL_PCD_DataOutStageCallback
                0x08002840       0x36 ./Application/User/USB_DEVICE/Target/usbd_conf.o
                0x08002840                HAL_PCD_DataOutStageCallback
 .text.HAL_PCD_DataInStageCallback
                0x08002876       0x34 ./Application/User/USB_DEVICE/Target/usbd_conf.o
                0x08002876                HAL_PCD_DataInStageCallback
 .text.HAL_PCD_SOFCallback
                0x080028aa       0x1c ./Application/User/USB_DEVICE/Target/usbd_conf.o
                0x080028aa                HAL_PCD_SOFCallback
 .text.HAL_PCD_ResetCallback
                0x080028c6       0x50 ./Application/User/USB_DEVICE/Target/usbd_conf.o
                0x080028c6                HAL_PCD_ResetCallback
 *fill*         0x08002916        0x2 
 .text.HAL_PCD_SuspendCallback
                0x08002918       0x4c ./Application/User/USB_DEVICE/Target/usbd_conf.o
                0x08002918                HAL_PCD_SuspendCallback
 .text.HAL_PCD_ResumeCallback
                0x08002964       0x1c ./Application/User/USB_DEVICE/Target/usbd_conf.o
                0x08002964                HAL_PCD_ResumeCallback
 .text.HAL_PCD_ISOOUTIncompleteCallback
                0x08002980       0x24 ./Application/User/USB_DEVICE/Target/usbd_conf.o
                0x08002980                HAL_PCD_ISOOUTIncompleteCallback
 .text.HAL_PCD_ISOINIncompleteCallback
                0x080029a4       0x24 ./Application/User/USB_DEVICE/Target/usbd_conf.o
                0x080029a4                HAL_PCD_ISOINIncompleteCallback
 .text.HAL_PCD_ConnectCallback
                0x080029c8       0x1c ./Application/User/USB_DEVICE/Target/usbd_conf.o
                0x080029c8                HAL_PCD_ConnectCallback
 .text.HAL_PCD_DisconnectCallback
                0x080029e4       0x1c ./Application/User/USB_DEVICE/Target/usbd_conf.o
                0x080029e4                HAL_PCD_DisconnectCallback
 .text.USBD_LL_Init
                0x08002a00       0x98 ./Application/User/USB_DEVICE/Target/usbd_conf.o
                0x08002a00                USBD_LL_Init
 .text.USBD_LL_Start
                0x08002a98       0x36 ./Application/User/USB_DEVICE/Target/usbd_conf.o
                0x08002a98                USBD_LL_Start
 .text.USBD_LL_OpenEP
                0x08002ace       0x4c ./Application/User/USB_DEVICE/Target/usbd_conf.o
                0x08002ace                USBD_LL_OpenEP
 .text.USBD_LL_CloseEP
                0x08002b1a       0x3e ./Application/User/USB_DEVICE/Target/usbd_conf.o
                0x08002b1a                USBD_LL_CloseEP
 .text.USBD_LL_StallEP
                0x08002b58       0x3e ./Application/User/USB_DEVICE/Target/usbd_conf.o
                0x08002b58                USBD_LL_StallEP
 .text.USBD_LL_ClearStallEP
                0x08002b96       0x3e ./Application/User/USB_DEVICE/Target/usbd_conf.o
                0x08002b96                USBD_LL_ClearStallEP
 .text.USBD_LL_IsStallEP
                0x08002bd4       0x58 ./Application/User/USB_DEVICE/Target/usbd_conf.o
                0x08002bd4                USBD_LL_IsStallEP
 .text.USBD_LL_SetUSBAddress
                0x08002c2c       0x3e ./Application/User/USB_DEVICE/Target/usbd_conf.o
                0x08002c2c                USBD_LL_SetUSBAddress
 .text.USBD_LL_Transmit
                0x08002c6a       0x42 ./Application/User/USB_DEVICE/Target/usbd_conf.o
                0x08002c6a                USBD_LL_Transmit
 .text.USBD_LL_PrepareReceive
                0x08002cac       0x42 ./Application/User/USB_DEVICE/Target/usbd_conf.o
                0x08002cac                USBD_LL_PrepareReceive
 .text.USBD_LL_GetRxDataSize
                0x08002cee       0x26 ./Application/User/USB_DEVICE/Target/usbd_conf.o
                0x08002cee                USBD_LL_GetRxDataSize
 .text.USBD_static_malloc
                0x08002d14       0x1c ./Application/User/USB_DEVICE/Target/usbd_conf.o
                0x08002d14                USBD_static_malloc
 .text.USBD_static_free
                0x08002d30       0x14 ./Application/User/USB_DEVICE/Target/usbd_conf.o
                0x08002d30                USBD_static_free
 .text.USBD_Get_USB_Status
                0x08002d44       0x58 ./Application/User/USB_DEVICE/Target/usbd_conf.o
                0x08002d44                USBD_Get_USB_Status
 .text.SystemInit
                0x08002d9c       0x24 ./Drivers/CMSIS/system_stm32f4xx.o
                0x08002d9c                SystemInit
 .text.HAL_Init
                0x08002dc0       0x44 ./Drivers/STM32F4xx_HAL_Driver/stm32f4xx_hal.o
                0x08002dc0                HAL_Init
 .text.HAL_InitTick
                0x08002e04       0x60 ./Drivers/STM32F4xx_HAL_Driver/stm32f4xx_hal.o
                0x08002e04                HAL_InitTick
 .text.HAL_IncTick
                0x08002e64       0x28 ./Drivers/STM32F4xx_HAL_Driver/stm32f4xx_hal.o
                0x08002e64                HAL_IncTick
 .text.HAL_GetTick
                0x08002e8c       0x18 ./Drivers/STM32F4xx_HAL_Driver/stm32f4xx_hal.o
                0x08002e8c                HAL_GetTick
 .text.HAL_Delay
                0x08002ea4       0x48 ./Drivers/STM32F4xx_HAL_Driver/stm32f4xx_hal.o
                0x08002ea4                HAL_Delay
 .text.HAL_ADC_Init
                0x08002eec       0x86 ./Drivers/STM32F4xx_HAL_Driver/stm32f4xx_hal_adc.o
                0x08002eec                HAL_ADC_Init
 .text.HAL_ADC_IRQHandler
                0x08002f72      0x220 ./Drivers/STM32F4xx_HAL_Driver/stm32f4xx_hal_adc.o
                0x08002f72                HAL_ADC_IRQHandler
 .text.HAL_ADC_ConvCpltCallback
                0x08003192       0x14 ./Drivers/STM32F4xx_HAL_Driver/stm32f4xx_hal_adc.o
                0x08003192                HAL_ADC_ConvCpltCallback
 .text.HAL_ADC_LevelOutOfWindowCallback
                0x080031a6       0x14 ./Drivers/STM32F4xx_HAL_Driver/stm32f4xx_hal_adc.o
                0x080031a6                HAL_ADC_LevelOutOfWindowCallback
 .text.HAL_ADC_ErrorCallback
                0x080031ba       0x14 ./Drivers/STM32F4xx_HAL_Driver/stm32f4xx_hal_adc.o
                0x080031ba                HAL_ADC_ErrorCallback
 *fill*         0x080031ce        0x2 
 .text.HAL_ADC_ConfigChannel
                0x080031d0      0x244 ./Drivers/STM32F4xx_HAL_Driver/stm32f4xx_hal_adc.o
                0x080031d0                HAL_ADC_ConfigChannel
 .text.ADC_Init
                0x08003414      0x1f8 ./Drivers/STM32F4xx_HAL_Driver/stm32f4xx_hal_adc.o
 .text.HAL_ADCEx_InjectedConvCpltCallback
                0x0800360c       0x14 ./Drivers/STM32F4xx_HAL_Driver/stm32f4xx_hal_adc_ex.o
                0x0800360c                HAL_ADCEx_InjectedConvCpltCallback
 .text.HAL_CAN_Init
                0x08003620      0x1f6 ./Drivers/STM32F4xx_HAL_Driver/stm32f4xx_hal_can.o
                0x08003620                HAL_CAN_Init
 *fill*         0x08003816        0x2 
 .text.HAL_CAN_ConfigFilter
                0x08003818      0x1c0 ./Drivers/STM32F4xx_HAL_Driver/stm32f4xx_hal_can.o
                0x08003818                HAL_CAN_ConfigFilter
 .text.HAL_CAN_Start
                0x080039d8       0x88 ./Drivers/STM32F4xx_HAL_Driver/stm32f4xx_hal_can.o
                0x080039d8                HAL_CAN_Start
 .text.HAL_CAN_AddTxMessage
                0x08003a60      0x1a0 ./Drivers/STM32F4xx_HAL_Driver/stm32f4xx_hal_can.o
                0x08003a60                HAL_CAN_AddTxMessage
 .text.HAL_CAN_IsTxMessagePending
                0x08003c00       0x48 ./Drivers/STM32F4xx_HAL_Driver/stm32f4xx_hal_can.o
                0x08003c00                HAL_CAN_IsTxMessagePending
 .text.HAL_CAN_GetRxMessage
                0x08003c48      0x244 ./Drivers/STM32F4xx_HAL_Driver/stm32f4xx_hal_can.o
                0x08003c48                HAL_CAN_GetRxMessage
 .text.HAL_CAN_ActivateNotification
                0x08003e8c       0x4c ./Drivers/STM32F4xx_HAL_Driver/stm32f4xx_hal_can.o
                0x08003e8c                HAL_CAN_ActivateNotification
 .text.HAL_CAN_IRQHandler
                0x08003ed8      0x36e ./Drivers/STM32F4xx_HAL_Driver/stm32f4xx_hal_can.o
                0x08003ed8                HAL_CAN_IRQHandler
 .text.HAL_CAN_TxMailbox0CompleteCallback
                0x08004246       0x14 ./Drivers/STM32F4xx_HAL_Driver/stm32f4xx_hal_can.o
                0x08004246                HAL_CAN_TxMailbox0CompleteCallback
 .text.HAL_CAN_TxMailbox1CompleteCallback
                0x0800425a       0x14 ./Drivers/STM32F4xx_HAL_Driver/stm32f4xx_hal_can.o
                0x0800425a                HAL_CAN_TxMailbox1CompleteCallback
 .text.HAL_CAN_TxMailbox2CompleteCallback
                0x0800426e       0x14 ./Drivers/STM32F4xx_HAL_Driver/stm32f4xx_hal_can.o
                0x0800426e                HAL_CAN_TxMailbox2CompleteCallback
 .text.HAL_CAN_TxMailbox0AbortCallback
                0x08004282       0x14 ./Drivers/STM32F4xx_HAL_Driver/stm32f4xx_hal_can.o
                0x08004282                HAL_CAN_TxMailbox0AbortCallback
 .text.HAL_CAN_TxMailbox1AbortCallback
                0x08004296       0x14 ./Drivers/STM32F4xx_HAL_Driver/stm32f4xx_hal_can.o
                0x08004296                HAL_CAN_TxMailbox1AbortCallback
 .text.HAL_CAN_TxMailbox2AbortCallback
                0x080042aa       0x14 ./Drivers/STM32F4xx_HAL_Driver/stm32f4xx_hal_can.o
                0x080042aa                HAL_CAN_TxMailbox2AbortCallback
 .text.HAL_CAN_RxFifo0FullCallback
                0x080042be       0x14 ./Drivers/STM32F4xx_HAL_Driver/stm32f4xx_hal_can.o
                0x080042be                HAL_CAN_RxFifo0FullCallback
 .text.HAL_CAN_RxFifo1FullCallback
                0x080042d2       0x14 ./Drivers/STM32F4xx_HAL_Driver/stm32f4xx_hal_can.o
                0x080042d2                HAL_CAN_RxFifo1FullCallback
 .text.HAL_CAN_SleepCallback
                0x080042e6       0x14 ./Drivers/STM32F4xx_HAL_Driver/stm32f4xx_hal_can.o
                0x080042e6                HAL_CAN_SleepCallback
 .text.HAL_CAN_WakeUpFromRxMsgCallback
                0x080042fa       0x14 ./Drivers/STM32F4xx_HAL_Driver/stm32f4xx_hal_can.o
                0x080042fa                HAL_CAN_WakeUpFromRxMsgCallback
 .text.HAL_CAN_ErrorCallback
                0x0800430e       0x14 ./Drivers/STM32F4xx_HAL_Driver/stm32f4xx_hal_can.o
                0x0800430e                HAL_CAN_ErrorCallback
 *fill*         0x08004322        0x2 
 .text.__NVIC_SetPriorityGrouping
                0x08004324       0x48 ./Drivers/STM32F4xx_HAL_Driver/stm32f4xx_hal_cortex.o
 .text.__NVIC_GetPriorityGrouping
                0x0800436c       0x1c ./Drivers/STM32F4xx_HAL_Driver/stm32f4xx_hal_cortex.o
 .text.__NVIC_EnableIRQ
                0x08004388       0x3c ./Drivers/STM32F4xx_HAL_Driver/stm32f4xx_hal_cortex.o
 .text.__NVIC_SetPriority
                0x080043c4       0x54 ./Drivers/STM32F4xx_HAL_Driver/stm32f4xx_hal_cortex.o
 .text.NVIC_EncodePriority
                0x08004418       0x66 ./Drivers/STM32F4xx_HAL_Driver/stm32f4xx_hal_cortex.o
 *fill*         0x0800447e        0x2 
 .text.SysTick_Config
                0x08004480       0x44 ./Drivers/STM32F4xx_HAL_Driver/stm32f4xx_hal_cortex.o
 .text.HAL_NVIC_SetPriorityGrouping
                0x080044c4       0x16 ./Drivers/STM32F4xx_HAL_Driver/stm32f4xx_hal_cortex.o
                0x080044c4                HAL_NVIC_SetPriorityGrouping
 .text.HAL_NVIC_SetPriority
                0x080044da       0x38 ./Drivers/STM32F4xx_HAL_Driver/stm32f4xx_hal_cortex.o
                0x080044da                HAL_NVIC_SetPriority
 .text.HAL_NVIC_EnableIRQ
                0x08004512       0x1c ./Drivers/STM32F4xx_HAL_Driver/stm32f4xx_hal_cortex.o
                0x08004512                HAL_NVIC_EnableIRQ
 .text.HAL_SYSTICK_Config
                0x0800452e       0x18 ./Drivers/STM32F4xx_HAL_Driver/stm32f4xx_hal_cortex.o
                0x0800452e                HAL_SYSTICK_Config
 .text.HAL_DMA_Abort
                0x08004546       0xe0 ./Drivers/STM32F4xx_HAL_Driver/stm32f4xx_hal_dma.o
                0x08004546                HAL_DMA_Abort
 .text.HAL_DMA_Abort_IT
                0x08004626       0x44 ./Drivers/STM32F4xx_HAL_Driver/stm32f4xx_hal_dma.o
                0x08004626                HAL_DMA_Abort_IT
 *fill*         0x0800466a        0x2 
 .text.HAL_DMA_IRQHandler
                0x0800466c      0x314 ./Drivers/STM32F4xx_HAL_Driver/stm32f4xx_hal_dma.o
                0x0800466c                HAL_DMA_IRQHandler
 .text.HAL_GPIO_Init
                0x08004980      0x338 ./Drivers/STM32F4xx_HAL_Driver/stm32f4xx_hal_gpio.o
                0x08004980                HAL_GPIO_Init
 .text.HAL_GPIO_WritePin
                0x08004cb8       0x32 ./Drivers/STM32F4xx_HAL_Driver/stm32f4xx_hal_gpio.o
                0x08004cb8                HAL_GPIO_WritePin
 .text.HAL_GPIO_TogglePin
                0x08004cea       0x34 ./Drivers/STM32F4xx_HAL_Driver/stm32f4xx_hal_gpio.o
                0x08004cea                HAL_GPIO_TogglePin
 *fill*         0x08004d1e        0x2 
 .text.HAL_GPIO_EXTI_IRQHandler
                0x08004d20       0x30 ./Drivers/STM32F4xx_HAL_Driver/stm32f4xx_hal_gpio.o
                0x08004d20                HAL_GPIO_EXTI_IRQHandler
 .text.HAL_GPIO_EXTI_Callback
                0x08004d50       0x16 ./Drivers/STM32F4xx_HAL_Driver/stm32f4xx_hal_gpio.o
                0x08004d50                HAL_GPIO_EXTI_Callback
 .text.HAL_PCD_Init
                0x08004d66      0x21e ./Drivers/STM32F4xx_HAL_Driver/stm32f4xx_hal_pcd.o
                0x08004d66                HAL_PCD_Init
 .text.HAL_PCD_Start
                0x08004f84       0x6a ./Drivers/STM32F4xx_HAL_Driver/stm32f4xx_hal_pcd.o
                0x08004f84                HAL_PCD_Start
 .text.HAL_PCD_IRQHandler
                0x08004fee      0x942 ./Drivers/STM32F4xx_HAL_Driver/stm32f4xx_hal_pcd.o
                0x08004fee                HAL_PCD_IRQHandler
 .text.HAL_PCD_SetAddress
                0x08005930       0x48 ./Drivers/STM32F4xx_HAL_Driver/stm32f4xx_hal_pcd.o
                0x08005930                HAL_PCD_SetAddress
 .text.HAL_PCD_EP_Open
                0x08005978       0xd0 ./Drivers/STM32F4xx_HAL_Driver/stm32f4xx_hal_pcd.o
                0x08005978                HAL_PCD_EP_Open
 .text.HAL_PCD_EP_Close
                0x08005a48       0x94 ./Drivers/STM32F4xx_HAL_Driver/stm32f4xx_hal_pcd.o
                0x08005a48                HAL_PCD_EP_Close
 .text.HAL_PCD_EP_Receive
                0x08005adc       0x76 ./Drivers/STM32F4xx_HAL_Driver/stm32f4xx_hal_pcd.o
                0x08005adc                HAL_PCD_EP_Receive
 .text.HAL_PCD_EP_GetRxCount
                0x08005b52       0x30 ./Drivers/STM32F4xx_HAL_Driver/stm32f4xx_hal_pcd.o
                0x08005b52                HAL_PCD_EP_GetRxCount
 .text.HAL_PCD_EP_Transmit
                0x08005b82       0x74 ./Drivers/STM32F4xx_HAL_Driver/stm32f4xx_hal_pcd.o
                0x08005b82                HAL_PCD_EP_Transmit
 .text.HAL_PCD_EP_SetStall
                0x08005bf6       0xc6 ./Drivers/STM32F4xx_HAL_Driver/stm32f4xx_hal_pcd.o
                0x08005bf6                HAL_PCD_EP_SetStall
 .text.HAL_PCD_EP_ClrStall
                0x08005cbc       0xac ./Drivers/STM32F4xx_HAL_Driver/stm32f4xx_hal_pcd.o
                0x08005cbc                HAL_PCD_EP_ClrStall
 .text.HAL_PCD_EP_Abort
                0x08005d68       0x62 ./Drivers/STM32F4xx_HAL_Driver/stm32f4xx_hal_pcd.o
                0x08005d68                HAL_PCD_EP_Abort
 .text.PCD_WriteEmptyTxFifo
                0x08005dca      0x118 ./Drivers/STM32F4xx_HAL_Driver/stm32f4xx_hal_pcd.o
 *fill*         0x08005ee2        0x2 
 .text.PCD_EP_OutXfrComplete_int
                0x08005ee4      0x1d0 ./Drivers/STM32F4xx_HAL_Driver/stm32f4xx_hal_pcd.o
 .text.PCD_EP_OutSetupPacket_int
                0x080060b4       0x8c ./Drivers/STM32F4xx_HAL_Driver/stm32f4xx_hal_pcd.o
 .text.HAL_PCDEx_SetTxFiFo
                0x08006140       0x8e ./Drivers/STM32F4xx_HAL_Driver/stm32f4xx_hal_pcd_ex.o
                0x08006140                HAL_PCDEx_SetTxFiFo
 .text.HAL_PCDEx_SetRxFiFo
                0x080061ce       0x22 ./Drivers/STM32F4xx_HAL_Driver/stm32f4xx_hal_pcd_ex.o
                0x080061ce                HAL_PCDEx_SetRxFiFo
 .text.HAL_PCDEx_LPM_Callback
                0x080061f0       0x18 ./Drivers/STM32F4xx_HAL_Driver/stm32f4xx_hal_pcd_ex.o
                0x080061f0                HAL_PCDEx_LPM_Callback
 .text.HAL_RCC_OscConfig
                0x08006208      0x4f0 ./Drivers/STM32F4xx_HAL_Driver/stm32f4xx_hal_rcc.o
                0x08006208                HAL_RCC_OscConfig
 .text.HAL_RCC_ClockConfig
                0x080066f8      0x1cc ./Drivers/STM32F4xx_HAL_Driver/stm32f4xx_hal_rcc.o
                0x080066f8                HAL_RCC_ClockConfig
 .text.HAL_RCC_GetSysClockFreq
                0x080068c4      0x20c ./Drivers/STM32F4xx_HAL_Driver/stm32f4xx_hal_rcc.o
                0x080068c4                HAL_RCC_GetSysClockFreq
 .text.HAL_RCC_GetHCLKFreq
                0x08006ad0       0x18 ./Drivers/STM32F4xx_HAL_Driver/stm32f4xx_hal_rcc.o
                0x08006ad0                HAL_RCC_GetHCLKFreq
 .text.HAL_TIM_Base_Init
                0x08006ae8       0x9e ./Drivers/STM32F4xx_HAL_Driver/stm32f4xx_hal_tim.o
                0x08006ae8                HAL_TIM_Base_Init
 *fill*         0x08006b86        0x2 
 .text.HAL_TIM_Base_Start
                0x08006b88       0xd0 ./Drivers/STM32F4xx_HAL_Driver/stm32f4xx_hal_tim.o
                0x08006b88                HAL_TIM_Base_Start
 .text.HAL_TIM_Base_Start_IT
                0x08006c58       0xe0 ./Drivers/STM32F4xx_HAL_Driver/stm32f4xx_hal_tim.o
                0x08006c58                HAL_TIM_Base_Start_IT
 .text.HAL_TIM_IRQHandler
                0x08006d38      0x1e0 ./Drivers/STM32F4xx_HAL_Driver/stm32f4xx_hal_tim.o
                0x08006d38                HAL_TIM_IRQHandler
 .text.HAL_TIM_ConfigClockSource
                0x08006f18      0x18e ./Drivers/STM32F4xx_HAL_Driver/stm32f4xx_hal_tim.o
                0x08006f18                HAL_TIM_ConfigClockSource
 .text.HAL_TIM_PeriodElapsedCallback
                0x080070a6       0x14 ./Drivers/STM32F4xx_HAL_Driver/stm32f4xx_hal_tim.o
                0x080070a6                HAL_TIM_PeriodElapsedCallback
 .text.HAL_TIM_OC_DelayElapsedCallback
                0x080070ba       0x14 ./Drivers/STM32F4xx_HAL_Driver/stm32f4xx_hal_tim.o
                0x080070ba                HAL_TIM_OC_DelayElapsedCallback
 .text.HAL_TIM_IC_CaptureCallback
                0x080070ce       0x14 ./Drivers/STM32F4xx_HAL_Driver/stm32f4xx_hal_tim.o
                0x080070ce                HAL_TIM_IC_CaptureCallback
 .text.HAL_TIM_PWM_PulseFinishedCallback
                0x080070e2       0x14 ./Drivers/STM32F4xx_HAL_Driver/stm32f4xx_hal_tim.o
                0x080070e2                HAL_TIM_PWM_PulseFinishedCallback
 .text.HAL_TIM_TriggerCallback
                0x080070f6       0x14 ./Drivers/STM32F4xx_HAL_Driver/stm32f4xx_hal_tim.o
                0x080070f6                HAL_TIM_TriggerCallback
 *fill*         0x0800710a        0x2 
 .text.TIM_Base_SetConfig
                0x0800710c      0x158 ./Drivers/STM32F4xx_HAL_Driver/stm32f4xx_hal_tim.o
                0x0800710c                TIM_Base_SetConfig
 .text.TIM_TI1_ConfigInputStage
                0x08007264       0x5e ./Drivers/STM32F4xx_HAL_Driver/stm32f4xx_hal_tim.o
 .text.TIM_TI2_ConfigInputStage
                0x080072c2       0x60 ./Drivers/STM32F4xx_HAL_Driver/stm32f4xx_hal_tim.o
 .text.TIM_ITRx_SetConfig
                0x08007322       0x36 ./Drivers/STM32F4xx_HAL_Driver/stm32f4xx_hal_tim.o
 .text.TIM_ETR_SetConfig
                0x08007358       0x40 ./Drivers/STM32F4xx_HAL_Driver/stm32f4xx_hal_tim.o
                0x08007358                TIM_ETR_SetConfig
 .text.HAL_TIMEx_MasterConfigSynchronization
                0x08007398       0xf8 ./Drivers/STM32F4xx_HAL_Driver/stm32f4xx_hal_tim_ex.o
                0x08007398                HAL_TIMEx_MasterConfigSynchronization
 .text.HAL_TIMEx_CommutCallback
                0x08007490       0x14 ./Drivers/STM32F4xx_HAL_Driver/stm32f4xx_hal_tim_ex.o
                0x08007490                HAL_TIMEx_CommutCallback
 .text.HAL_TIMEx_BreakCallback
                0x080074a4       0x14 ./Drivers/STM32F4xx_HAL_Driver/stm32f4xx_hal_tim_ex.o
                0x080074a4                HAL_TIMEx_BreakCallback
 .text.HAL_UART_IRQHandler
                0x080074b8      0x524 ./Drivers/STM32F4xx_HAL_Driver/stm32f4xx_hal_uart.o
                0x080074b8                HAL_UART_IRQHandler
 .text.HAL_UART_TxCpltCallback
                0x080079dc       0x14 ./Drivers/STM32F4xx_HAL_Driver/stm32f4xx_hal_uart.o
                0x080079dc                HAL_UART_TxCpltCallback
 .text.HAL_UART_RxCpltCallback
                0x080079f0       0x14 ./Drivers/STM32F4xx_HAL_Driver/stm32f4xx_hal_uart.o
                0x080079f0                HAL_UART_RxCpltCallback
 .text.HAL_UART_ErrorCallback
                0x08007a04       0x14 ./Drivers/STM32F4xx_HAL_Driver/stm32f4xx_hal_uart.o
                0x08007a04                HAL_UART_ErrorCallback
 .text.HAL_UARTEx_RxEventCallback
                0x08007a18       0x18 ./Drivers/STM32F4xx_HAL_Driver/stm32f4xx_hal_uart.o
                0x08007a18                HAL_UARTEx_RxEventCallback
 .text.UART_EndRxTransfer
                0x08007a30       0xc6 ./Drivers/STM32F4xx_HAL_Driver/stm32f4xx_hal_uart.o
 .text.UART_DMAAbortOnError
                0x08007af6       0x28 ./Drivers/STM32F4xx_HAL_Driver/stm32f4xx_hal_uart.o
 .text.UART_Transmit_IT
                0x08007b1e       0xa0 ./Drivers/STM32F4xx_HAL_Driver/stm32f4xx_hal_uart.o
 .text.UART_EndTransmit_IT
                0x08007bbe       0x30 ./Drivers/STM32F4xx_HAL_Driver/stm32f4xx_hal_uart.o
 .text.UART_Receive_IT
                0x08007bee      0x17c ./Drivers/STM32F4xx_HAL_Driver/stm32f4xx_hal_uart.o
 .text.USB_CoreInit
                0x08007d6a       0xc8 ./Drivers/STM32F4xx_HAL_Driver/stm32f4xx_ll_usb.o
                0x08007d6a                USB_CoreInit
 *fill*         0x08007e32        0x2 
 .text.USB_SetTurnaroundTime
                0x08007e34      0x144 ./Drivers/STM32F4xx_HAL_Driver/stm32f4xx_ll_usb.o
                0x08007e34                USB_SetTurnaroundTime
 .text.USB_EnableGlobalInt
                0x08007f78       0x22 ./Drivers/STM32F4xx_HAL_Driver/stm32f4xx_ll_usb.o
                0x08007f78                USB_EnableGlobalInt
 .text.USB_DisableGlobalInt
                0x08007f9a       0x22 ./Drivers/STM32F4xx_HAL_Driver/stm32f4xx_ll_usb.o
                0x08007f9a                USB_DisableGlobalInt
 .text.USB_SetCurrentMode
                0x08007fbc       0x98 ./Drivers/STM32F4xx_HAL_Driver/stm32f4xx_ll_usb.o
                0x08007fbc                USB_SetCurrentMode
 .text.USB_DevInit
                0x08008054      0x2c8 ./Drivers/STM32F4xx_HAL_Driver/stm32f4xx_ll_usb.o
                0x08008054                USB_DevInit
 .text.USB_FlushTxFifo
                0x0800831c       0x64 ./Drivers/STM32F4xx_HAL_Driver/stm32f4xx_ll_usb.o
                0x0800831c                USB_FlushTxFifo
 .text.USB_FlushRxFifo
                0x08008380       0x5c ./Drivers/STM32F4xx_HAL_Driver/stm32f4xx_ll_usb.o
                0x08008380                USB_FlushRxFifo
 .text.USB_SetDevSpeed
                0x080083dc       0x32 ./Drivers/STM32F4xx_HAL_Driver/stm32f4xx_ll_usb.o
                0x080083dc                USB_SetDevSpeed
 .text.USB_GetDevSpeed
                0x0800840e       0x4a ./Drivers/STM32F4xx_HAL_Driver/stm32f4xx_ll_usb.o
                0x0800840e                USB_GetDevSpeed
 .text.USB_ActivateEndpoint
                0x08008458      0x10e ./Drivers/STM32F4xx_HAL_Driver/stm32f4xx_ll_usb.o
                0x08008458                USB_ActivateEndpoint
 *fill*         0x08008566        0x2 
 .text.USB_DeactivateEndpoint
                0x08008568      0x1b8 ./Drivers/STM32F4xx_HAL_Driver/stm32f4xx_ll_usb.o
                0x08008568                USB_DeactivateEndpoint
 .text.USB_EPStartXfer
                0x08008720      0x530 ./Drivers/STM32F4xx_HAL_Driver/stm32f4xx_ll_usb.o
                0x08008720                USB_EPStartXfer
 .text.USB_EPStopXfer
                0x08008c50      0x154 ./Drivers/STM32F4xx_HAL_Driver/stm32f4xx_ll_usb.o
                0x08008c50                USB_EPStopXfer
 .text.USB_WritePacket
                0x08008da4       0x7c ./Drivers/STM32F4xx_HAL_Driver/stm32f4xx_ll_usb.o
                0x08008da4                USB_WritePacket
 .text.USB_ReadPacket
                0x08008e20       0xb0 ./Drivers/STM32F4xx_HAL_Driver/stm32f4xx_ll_usb.o
                0x08008e20                USB_ReadPacket
 .text.USB_EPSetStall
                0x08008ed0       0xdc ./Drivers/STM32F4xx_HAL_Driver/stm32f4xx_ll_usb.o
                0x08008ed0                USB_EPSetStall
 .text.USB_EPClearStall
                0x08008fac       0xcc ./Drivers/STM32F4xx_HAL_Driver/stm32f4xx_ll_usb.o
                0x08008fac                USB_EPClearStall
 .text.USB_SetDevAddress
                0x08009078       0x4c ./Drivers/STM32F4xx_HAL_Driver/stm32f4xx_ll_usb.o
                0x08009078                USB_SetDevAddress
 .text.USB_DevConnect
                0x080090c4       0x42 ./Drivers/STM32F4xx_HAL_Driver/stm32f4xx_ll_usb.o
                0x080090c4                USB_DevConnect
 .text.USB_DevDisconnect
                0x08009106       0x42 ./Drivers/STM32F4xx_HAL_Driver/stm32f4xx_ll_usb.o
                0x08009106                USB_DevDisconnect
 .text.USB_ReadInterrupts
                0x08009148       0x26 ./Drivers/STM32F4xx_HAL_Driver/stm32f4xx_ll_usb.o
                0x08009148                USB_ReadInterrupts
 .text.USB_ReadDevAllOutEpInterrupt
                0x0800916e       0x34 ./Drivers/STM32F4xx_HAL_Driver/stm32f4xx_ll_usb.o
                0x0800916e                USB_ReadDevAllOutEpInterrupt
 .text.USB_ReadDevAllInEpInterrupt
                0x080091a2       0x34 ./Drivers/STM32F4xx_HAL_Driver/stm32f4xx_ll_usb.o
                0x080091a2                USB_ReadDevAllInEpInterrupt
 .text.USB_ReadDevOutEPInterrupt
                0x080091d6       0x3c ./Drivers/STM32F4xx_HAL_Driver/stm32f4xx_ll_usb.o
                0x080091d6                USB_ReadDevOutEPInterrupt
 .text.USB_ReadDevInEPInterrupt
                0x08009212       0x5c ./Drivers/STM32F4xx_HAL_Driver/stm32f4xx_ll_usb.o
                0x08009212                USB_ReadDevInEPInterrupt
 .text.USB_GetMode
                0x0800926e       0x1c ./Drivers/STM32F4xx_HAL_Driver/stm32f4xx_ll_usb.o
                0x0800926e                USB_GetMode
 .text.USB_ActivateSetup
                0x0800928a       0x46 ./Drivers/STM32F4xx_HAL_Driver/stm32f4xx_ll_usb.o
                0x0800928a                USB_ActivateSetup
 .text.USB_EP0_OutStart
                0x080092d0       0xbc ./Drivers/STM32F4xx_HAL_Driver/stm32f4xx_ll_usb.o
                0x080092d0                USB_EP0_OutStart
 .text.USB_CoreReset
                0x0800938c       0x62 ./Drivers/STM32F4xx_HAL_Driver/stm32f4xx_ll_usb.o
 *fill*         0x080093ee        0x2 
 .text.___ROM_LSDB_PREPARE
                0x080093f0       0xd0 ./Drivers/rom_drivers/Src/ROM_LSDB4830_CAFC.o
                0x080093f0                ___ROM_LSDB_PREPARE
 .text.setOperatingMode
                0x080094c0       0xb8 ./Drivers/rom_drivers/Src/ROM_LSDB4830_CAFC.o
                0x080094c0                setOperatingMode
 .text.enableMotorRight
                0x08009578       0x90 ./Drivers/rom_drivers/Src/ROM_LSDB4830_CAFC.o
                0x08009578                enableMotorRight
 .text.enableMotorLeft
                0x08009608       0x90 ./Drivers/rom_drivers/Src/ROM_LSDB4830_CAFC.o
                0x08009608                enableMotorLeft
 .text.transmitAccel
                0x08009698       0xc4 ./Drivers/rom_drivers/Src/ROM_LSDB4830_CAFC.o
                0x08009698                transmitAccel
 .text.transmitDecel
                0x0800975c       0xc4 ./Drivers/rom_drivers/Src/ROM_LSDB4830_CAFC.o
                0x0800975c                transmitDecel
 .text.setTargetVelocityRpmRight
                0x08009820       0x70 ./Drivers/rom_drivers/Src/ROM_LSDB4830_CAFC.o
                0x08009820                setTargetVelocityRpmRight
 .text.setTargetVelocityRpmLeft
                0x08009890       0x78 ./Drivers/rom_drivers/Src/ROM_LSDB4830_CAFC.o
                0x08009890                setTargetVelocityRpmLeft
 .text.setMaxRPM
                0x08009908       0xb8 ./Drivers/rom_drivers/Src/ROM_LSDB4830_CAFC.o
                0x08009908                setMaxRPM
 .text.calculateAccelDecel
                0x080099c0       0x38 ./Drivers/rom_drivers/Src/ROM_LSDB4830_CAFC.o
                0x080099c0                calculateAccelDecel
 .text.setAccel
                0x080099f8       0x22 ./Drivers/rom_drivers/Src/ROM_LSDB4830_CAFC.o
                0x080099f8                setAccel
 .text.setDecel
                0x08009a1a       0x22 ./Drivers/rom_drivers/Src/ROM_LSDB4830_CAFC.o
                0x08009a1a                setDecel
 .text.setActualSpeedSamplingCycle
                0x08009a3c       0xc0 ./Drivers/rom_drivers/Src/ROM_LSDB4830_CAFC.o
                0x08009a3c                setActualSpeedSamplingCycle
 .text.getActualRpmRight
                0x08009afc       0x60 ./Drivers/rom_drivers/Src/ROM_LSDB4830_CAFC.o
                0x08009afc                getActualRpmRight
 .text.getActualRpmLeft
                0x08009b5c       0x60 ./Drivers/rom_drivers/Src/ROM_LSDB4830_CAFC.o
                0x08009b5c                getActualRpmLeft
 .text.disableMotors
                0x08009bbc       0x20 ./Drivers/rom_drivers/Src/ROM_LSDB4830_CAFC.o
                0x08009bbc                disableMotors
 .text.clearMotors
                0x08009bdc       0x20 ./Drivers/rom_drivers/Src/ROM_LSDB4830_CAFC.o
                0x08009bdc                clearMotors
 .text.clearActualPostion
                0x08009bfc       0xb4 ./Drivers/rom_drivers/Src/ROM_LSDB4830_CAFC.o
                0x08009bfc                clearActualPostion
 .text.USBD_CDC_Init
                0x08009cb0      0x1f0 ./Middlewares/USB_Device_Library/usbd_cdc.o
 .text.USBD_CDC_DeInit
                0x08009ea0      0x104 ./Middlewares/USB_Device_Library/usbd_cdc.o
 .text.USBD_CDC_Setup
                0x08009fa4      0x1b8 ./Middlewares/USB_Device_Library/usbd_cdc.o
 .text.USBD_CDC_DataIn
                0x0800a15c       0xfe ./Middlewares/USB_Device_Library/usbd_cdc.o
 .text.USBD_CDC_DataOut
                0x0800a25a       0x70 ./Middlewares/USB_Device_Library/usbd_cdc.o
 .text.USBD_CDC_EP0_RxReady
                0x0800a2ca       0x74 ./Middlewares/USB_Device_Library/usbd_cdc.o
 *fill*         0x0800a33e        0x2 
 .text.USBD_CDC_GetFSCfgDesc
                0x0800a340       0x70 ./Middlewares/USB_Device_Library/usbd_cdc.o
 .text.USBD_CDC_GetHSCfgDesc
                0x0800a3b0       0x70 ./Middlewares/USB_Device_Library/usbd_cdc.o
 .text.USBD_CDC_GetOtherSpeedCfgDesc
                0x0800a420       0x70 ./Middlewares/USB_Device_Library/usbd_cdc.o
 .text.USBD_CDC_GetDeviceQualifierDescriptor
                0x0800a490       0x20 ./Middlewares/USB_Device_Library/usbd_cdc.o
                0x0800a490                USBD_CDC_GetDeviceQualifierDescriptor
 .text.USBD_CDC_RegisterInterface
                0x0800a4b0       0x34 ./Middlewares/USB_Device_Library/usbd_cdc.o
                0x0800a4b0                USBD_CDC_RegisterInterface
 .text.USBD_CDC_SetTxBuffer
                0x0800a4e4       0x44 ./Middlewares/USB_Device_Library/usbd_cdc.o
                0x0800a4e4                USBD_CDC_SetTxBuffer
 .text.USBD_CDC_SetRxBuffer
                0x0800a528       0x3a ./Middlewares/USB_Device_Library/usbd_cdc.o
                0x0800a528                USBD_CDC_SetRxBuffer
 *fill*         0x0800a562        0x2 
 .text.USBD_CDC_TransmitPacket
                0x0800a564       0x80 ./Middlewares/USB_Device_Library/usbd_cdc.o
                0x0800a564                USBD_CDC_TransmitPacket
 .text.USBD_CDC_ReceivePacket
                0x0800a5e4       0x6c ./Middlewares/USB_Device_Library/usbd_cdc.o
                0x0800a5e4                USBD_CDC_ReceivePacket
 .text.USBD_Init
                0x0800a650       0x60 ./Middlewares/USB_Device_Library/usbd_core.o
                0x0800a650                USBD_Init
 .text.USBD_RegisterClass
                0x0800a6b0       0x6c ./Middlewares/USB_Device_Library/usbd_core.o
                0x0800a6b0                USBD_RegisterClass
 .text.USBD_Start
                0x0800a71c       0x18 ./Middlewares/USB_Device_Library/usbd_core.o
                0x0800a71c                USBD_Start
 .text.USBD_RunTestMode
                0x0800a734       0x16 ./Middlewares/USB_Device_Library/usbd_core.o
                0x0800a734                USBD_RunTestMode
 .text.USBD_SetClassConfig
                0x0800a74a       0x38 ./Middlewares/USB_Device_Library/usbd_core.o
                0x0800a74a                USBD_SetClassConfig
 .text.USBD_ClrClassConfig
                0x0800a782       0x34 ./Middlewares/USB_Device_Library/usbd_core.o
                0x0800a782                USBD_ClrClassConfig
 .text.USBD_LL_SetupStage
                0x0800a7b6       0xaa ./Middlewares/USB_Device_Library/usbd_core.o
                0x0800a7b6                USBD_LL_SetupStage
 .text.USBD_LL_DataOutStage
                0x0800a860      0x166 ./Middlewares/USB_Device_Library/usbd_core.o
                0x0800a860                USBD_LL_DataOutStage
 .text.USBD_LL_DataInStage
                0x0800a9c6      0x164 ./Middlewares/USB_Device_Library/usbd_core.o
                0x0800a9c6                USBD_LL_DataInStage
 .text.USBD_LL_Reset
                0x0800ab2a       0xa4 ./Middlewares/USB_Device_Library/usbd_core.o
                0x0800ab2a                USBD_LL_Reset
 .text.USBD_LL_SetSpeed
                0x0800abce       0x20 ./Middlewares/USB_Device_Library/usbd_core.o
                0x0800abce                USBD_LL_SetSpeed
 .text.USBD_LL_Suspend
                0x0800abee       0x38 ./Middlewares/USB_Device_Library/usbd_core.o
                0x0800abee                USBD_LL_Suspend
 .text.USBD_LL_Resume
                0x0800ac26       0x30 ./Middlewares/USB_Device_Library/usbd_core.o
                0x0800ac26                USBD_LL_Resume
 .text.USBD_LL_SOF
                0x0800ac56       0x40 ./Middlewares/USB_Device_Library/usbd_core.o
                0x0800ac56                USBD_LL_SOF
 .text.USBD_LL_IsoINIncomplete
                0x0800ac96       0x64 ./Middlewares/USB_Device_Library/usbd_core.o
                0x0800ac96                USBD_LL_IsoINIncomplete
 .text.USBD_LL_IsoOUTIncomplete
                0x0800acfa       0x64 ./Middlewares/USB_Device_Library/usbd_core.o
                0x0800acfa                USBD_LL_IsoOUTIncomplete
 .text.USBD_LL_DevConnected
                0x0800ad5e       0x16 ./Middlewares/USB_Device_Library/usbd_core.o
                0x0800ad5e                USBD_LL_DevConnected
 .text.USBD_LL_DevDisconnected
                0x0800ad74       0x46 ./Middlewares/USB_Device_Library/usbd_core.o
                0x0800ad74                USBD_LL_DevDisconnected
 .text.USBD_CoreFindIF
                0x0800adba       0x1a ./Middlewares/USB_Device_Library/usbd_core.o
                0x0800adba                USBD_CoreFindIF
 .text.USBD_CoreFindEP
                0x0800add4       0x1a ./Middlewares/USB_Device_Library/usbd_core.o
                0x0800add4                USBD_CoreFindEP
 .text.USBD_GetEpDesc
                0x0800adee       0x70 ./Middlewares/USB_Device_Library/usbd_core.o
                0x0800adee                USBD_GetEpDesc
 .text.USBD_GetNextDesc
                0x0800ae5e       0x38 ./Middlewares/USB_Device_Library/usbd_core.o
                0x0800ae5e                USBD_GetNextDesc
 .text.SWAPBYTE
                0x0800ae96       0x3c ./Middlewares/USB_Device_Library/usbd_ctlreq.o
 *fill*         0x0800aed2        0x2 
 .text.USBD_StdDevReq
                0x0800aed4       0xe4 ./Middlewares/USB_Device_Library/usbd_ctlreq.o
                0x0800aed4                USBD_StdDevReq
 .text.USBD_StdItfReq
                0x0800afb8       0xd8 ./Middlewares/USB_Device_Library/usbd_ctlreq.o
                0x0800afb8                USBD_StdItfReq
 .text.USBD_StdEPReq
                0x0800b090      0x33a ./Middlewares/USB_Device_Library/usbd_ctlreq.o
                0x0800b090                USBD_StdEPReq
 *fill*         0x0800b3ca        0x2 
 .text.USBD_GetDescriptor
                0x0800b3cc      0x2d4 ./Middlewares/USB_Device_Library/usbd_ctlreq.o
 .text.USBD_SetAddress
                0x0800b6a0       0x88 ./Middlewares/USB_Device_Library/usbd_ctlreq.o
 .text.USBD_SetConfig
                0x0800b728      0x154 ./Middlewares/USB_Device_Library/usbd_ctlreq.o
 .text.USBD_GetConfig
                0x0800b87c       0x6c ./Middlewares/USB_Device_Library/usbd_ctlreq.o
 .text.USBD_GetStatus
                0x0800b8e8       0x68 ./Middlewares/USB_Device_Library/usbd_ctlreq.o
 .text.USBD_SetFeature
                0x0800b950       0x52 ./Middlewares/USB_Device_Library/usbd_ctlreq.o
 .text.USBD_ClrFeature
                0x0800b9a2       0x44 ./Middlewares/USB_Device_Library/usbd_ctlreq.o
 .text.USBD_ParseSetupRequest
                0x0800b9e6       0x74 ./Middlewares/USB_Device_Library/usbd_ctlreq.o
                0x0800b9e6                USBD_ParseSetupRequest
 .text.USBD_CtlError
                0x0800ba5a       0x22 ./Middlewares/USB_Device_Library/usbd_ctlreq.o
                0x0800ba5a                USBD_CtlError
 .text.USBD_GetString
                0x0800ba7c       0x8c ./Middlewares/USB_Device_Library/usbd_ctlreq.o
                0x0800ba7c                USBD_GetString
 .text.USBD_GetLen
                0x0800bb08       0x34 ./Middlewares/USB_Device_Library/usbd_ctlreq.o
 .text.USBD_CtlSendData
                0x0800bb3c       0x36 ./Middlewares/USB_Device_Library/usbd_ioreq.o
                0x0800bb3c                USBD_CtlSendData
 .text.USBD_CtlContinueSendData
                0x0800bb72       0x22 ./Middlewares/USB_Device_Library/usbd_ioreq.o
                0x0800bb72                USBD_CtlContinueSendData
 .text.USBD_CtlPrepareRx
                0x0800bb94       0x3a ./Middlewares/USB_Device_Library/usbd_ioreq.o
                0x0800bb94                USBD_CtlPrepareRx
 .text.USBD_CtlContinueRx
                0x0800bbce       0x22 ./Middlewares/USB_Device_Library/usbd_ioreq.o
                0x0800bbce                USBD_CtlContinueRx
 .text.USBD_CtlSendStatus
                0x0800bbf0       0x26 ./Middlewares/USB_Device_Library/usbd_ioreq.o
                0x0800bbf0                USBD_CtlSendStatus
 .text.USBD_CtlReceiveStatus
                0x0800bc16       0x26 ./Middlewares/USB_Device_Library/usbd_ioreq.o
                0x0800bc16                USBD_CtlReceiveStatus
 .text.sulp     0x0800bc3c       0x3c C:/ST/STM32CubeIDE_1.15.0/STM32CubeIDE/plugins/com.st.stm32cube.ide.mcu.externaltools.gnu-tools-for-stm32.12.3.rel1.win32_1.0.100.202403111256/tools/bin/../lib/gcc/arm-none-eabi/12.3.1/../../../../arm-none-eabi/lib/thumb/v7e-m+fp/hard\libc_nano.a(libc_a-strtod.o)
 .text._strtod_l
                0x0800bc78      0xbc8 C:/ST/STM32CubeIDE_1.15.0/STM32CubeIDE/plugins/com.st.stm32cube.ide.mcu.externaltools.gnu-tools-for-stm32.12.3.rel1.win32_1.0.100.202403111256/tools/bin/../lib/gcc/arm-none-eabi/12.3.1/../../../../arm-none-eabi/lib/thumb/v7e-m+fp/hard\libc_nano.a(libc_a-strtod.o)
                0x0800bc78                _strtod_l
 .text.strtof   0x0800c840       0xc8 C:/ST/STM32CubeIDE_1.15.0/STM32CubeIDE/plugins/com.st.stm32cube.ide.mcu.externaltools.gnu-tools-for-stm32.12.3.rel1.win32_1.0.100.202403111256/tools/bin/../lib/gcc/arm-none-eabi/12.3.1/../../../../arm-none-eabi/lib/thumb/v7e-m+fp/hard\libc_nano.a(libc_a-strtod.o)
                0x0800c840                strtof
 .text._strtol_l.constprop.0
                0x0800c908       0xf4 C:/ST/STM32CubeIDE_1.15.0/STM32CubeIDE/plugins/com.st.stm32cube.ide.mcu.externaltools.gnu-tools-for-stm32.12.3.rel1.win32_1.0.100.202403111256/tools/bin/../lib/gcc/arm-none-eabi/12.3.1/../../../../arm-none-eabi/lib/thumb/v7e-m+fp/hard\libc_nano.a(libc_a-strtol.o)
 .text.strtol   0x0800c9fc       0x14 C:/ST/STM32CubeIDE_1.15.0/STM32CubeIDE/plugins/com.st.stm32cube.ide.mcu.externaltools.gnu-tools-for-stm32.12.3.rel1.win32_1.0.100.202403111256/tools/bin/../lib/gcc/arm-none-eabi/12.3.1/../../../../arm-none-eabi/lib/thumb/v7e-m+fp/hard\libc_nano.a(libc_a-strtol.o)
                0x0800c9fc                strtol
 .text.std      0x0800ca10       0x6c C:/ST/STM32CubeIDE_1.15.0/STM32CubeIDE/plugins/com.st.stm32cube.ide.mcu.externaltools.gnu-tools-for-stm32.12.3.rel1.win32_1.0.100.202403111256/tools/bin/../lib/gcc/arm-none-eabi/12.3.1/../../../../arm-none-eabi/lib/thumb/v7e-m+fp/hard\libc_nano.a(libc_a-findfp.o)
 .text.stdio_exit_handler
                0x0800ca7c       0x18 C:/ST/STM32CubeIDE_1.15.0/STM32CubeIDE/plugins/com.st.stm32cube.ide.mcu.externaltools.gnu-tools-for-stm32.12.3.rel1.win32_1.0.100.202403111256/tools/bin/../lib/gcc/arm-none-eabi/12.3.1/../../../../arm-none-eabi/lib/thumb/v7e-m+fp/hard\libc_nano.a(libc_a-findfp.o)
 .text.cleanup_stdio
                0x0800ca94       0x40 C:/ST/STM32CubeIDE_1.15.0/STM32CubeIDE/plugins/com.st.stm32cube.ide.mcu.externaltools.gnu-tools-for-stm32.12.3.rel1.win32_1.0.100.202403111256/tools/bin/../lib/gcc/arm-none-eabi/12.3.1/../../../../arm-none-eabi/lib/thumb/v7e-m+fp/hard\libc_nano.a(libc_a-findfp.o)
 .text.global_stdio_init.part.0
                0x0800cad4       0x3c C:/ST/STM32CubeIDE_1.15.0/STM32CubeIDE/plugins/com.st.stm32cube.ide.mcu.externaltools.gnu-tools-for-stm32.12.3.rel1.win32_1.0.100.202403111256/tools/bin/../lib/gcc/arm-none-eabi/12.3.1/../../../../arm-none-eabi/lib/thumb/v7e-m+fp/hard\libc_nano.a(libc_a-findfp.o)
 .text.__sfp_lock_acquire
                0x0800cb10        0xc C:/ST/STM32CubeIDE_1.15.0/STM32CubeIDE/plugins/com.st.stm32cube.ide.mcu.externaltools.gnu-tools-for-stm32.12.3.rel1.win32_1.0.100.202403111256/tools/bin/../lib/gcc/arm-none-eabi/12.3.1/../../../../arm-none-eabi/lib/thumb/v7e-m+fp/hard\libc_nano.a(libc_a-findfp.o)
                0x0800cb10                __sfp_lock_acquire
 .text.__sfp_lock_release
                0x0800cb1c        0xc C:/ST/STM32CubeIDE_1.15.0/STM32CubeIDE/plugins/com.st.stm32cube.ide.mcu.externaltools.gnu-tools-for-stm32.12.3.rel1.win32_1.0.100.202403111256/tools/bin/../lib/gcc/arm-none-eabi/12.3.1/../../../../arm-none-eabi/lib/thumb/v7e-m+fp/hard\libc_nano.a(libc_a-findfp.o)
                0x0800cb1c                __sfp_lock_release
 .text.__sinit  0x0800cb28       0x30 C:/ST/STM32CubeIDE_1.15.0/STM32CubeIDE/plugins/com.st.stm32cube.ide.mcu.externaltools.gnu-tools-for-stm32.12.3.rel1.win32_1.0.100.202403111256/tools/bin/../lib/gcc/arm-none-eabi/12.3.1/../../../../arm-none-eabi/lib/thumb/v7e-m+fp/hard\libc_nano.a(libc_a-findfp.o)
                0x0800cb28                __sinit
 .text._fwalk_sglue
                0x0800cb58       0x3c C:/ST/STM32CubeIDE_1.15.0/STM32CubeIDE/plugins/com.st.stm32cube.ide.mcu.externaltools.gnu-tools-for-stm32.12.3.rel1.win32_1.0.100.202403111256/tools/bin/../lib/gcc/arm-none-eabi/12.3.1/../../../../arm-none-eabi/lib/thumb/v7e-m+fp/hard\libc_nano.a(libc_a-fwalk.o)
                0x0800cb58                _fwalk_sglue
 .text.printf   0x0800cb94       0x24 C:/ST/STM32CubeIDE_1.15.0/STM32CubeIDE/plugins/com.st.stm32cube.ide.mcu.externaltools.gnu-tools-for-stm32.12.3.rel1.win32_1.0.100.202403111256/tools/bin/../lib/gcc/arm-none-eabi/12.3.1/../../../../arm-none-eabi/lib/thumb/v7e-m+fp/hard\libc_nano.a(libc_a-printf.o)
                0x0800cb94                iprintf
                0x0800cb94                printf
 .text.__sread  0x0800cbb8       0x22 C:/ST/STM32CubeIDE_1.15.0/STM32CubeIDE/plugins/com.st.stm32cube.ide.mcu.externaltools.gnu-tools-for-stm32.12.3.rel1.win32_1.0.100.202403111256/tools/bin/../lib/gcc/arm-none-eabi/12.3.1/../../../../arm-none-eabi/lib/thumb/v7e-m+fp/hard\libc_nano.a(libc_a-stdio.o)
                0x0800cbb8                __sread
 .text.__swrite
                0x0800cbda       0x38 C:/ST/STM32CubeIDE_1.15.0/STM32CubeIDE/plugins/com.st.stm32cube.ide.mcu.externaltools.gnu-tools-for-stm32.12.3.rel1.win32_1.0.100.202403111256/tools/bin/../lib/gcc/arm-none-eabi/12.3.1/../../../../arm-none-eabi/lib/thumb/v7e-m+fp/hard\libc_nano.a(libc_a-stdio.o)
                0x0800cbda                __swrite
 .text.__sseek  0x0800cc12       0x24 C:/ST/STM32CubeIDE_1.15.0/STM32CubeIDE/plugins/com.st.stm32cube.ide.mcu.externaltools.gnu-tools-for-stm32.12.3.rel1.win32_1.0.100.202403111256/tools/bin/../lib/gcc/arm-none-eabi/12.3.1/../../../../arm-none-eabi/lib/thumb/v7e-m+fp/hard\libc_nano.a(libc_a-stdio.o)
                0x0800cc12                __sseek
 .text.__sclose
                0x0800cc36        0x8 C:/ST/STM32CubeIDE_1.15.0/STM32CubeIDE/plugins/com.st.stm32cube.ide.mcu.externaltools.gnu-tools-for-stm32.12.3.rel1.win32_1.0.100.202403111256/tools/bin/../lib/gcc/arm-none-eabi/12.3.1/../../../../arm-none-eabi/lib/thumb/v7e-m+fp/hard\libc_nano.a(libc_a-stdio.o)
                0x0800cc36                __sclose
 .text.memset   0x0800cc3e       0x10 C:/ST/STM32CubeIDE_1.15.0/STM32CubeIDE/plugins/com.st.stm32cube.ide.mcu.externaltools.gnu-tools-for-stm32.12.3.rel1.win32_1.0.100.202403111256/tools/bin/../lib/gcc/arm-none-eabi/12.3.1/../../../../arm-none-eabi/lib/thumb/v7e-m+fp/hard\libc_nano.a(libc_a-memset.o)
                0x0800cc3e                memset
 .text.strncmp  0x0800cc4e       0x24 C:/ST/STM32CubeIDE_1.15.0/STM32CubeIDE/plugins/com.st.stm32cube.ide.mcu.externaltools.gnu-tools-for-stm32.12.3.rel1.win32_1.0.100.202403111256/tools/bin/../lib/gcc/arm-none-eabi/12.3.1/../../../../arm-none-eabi/lib/thumb/v7e-m+fp/hard\libc_nano.a(libc_a-strncmp.o)
                0x0800cc4e                strncmp
 *fill*         0x0800cc72        0x2 
 .text._close_r
                0x0800cc74       0x20 C:/ST/STM32CubeIDE_1.15.0/STM32CubeIDE/plugins/com.st.stm32cube.ide.mcu.externaltools.gnu-tools-for-stm32.12.3.rel1.win32_1.0.100.202403111256/tools/bin/../lib/gcc/arm-none-eabi/12.3.1/../../../../arm-none-eabi/lib/thumb/v7e-m+fp/hard\libc_nano.a(libc_a-closer.o)
                0x0800cc74                _close_r
 .text._lseek_r
                0x0800cc94       0x24 C:/ST/STM32CubeIDE_1.15.0/STM32CubeIDE/plugins/com.st.stm32cube.ide.mcu.externaltools.gnu-tools-for-stm32.12.3.rel1.win32_1.0.100.202403111256/tools/bin/../lib/gcc/arm-none-eabi/12.3.1/../../../../arm-none-eabi/lib/thumb/v7e-m+fp/hard\libc_nano.a(libc_a-lseekr.o)
                0x0800cc94                _lseek_r
 .text._read_r  0x0800ccb8       0x24 C:/ST/STM32CubeIDE_1.15.0/STM32CubeIDE/plugins/com.st.stm32cube.ide.mcu.externaltools.gnu-tools-for-stm32.12.3.rel1.win32_1.0.100.202403111256/tools/bin/../lib/gcc/arm-none-eabi/12.3.1/../../../../arm-none-eabi/lib/thumb/v7e-m+fp/hard\libc_nano.a(libc_a-readr.o)
                0x0800ccb8                _read_r
 .text._write_r
                0x0800ccdc       0x24 C:/ST/STM32CubeIDE_1.15.0/STM32CubeIDE/plugins/com.st.stm32cube.ide.mcu.externaltools.gnu-tools-for-stm32.12.3.rel1.win32_1.0.100.202403111256/tools/bin/../lib/gcc/arm-none-eabi/12.3.1/../../../../arm-none-eabi/lib/thumb/v7e-m+fp/hard\libc_nano.a(libc_a-writer.o)
                0x0800ccdc                _write_r
 .text.__errno  0x0800cd00        0xc C:/ST/STM32CubeIDE_1.15.0/STM32CubeIDE/plugins/com.st.stm32cube.ide.mcu.externaltools.gnu-tools-for-stm32.12.3.rel1.win32_1.0.100.202403111256/tools/bin/../lib/gcc/arm-none-eabi/12.3.1/../../../../arm-none-eabi/lib/thumb/v7e-m+fp/hard\libc_nano.a(libc_a-errno.o)
                0x0800cd00                __errno
 .text.__libc_init_array
                0x0800cd0c       0x48 C:/ST/STM32CubeIDE_1.15.0/STM32CubeIDE/plugins/com.st.stm32cube.ide.mcu.externaltools.gnu-tools-for-stm32.12.3.rel1.win32_1.0.100.202403111256/tools/bin/../lib/gcc/arm-none-eabi/12.3.1/../../../../arm-none-eabi/lib/thumb/v7e-m+fp/hard\libc_nano.a(libc_a-init.o)
                0x0800cd0c                __libc_init_array
 .text.__retarget_lock_init_recursive
                0x0800cd54        0x2 C:/ST/STM32CubeIDE_1.15.0/STM32CubeIDE/plugins/com.st.stm32cube.ide.mcu.externaltools.gnu-tools-for-stm32.12.3.rel1.win32_1.0.100.202403111256/tools/bin/../lib/gcc/arm-none-eabi/12.3.1/../../../../arm-none-eabi/lib/thumb/v7e-m+fp/hard\libc_nano.a(libc_a-lock.o)
                0x0800cd54                __retarget_lock_init_recursive
 .text.__retarget_lock_acquire_recursive
                0x0800cd56        0x2 C:/ST/STM32CubeIDE_1.15.0/STM32CubeIDE/plugins/com.st.stm32cube.ide.mcu.externaltools.gnu-tools-for-stm32.12.3.rel1.win32_1.0.100.202403111256/tools/bin/../lib/gcc/arm-none-eabi/12.3.1/../../../../arm-none-eabi/lib/thumb/v7e-m+fp/hard\libc_nano.a(libc_a-lock.o)
                0x0800cd56                __retarget_lock_acquire_recursive
 .text.__retarget_lock_release_recursive
                0x0800cd58        0x2 C:/ST/STM32CubeIDE_1.15.0/STM32CubeIDE/plugins/com.st.stm32cube.ide.mcu.externaltools.gnu-tools-for-stm32.12.3.rel1.win32_1.0.100.202403111256/tools/bin/../lib/gcc/arm-none-eabi/12.3.1/../../../../arm-none-eabi/lib/thumb/v7e-m+fp/hard\libc_nano.a(libc_a-lock.o)
                0x0800cd58                __retarget_lock_release_recursive
 .text.memcpy   0x0800cd5a       0x1c C:/ST/STM32CubeIDE_1.15.0/STM32CubeIDE/plugins/com.st.stm32cube.ide.mcu.externaltools.gnu-tools-for-stm32.12.3.rel1.win32_1.0.100.202403111256/tools/bin/../lib/gcc/arm-none-eabi/12.3.1/../../../../arm-none-eabi/lib/thumb/v7e-m+fp/hard\libc_nano.a(libc_a-memcpy-stub.o)
                0x0800cd5a                memcpy
 *fill*         0x0800cd76        0x2 
 .text.nan      0x0800cd78       0x10 C:/ST/STM32CubeIDE_1.15.0/STM32CubeIDE/plugins/com.st.stm32cube.ide.mcu.externaltools.gnu-tools-for-stm32.12.3.rel1.win32_1.0.100.202403111256/tools/bin/../lib/gcc/arm-none-eabi/12.3.1/../../../../arm-none-eabi/lib/thumb/v7e-m+fp/hard\libc_nano.a(libm_a-s_nan.o)
                0x0800cd78                nan
 .text.nanf     0x0800cd88        0xc C:/ST/STM32CubeIDE_1.15.0/STM32CubeIDE/plugins/com.st.stm32cube.ide.mcu.externaltools.gnu-tools-for-stm32.12.3.rel1.win32_1.0.100.202403111256/tools/bin/../lib/gcc/arm-none-eabi/12.3.1/../../../../arm-none-eabi/lib/thumb/v7e-m+fp/hard\libc_nano.a(libm_a-sf_nan.o)
                0x0800cd88                nanf
 .text._free_r  0x0800cd94       0x94 C:/ST/STM32CubeIDE_1.15.0/STM32CubeIDE/plugins/com.st.stm32cube.ide.mcu.externaltools.gnu-tools-for-stm32.12.3.rel1.win32_1.0.100.202403111256/tools/bin/../lib/gcc/arm-none-eabi/12.3.1/../../../../arm-none-eabi/lib/thumb/v7e-m+fp/hard\libc_nano.a(libc_a-freer.o)
                0x0800cd94                _free_r
 .text.rshift   0x0800ce28       0xa4 C:/ST/STM32CubeIDE_1.15.0/STM32CubeIDE/plugins/com.st.stm32cube.ide.mcu.externaltools.gnu-tools-for-stm32.12.3.rel1.win32_1.0.100.202403111256/tools/bin/../lib/gcc/arm-none-eabi/12.3.1/../../../../arm-none-eabi/lib/thumb/v7e-m+fp/hard\libc_nano.a(libc_a-gdtoa-gethex.o)
 .text.__hexdig_fun
                0x0800cecc       0x2a C:/ST/STM32CubeIDE_1.15.0/STM32CubeIDE/plugins/com.st.stm32cube.ide.mcu.externaltools.gnu-tools-for-stm32.12.3.rel1.win32_1.0.100.202403111256/tools/bin/../lib/gcc/arm-none-eabi/12.3.1/../../../../arm-none-eabi/lib/thumb/v7e-m+fp/hard\libc_nano.a(libc_a-gdtoa-gethex.o)
                0x0800cecc                __hexdig_fun
 *fill*         0x0800cef6        0x2 
 .text.__gethex
                0x0800cef8      0x420 C:/ST/STM32CubeIDE_1.15.0/STM32CubeIDE/plugins/com.st.stm32cube.ide.mcu.externaltools.gnu-tools-for-stm32.12.3.rel1.win32_1.0.100.202403111256/tools/bin/../lib/gcc/arm-none-eabi/12.3.1/../../../../arm-none-eabi/lib/thumb/v7e-m+fp/hard\libc_nano.a(libc_a-gdtoa-gethex.o)
                0x0800cef8                __gethex
 .text.L_shift  0x0800d318       0x24 C:/ST/STM32CubeIDE_1.15.0/STM32CubeIDE/plugins/com.st.stm32cube.ide.mcu.externaltools.gnu-tools-for-stm32.12.3.rel1.win32_1.0.100.202403111256/tools/bin/../lib/gcc/arm-none-eabi/12.3.1/../../../../arm-none-eabi/lib/thumb/v7e-m+fp/hard\libc_nano.a(libc_a-gdtoa-hexnan.o)
 .text.__match  0x0800d33c       0x28 C:/ST/STM32CubeIDE_1.15.0/STM32CubeIDE/plugins/com.st.stm32cube.ide.mcu.externaltools.gnu-tools-for-stm32.12.3.rel1.win32_1.0.100.202403111256/tools/bin/../lib/gcc/arm-none-eabi/12.3.1/../../../../arm-none-eabi/lib/thumb/v7e-m+fp/hard\libc_nano.a(libc_a-gdtoa-hexnan.o)
                0x0800d33c                __match
 .text.__hexnan
                0x0800d364      0x136 C:/ST/STM32CubeIDE_1.15.0/STM32CubeIDE/plugins/com.st.stm32cube.ide.mcu.externaltools.gnu-tools-for-stm32.12.3.rel1.win32_1.0.100.202403111256/tools/bin/../lib/gcc/arm-none-eabi/12.3.1/../../../../arm-none-eabi/lib/thumb/v7e-m+fp/hard\libc_nano.a(libc_a-gdtoa-hexnan.o)
                0x0800d364                __hexnan
 *fill*         0x0800d49a        0x2 
 .text.sbrk_aligned
                0x0800d49c       0x44 C:/ST/STM32CubeIDE_1.15.0/STM32CubeIDE/plugins/com.st.stm32cube.ide.mcu.externaltools.gnu-tools-for-stm32.12.3.rel1.win32_1.0.100.202403111256/tools/bin/../lib/gcc/arm-none-eabi/12.3.1/../../../../arm-none-eabi/lib/thumb/v7e-m+fp/hard\libc_nano.a(libc_a-mallocr.o)
 .text._malloc_r
                0x0800d4e0      0x100 C:/ST/STM32CubeIDE_1.15.0/STM32CubeIDE/plugins/com.st.stm32cube.ide.mcu.externaltools.gnu-tools-for-stm32.12.3.rel1.win32_1.0.100.202403111256/tools/bin/../lib/gcc/arm-none-eabi/12.3.1/../../../../arm-none-eabi/lib/thumb/v7e-m+fp/hard\libc_nano.a(libc_a-mallocr.o)
                0x0800d4e0                _malloc_r
 .text.__ascii_mbtowc
                0x0800d5e0       0x24 C:/ST/STM32CubeIDE_1.15.0/STM32CubeIDE/plugins/com.st.stm32cube.ide.mcu.externaltools.gnu-tools-for-stm32.12.3.rel1.win32_1.0.100.202403111256/tools/bin/../lib/gcc/arm-none-eabi/12.3.1/../../../../arm-none-eabi/lib/thumb/v7e-m+fp/hard\libc_nano.a(libc_a-mbtowc_r.o)
                0x0800d5e0                __ascii_mbtowc
 .text.__malloc_lock
                0x0800d604        0xc C:/ST/STM32CubeIDE_1.15.0/STM32CubeIDE/plugins/com.st.stm32cube.ide.mcu.externaltools.gnu-tools-for-stm32.12.3.rel1.win32_1.0.100.202403111256/tools/bin/../lib/gcc/arm-none-eabi/12.3.1/../../../../arm-none-eabi/lib/thumb/v7e-m+fp/hard\libc_nano.a(libc_a-mlock.o)
                0x0800d604                __malloc_lock
 .text.__malloc_unlock
                0x0800d610        0xc C:/ST/STM32CubeIDE_1.15.0/STM32CubeIDE/plugins/com.st.stm32cube.ide.mcu.externaltools.gnu-tools-for-stm32.12.3.rel1.win32_1.0.100.202403111256/tools/bin/../lib/gcc/arm-none-eabi/12.3.1/../../../../arm-none-eabi/lib/thumb/v7e-m+fp/hard\libc_nano.a(libc_a-mlock.o)
                0x0800d610                __malloc_unlock
 .text._Balloc  0x0800d61c       0x80 C:/ST/STM32CubeIDE_1.15.0/STM32CubeIDE/plugins/com.st.stm32cube.ide.mcu.externaltools.gnu-tools-for-stm32.12.3.rel1.win32_1.0.100.202403111256/tools/bin/../lib/gcc/arm-none-eabi/12.3.1/../../../../arm-none-eabi/lib/thumb/v7e-m+fp/hard\libc_nano.a(libc_a-mprec.o)
                0x0800d61c                _Balloc
 .text._Bfree   0x0800d69c       0x44 C:/ST/STM32CubeIDE_1.15.0/STM32CubeIDE/plugins/com.st.stm32cube.ide.mcu.externaltools.gnu-tools-for-stm32.12.3.rel1.win32_1.0.100.202403111256/tools/bin/../lib/gcc/arm-none-eabi/12.3.1/../../../../arm-none-eabi/lib/thumb/v7e-m+fp/hard\libc_nano.a(libc_a-mprec.o)
                0x0800d69c                _Bfree
 .text.__multadd
                0x0800d6e0       0x8c C:/ST/STM32CubeIDE_1.15.0/STM32CubeIDE/plugins/com.st.stm32cube.ide.mcu.externaltools.gnu-tools-for-stm32.12.3.rel1.win32_1.0.100.202403111256/tools/bin/../lib/gcc/arm-none-eabi/12.3.1/../../../../arm-none-eabi/lib/thumb/v7e-m+fp/hard\libc_nano.a(libc_a-mprec.o)
                0x0800d6e0                __multadd
 .text.__s2b    0x0800d76c       0x94 C:/ST/STM32CubeIDE_1.15.0/STM32CubeIDE/plugins/com.st.stm32cube.ide.mcu.externaltools.gnu-tools-for-stm32.12.3.rel1.win32_1.0.100.202403111256/tools/bin/../lib/gcc/arm-none-eabi/12.3.1/../../../../arm-none-eabi/lib/thumb/v7e-m+fp/hard\libc_nano.a(libc_a-mprec.o)
                0x0800d76c                __s2b
 .text.__hi0bits
                0x0800d800       0x3e C:/ST/STM32CubeIDE_1.15.0/STM32CubeIDE/plugins/com.st.stm32cube.ide.mcu.externaltools.gnu-tools-for-stm32.12.3.rel1.win32_1.0.100.202403111256/tools/bin/../lib/gcc/arm-none-eabi/12.3.1/../../../../arm-none-eabi/lib/thumb/v7e-m+fp/hard\libc_nano.a(libc_a-mprec.o)
                0x0800d800                __hi0bits
 .text.__lo0bits
                0x0800d83e       0x5a C:/ST/STM32CubeIDE_1.15.0/STM32CubeIDE/plugins/com.st.stm32cube.ide.mcu.externaltools.gnu-tools-for-stm32.12.3.rel1.win32_1.0.100.202403111256/tools/bin/../lib/gcc/arm-none-eabi/12.3.1/../../../../arm-none-eabi/lib/thumb/v7e-m+fp/hard\libc_nano.a(libc_a-mprec.o)
                0x0800d83e                __lo0bits
 .text.__i2b    0x0800d898       0x2c C:/ST/STM32CubeIDE_1.15.0/STM32CubeIDE/plugins/com.st.stm32cube.ide.mcu.externaltools.gnu-tools-for-stm32.12.3.rel1.win32_1.0.100.202403111256/tools/bin/../lib/gcc/arm-none-eabi/12.3.1/../../../../arm-none-eabi/lib/thumb/v7e-m+fp/hard\libc_nano.a(libc_a-mprec.o)
                0x0800d898                __i2b
 .text.__multiply
                0x0800d8c4      0x154 C:/ST/STM32CubeIDE_1.15.0/STM32CubeIDE/plugins/com.st.stm32cube.ide.mcu.externaltools.gnu-tools-for-stm32.12.3.rel1.win32_1.0.100.202403111256/tools/bin/../lib/gcc/arm-none-eabi/12.3.1/../../../../arm-none-eabi/lib/thumb/v7e-m+fp/hard\libc_nano.a(libc_a-mprec.o)
                0x0800d8c4                __multiply
 .text.__pow5mult
                0x0800da18       0xb4 C:/ST/STM32CubeIDE_1.15.0/STM32CubeIDE/plugins/com.st.stm32cube.ide.mcu.externaltools.gnu-tools-for-stm32.12.3.rel1.win32_1.0.100.202403111256/tools/bin/../lib/gcc/arm-none-eabi/12.3.1/../../../../arm-none-eabi/lib/thumb/v7e-m+fp/hard\libc_nano.a(libc_a-mprec.o)
                0x0800da18                __pow5mult
 .text.__lshift
                0x0800dacc       0xd8 C:/ST/STM32CubeIDE_1.15.0/STM32CubeIDE/plugins/com.st.stm32cube.ide.mcu.externaltools.gnu-tools-for-stm32.12.3.rel1.win32_1.0.100.202403111256/tools/bin/../lib/gcc/arm-none-eabi/12.3.1/../../../../arm-none-eabi/lib/thumb/v7e-m+fp/hard\libc_nano.a(libc_a-mprec.o)
                0x0800dacc                __lshift
 .text.__mcmp   0x0800dba4       0x36 C:/ST/STM32CubeIDE_1.15.0/STM32CubeIDE/plugins/com.st.stm32cube.ide.mcu.externaltools.gnu-tools-for-stm32.12.3.rel1.win32_1.0.100.202403111256/tools/bin/../lib/gcc/arm-none-eabi/12.3.1/../../../../arm-none-eabi/lib/thumb/v7e-m+fp/hard\libc_nano.a(libc_a-mprec.o)
                0x0800dba4                __mcmp
 *fill*         0x0800dbda        0x2 
 .text.__mdiff  0x0800dbdc      0x128 C:/ST/STM32CubeIDE_1.15.0/STM32CubeIDE/plugins/com.st.stm32cube.ide.mcu.externaltools.gnu-tools-for-stm32.12.3.rel1.win32_1.0.100.202403111256/tools/bin/../lib/gcc/arm-none-eabi/12.3.1/../../../../arm-none-eabi/lib/thumb/v7e-m+fp/hard\libc_nano.a(libc_a-mprec.o)
                0x0800dbdc                __mdiff
 .text.__ulp    0x0800dd04       0x4c C:/ST/STM32CubeIDE_1.15.0/STM32CubeIDE/plugins/com.st.stm32cube.ide.mcu.externaltools.gnu-tools-for-stm32.12.3.rel1.win32_1.0.100.202403111256/tools/bin/../lib/gcc/arm-none-eabi/12.3.1/../../../../arm-none-eabi/lib/thumb/v7e-m+fp/hard\libc_nano.a(libc_a-mprec.o)
                0x0800dd04                __ulp
 .text.__b2d    0x0800dd50       0x94 C:/ST/STM32CubeIDE_1.15.0/STM32CubeIDE/plugins/com.st.stm32cube.ide.mcu.externaltools.gnu-tools-for-stm32.12.3.rel1.win32_1.0.100.202403111256/tools/bin/../lib/gcc/arm-none-eabi/12.3.1/../../../../arm-none-eabi/lib/thumb/v7e-m+fp/hard\libc_nano.a(libc_a-mprec.o)
                0x0800dd50                __b2d
 .text.__d2b    0x0800dde4       0xb0 C:/ST/STM32CubeIDE_1.15.0/STM32CubeIDE/plugins/com.st.stm32cube.ide.mcu.externaltools.gnu-tools-for-stm32.12.3.rel1.win32_1.0.100.202403111256/tools/bin/../lib/gcc/arm-none-eabi/12.3.1/../../../../arm-none-eabi/lib/thumb/v7e-m+fp/hard\libc_nano.a(libc_a-mprec.o)
                0x0800dde4                __d2b
 .text.__ratio  0x0800de94       0x64 C:/ST/STM32CubeIDE_1.15.0/STM32CubeIDE/plugins/com.st.stm32cube.ide.mcu.externaltools.gnu-tools-for-stm32.12.3.rel1.win32_1.0.100.202403111256/tools/bin/../lib/gcc/arm-none-eabi/12.3.1/../../../../arm-none-eabi/lib/thumb/v7e-m+fp/hard\libc_nano.a(libc_a-mprec.o)
                0x0800de94                __ratio
 .text.__copybits
                0x0800def8       0x46 C:/ST/STM32CubeIDE_1.15.0/STM32CubeIDE/plugins/com.st.stm32cube.ide.mcu.externaltools.gnu-tools-for-stm32.12.3.rel1.win32_1.0.100.202403111256/tools/bin/../lib/gcc/arm-none-eabi/12.3.1/../../../../arm-none-eabi/lib/thumb/v7e-m+fp/hard\libc_nano.a(libc_a-mprec.o)
                0x0800def8                __copybits
 .text.__any_on
                0x0800df3e       0x42 C:/ST/STM32CubeIDE_1.15.0/STM32CubeIDE/plugins/com.st.stm32cube.ide.mcu.externaltools.gnu-tools-for-stm32.12.3.rel1.win32_1.0.100.202403111256/tools/bin/../lib/gcc/arm-none-eabi/12.3.1/../../../../arm-none-eabi/lib/thumb/v7e-m+fp/hard\libc_nano.a(libc_a-mprec.o)
                0x0800df3e                __any_on
 .text.__ascii_wctomb
                0x0800df80       0x1a C:/ST/STM32CubeIDE_1.15.0/STM32CubeIDE/plugins/com.st.stm32cube.ide.mcu.externaltools.gnu-tools-for-stm32.12.3.rel1.win32_1.0.100.202403111256/tools/bin/../lib/gcc/arm-none-eabi/12.3.1/../../../../arm-none-eabi/lib/thumb/v7e-m+fp/hard\libc_nano.a(libc_a-wctomb_r.o)
                0x0800df80                __ascii_wctomb
 .text.__sfputc_r
                0x0800df9a       0x2e C:/ST/STM32CubeIDE_1.15.0/STM32CubeIDE/plugins/com.st.stm32cube.ide.mcu.externaltools.gnu-tools-for-stm32.12.3.rel1.win32_1.0.100.202403111256/tools/bin/../lib/gcc/arm-none-eabi/12.3.1/../../../../arm-none-eabi/lib/thumb/v7e-m+fp/hard\libc_nano.a(libc_a-nano-vfprintf.o)
 .text.__sfputs_r
                0x0800dfc8       0x24 C:/ST/STM32CubeIDE_1.15.0/STM32CubeIDE/plugins/com.st.stm32cube.ide.mcu.externaltools.gnu-tools-for-stm32.12.3.rel1.win32_1.0.100.202403111256/tools/bin/../lib/gcc/arm-none-eabi/12.3.1/../../../../arm-none-eabi/lib/thumb/v7e-m+fp/hard\libc_nano.a(libc_a-nano-vfprintf.o)
                0x0800dfc8                __sfputs_r
 .text._vfprintf_r
                0x0800dfec      0x230 C:/ST/STM32CubeIDE_1.15.0/STM32CubeIDE/plugins/com.st.stm32cube.ide.mcu.externaltools.gnu-tools-for-stm32.12.3.rel1.win32_1.0.100.202403111256/tools/bin/../lib/gcc/arm-none-eabi/12.3.1/../../../../arm-none-eabi/lib/thumb/v7e-m+fp/hard\libc_nano.a(libc_a-nano-vfprintf.o)
                0x0800dfec                _vfprintf_r
                0x0800dfec                _vfiprintf_r
 .text._printf_common
                0x0800e21c       0xda C:/ST/STM32CubeIDE_1.15.0/STM32CubeIDE/plugins/com.st.stm32cube.ide.mcu.externaltools.gnu-tools-for-stm32.12.3.rel1.win32_1.0.100.202403111256/tools/bin/../lib/gcc/arm-none-eabi/12.3.1/../../../../arm-none-eabi/lib/thumb/v7e-m+fp/hard\libc_nano.a(libc_a-nano-vfprintf_i.o)
                0x0800e21c                _printf_common
 *fill*         0x0800e2f6        0x2 
 .text._printf_i
                0x0800e2f8      0x240 C:/ST/STM32CubeIDE_1.15.0/STM32CubeIDE/plugins/com.st.stm32cube.ide.mcu.externaltools.gnu-tools-for-stm32.12.3.rel1.win32_1.0.100.202403111256/tools/bin/../lib/gcc/arm-none-eabi/12.3.1/../../../../arm-none-eabi/lib/thumb/v7e-m+fp/hard\libc_nano.a(libc_a-nano-vfprintf_i.o)
                0x0800e2f8                _printf_i
 .text.__sflush_r
                0x0800e538      0x108 C:/ST/STM32CubeIDE_1.15.0/STM32CubeIDE/plugins/com.st.stm32cube.ide.mcu.externaltools.gnu-tools-for-stm32.12.3.rel1.win32_1.0.100.202403111256/tools/bin/../lib/gcc/arm-none-eabi/12.3.1/../../../../arm-none-eabi/lib/thumb/v7e-m+fp/hard\libc_nano.a(libc_a-fflush.o)
                0x0800e538                __sflush_r
 .text._fflush_r
                0x0800e640       0x50 C:/ST/STM32CubeIDE_1.15.0/STM32CubeIDE/plugins/com.st.stm32cube.ide.mcu.externaltools.gnu-tools-for-stm32.12.3.rel1.win32_1.0.100.202403111256/tools/bin/../lib/gcc/arm-none-eabi/12.3.1/../../../../arm-none-eabi/lib/thumb/v7e-m+fp/hard\libc_nano.a(libc_a-fflush.o)
                0x0800e640                _fflush_r
 .text.__swbuf_r
                0x0800e690       0x7c C:/ST/STM32CubeIDE_1.15.0/STM32CubeIDE/plugins/com.st.stm32cube.ide.mcu.externaltools.gnu-tools-for-stm32.12.3.rel1.win32_1.0.100.202403111256/tools/bin/../lib/gcc/arm-none-eabi/12.3.1/../../../../arm-none-eabi/lib/thumb/v7e-m+fp/hard\libc_nano.a(libc_a-wbuf.o)
                0x0800e690                __swbuf_r
 .text.__swsetup_r
                0x0800e70c       0xac C:/ST/STM32CubeIDE_1.15.0/STM32CubeIDE/plugins/com.st.stm32cube.ide.mcu.externaltools.gnu-tools-for-stm32.12.3.rel1.win32_1.0.100.202403111256/tools/bin/../lib/gcc/arm-none-eabi/12.3.1/../../../../arm-none-eabi/lib/thumb/v7e-m+fp/hard\libc_nano.a(libc_a-wsetup.o)
                0x0800e70c                __swsetup_r
 .text._sbrk_r  0x0800e7b8       0x20 C:/ST/STM32CubeIDE_1.15.0/STM32CubeIDE/plugins/com.st.stm32cube.ide.mcu.externaltools.gnu-tools-for-stm32.12.3.rel1.win32_1.0.100.202403111256/tools/bin/../lib/gcc/arm-none-eabi/12.3.1/../../../../arm-none-eabi/lib/thumb/v7e-m+fp/hard\libc_nano.a(libc_a-sbrkr.o)
                0x0800e7b8                _sbrk_r
 .text.__assert_func