../../Drivers/CMSIS/Include/core_cm4.h:2064:26:ITM_SendChar	4
C:/Users/Kaung Htet Htun/OneDrive/Desktop/STM32F4_study/HAL/Uart_Test/Drivers/Own/Inc/rom_communication.h:22:8:ROM_checksum	1
C:/Users/Kaung Htet Htun/OneDrive/Desktop/STM32F4_study/HAL/Uart_Test/Drivers/Own/Inc/rom_communication.h:64:1:encodeBuffer	1
C:/Users/Kaung Htet Htun/OneDrive/Desktop/STM32F4_study/HAL/Uart_Test/Drivers/Own/Inc/rom_communication.h:122:1:decodeBuffer	1
C:/Users/Kaung Htet Htun/OneDrive/Desktop/STM32F4_study/HAL/Uart_Test/Drivers/Own/Inc/rom_communication.h:270:6:led_1_on	1
C:/Users/Kaung Htet Htun/OneDrive/Desktop/STM32F4_study/HAL/Uart_Test/Drivers/Own/Inc/rom_communication.h:271:6:led_1_off	1
C:/Users/Kaung Htet Htun/OneDrive/Desktop/STM32F4_study/HAL/Uart_Test/Drivers/Own/Inc/rom_communication.h:273:6:led_2_on	1
C:/Users/Kaung Htet Htun/OneDrive/Desktop/STM32F4_study/HAL/Uart_Test/Drivers/Own/Inc/rom_communication.h:274:6:led_2_off	1
C:/Users/Kaung Htet Htun/OneDrive/Desktop/STM32F4_study/HAL/Uart_Test/Drivers/Own/Inc/rom_communication.h:276:6:led_3_on	1
C:/Users/Kaung Htet Htun/OneDrive/Desktop/STM32F4_study/HAL/Uart_Test/Drivers/Own/Inc/rom_communication.h:277:6:led_3_off	1
C:/Users/Kaung Htet Htun/OneDrive/Desktop/STM32F4_study/HAL/Uart_Test/Drivers/Own/Inc/rom_communication.h:279:6:led_4_on	1
C:/Users/Kaung Htet Htun/OneDrive/Desktop/STM32F4_study/HAL/Uart_Test/Drivers/Own/Inc/rom_communication.h:280:6:led_4_off	1
C:/Users/Kaung Htet Htun/OneDrive/Desktop/STM32F4_study/HAL/Uart_Test/Drivers/Own/Inc/rom_communication.h:282:6:estop_on	1
C:/Users/Kaung Htet Htun/OneDrive/Desktop/STM32F4_study/HAL/Uart_Test/Drivers/Own/Inc/rom_communication.h:283:6:estop_off	1
C:/Users/Kaung Htet Htun/OneDrive/Desktop/STM32F4_study/HAL/Uart_Test/Core/Src/main.c:65:6:HAL_UART_RxCpltCallback	1
C:/Users/Kaung Htet Htun/OneDrive/Desktop/STM32F4_study/HAL/Uart_Test/Core/Src/main.c:107:5:main	1
C:/Users/Kaung Htet Htun/OneDrive/Desktop/STM32F4_study/HAL/Uart_Test/Core/Src/main.c:159:6:SystemClock_Config	3
C:/Users/Kaung Htet Htun/OneDrive/Desktop/STM32F4_study/HAL/Uart_Test/Core/Src/main.c:203:5:_write	2
C:/Users/Kaung Htet Htun/OneDrive/Desktop/STM32F4_study/HAL/Uart_Test/Core/Src/main.c:216:6:TIM1_BRK_TIM9_IRQHandler	2
C:/Users/Kaung Htet Htun/OneDrive/Desktop/STM32F4_study/HAL/Uart_Test/Core/Src/main.c:257:6:Error_Handler	1
