Component: ARM Compiler 5.06 update 7 (build 960) Tool: armlink [4d3601]

==============================================================================

Section Cross References

    startup_stm32f407xx.o(STACK) refers (Special) to heapauxi.o(.text) for __use_two_region_memory
    startup_stm32f407xx.o(HEAP) refers (Special) to heapauxi.o(.text) for __use_two_region_memory
    startup_stm32f407xx.o(RESET) refers (Special) to heapauxi.o(.text) for __use_two_region_memory
    startup_stm32f407xx.o(RESET) refers to startup_stm32f407xx.o(STACK) for __initial_sp
    startup_stm32f407xx.o(RESET) refers to startup_stm32f407xx.o(.text) for Reset_Handler
    startup_stm32f407xx.o(RESET) refers to stm32f4xx_it.o(i.NMI_Handler) for NMI_Handler
    startup_stm32f407xx.o(RESET) refers to stm32f4xx_it.o(i.HardFault_Handler) for HardFault_Handler
    startup_stm32f407xx.o(RESET) refers to stm32f4xx_it.o(i.MemManage_Handler) for MemManage_Handler
    startup_stm32f407xx.o(RESET) refers to stm32f4xx_it.o(i.BusFault_Handler) for BusFault_Handler
    startup_stm32f407xx.o(RESET) refers to stm32f4xx_it.o(i.UsageFault_Handler) for UsageFault_Handler
    startup_stm32f407xx.o(RESET) refers to stm32f4xx_it.o(i.SVC_Handler) for SVC_Handler
    startup_stm32f407xx.o(RESET) refers to stm32f4xx_it.o(i.DebugMon_Handler) for DebugMon_Handler
    startup_stm32f407xx.o(RESET) refers to stm32f4xx_it.o(i.PendSV_Handler) for PendSV_Handler
    startup_stm32f407xx.o(RESET) refers to stm32f4xx_it.o(i.SysTick_Handler) for SysTick_Handler
    startup_stm32f407xx.o(RESET) refers to stm32f4xx_it.o(i.EXTI0_IRQHandler) for EXTI0_IRQHandler
    startup_stm32f407xx.o(RESET) refers to stm32f4xx_it.o(i.ADC_IRQHandler) for ADC_IRQHandler
    startup_stm32f407xx.o(RESET) refers to stm32f4xx_it.o(i.CAN1_TX_IRQHandler) for CAN1_TX_IRQHandler
    startup_stm32f407xx.o(RESET) refers to stm32f4xx_it.o(i.CAN1_RX0_IRQHandler) for CAN1_RX0_IRQHandler
    startup_stm32f407xx.o(RESET) refers to stm32f4xx_it.o(i.CAN1_RX1_IRQHandler) for CAN1_RX1_IRQHandler
    startup_stm32f407xx.o(RESET) refers to stm32f4xx_it.o(i.CAN1_SCE_IRQHandler) for CAN1_SCE_IRQHandler
    startup_stm32f407xx.o(RESET) refers to main.o(i.TIM1_BRK_TIM9_IRQHandler) for TIM1_BRK_TIM9_IRQHandler
    startup_stm32f407xx.o(RESET) refers to stm32f4xx_it.o(i.OTG_FS_IRQHandler) for OTG_FS_IRQHandler
    startup_stm32f407xx.o(.text) refers (Special) to heapauxi.o(.text) for __use_two_region_memory
    startup_stm32f407xx.o(.text) refers to system_stm32f4xx.o(i.SystemInit) for SystemInit
    startup_stm32f407xx.o(.text) refers to __main.o(!!!main) for __main
    startup_stm32f407xx.o(.text) refers to startup_stm32f407xx.o(HEAP) for Heap_Mem
    startup_stm32f407xx.o(.text) refers to startup_stm32f407xx.o(STACK) for Stack_Mem
    rom_lsdb4830_cafc.o(i.EmergencyMode) refers to stm32f4xx_hal_can.o(i.HAL_CAN_AddTxMessage) for HAL_CAN_AddTxMessage
    rom_lsdb4830_cafc.o(i.EmergencyMode) refers to tim.o(i.delay_us) for delay_us
    rom_lsdb4830_cafc.o(i.EmergencyMode) refers to rom_lsdb4830_cafc.o(.bss) for .bss
    rom_lsdb4830_cafc.o(i.EmergencyMode) refers to rom_lsdb4830_cafc.o(.data) for .data
    rom_lsdb4830_cafc.o(i.___ROM_LSDB_PREPARE) refers to rom_lsdb4830_cafc.o(i.clearMotors) for clearMotors
    rom_lsdb4830_cafc.o(i.___ROM_LSDB_PREPARE) refers to stm32f4xx_hal.o(i.HAL_Delay) for HAL_Delay
    rom_lsdb4830_cafc.o(i.___ROM_LSDB_PREPARE) refers to rom_lsdb4830_cafc.o(i.disableMotors) for disableMotors
    rom_lsdb4830_cafc.o(i.___ROM_LSDB_PREPARE) refers to rom_lsdb4830_cafc.o(i.clearActualPostion) for clearActualPostion
    rom_lsdb4830_cafc.o(i.___ROM_LSDB_PREPARE) refers to rom_lsdb4830_cafc.o(i.setAccel) for setAccel
    rom_lsdb4830_cafc.o(i.___ROM_LSDB_PREPARE) refers to rom_lsdb4830_cafc.o(i.setDecel) for setDecel
    rom_lsdb4830_cafc.o(i.___ROM_LSDB_PREPARE) refers to rom_lsdb4830_cafc.o(i.enableMotorLeft) for enableMotorLeft
    rom_lsdb4830_cafc.o(i.___ROM_LSDB_PREPARE) refers to rom_lsdb4830_cafc.o(i.enableMotorRight) for enableMotorRight
    rom_lsdb4830_cafc.o(i.___ROM_LSDB_PREPARE) refers to rom_lsdb4830_cafc.o(i.setOperatingMode) for setOperatingMode
    rom_lsdb4830_cafc.o(i.___ROM_LSDB_PREPARE) refers to rom_lsdb4830_cafc.o(i.setActualSpeedSamplingCycle) for setActualSpeedSamplingCycle
    rom_lsdb4830_cafc.o(i.___ROM_LSDB_PREPARE) refers to rom_lsdb4830_cafc.o(i.setMaxRPM) for setMaxRPM
    rom_lsdb4830_cafc.o(i.___ROM_LSDB_PREPARE) refers to rom_lsdb4830_cafc.o(i.setTargetVelocityRpmRight) for setTargetVelocityRpmRight
    rom_lsdb4830_cafc.o(i.___ROM_LSDB_PREPARE) refers to rom_lsdb4830_cafc.o(i.setTargetVelocityRpmLeft) for setTargetVelocityRpmLeft
    rom_lsdb4830_cafc.o(i.___ROM_LSDB_PREPARE) refers to rom_lsdb4830_cafc.o(i.enableTenMilliSecondLoop) for enableTenMilliSecondLoop
    rom_lsdb4830_cafc.o(i.___ROM_LSDB_PREPARE) refers to rom_lsdb4830_cafc.o(.bss) for .bss
    rom_lsdb4830_cafc.o(i.___ROM_LSDB_PREPARE) refers to main.o(.data) for speed_limit
[...]
    __aeabi_llsl                             0x08001297   Thumb Code     0  llshl.o(.text)
    __semihosting_library_function           0x08001297   Thumb Code     0  indicate_semi.o(.text)
    _ll_shift_l                              0x08001297   Thumb Code    38  llshl.o(.text)
    _chval                                   0x080012bd   Thumb Code    28  _chval.o(.text)
    __btod_div_common                        0x080012d9   Thumb Code   696  btod.o(CL$$btod_div_common)
    _e2d                                     0x08001611   Thumb Code   122  btod.o(CL$$btod_e2d)
    _e2e                                     0x08001695   Thumb Code   220  btod.o(CL$$btod_e2e)
    _btod_ediv                               0x08001771   Thumb Code    42  btod.o(CL$$btod_ediv)
    _btod_edivd                              0x0800179b   Thumb Code    42  btod.o(CL$$btod_edivd)
    _btod_emul                               0x080017c5   Thumb Code    42  btod.o(CL$$btod_emul)
    _btod_emuld                              0x080017ef   Thumb Code    42  btod.o(CL$$btod_emuld)
    __btod_mult_common                       0x08001819   Thumb Code   580  btod.o(CL$$btod_mult_common)
    ADC_IRQHandler                           0x08001a5d   Thumb Code     6  stm32f4xx_it.o(i.ADC_IRQHandler)
    BusFault_Handler                         0x08001b91   Thumb Code     2  stm32f4xx_it.o(i.BusFault_Handler)
    CAN1_RX0_IRQHandler                      0x08001b95   Thumb Code     6  stm32f4xx_it.o(i.CAN1_RX0_IRQHandler)
    CAN1_RX1_IRQHandler                      0x08001ba1   Thumb Code     6  stm32f4xx_it.o(i.CAN1_RX1_IRQHandler)
    CAN1_SCE_IRQHandler                      0x08001bad   Thumb Code     6  stm32f4xx_it.o(i.CAN1_SCE_IRQHandler)
    CAN1_TX_IRQHandler                       0x08001bb9   Thumb Code     6  stm32f4xx_it.o(i.CAN1_TX_IRQHandler)
    CAN_Error_Handler                        0x08001bc5   Thumb Code    56  main.o(i.CAN_Error_Handler)
    CDC_Transmit_FS                          0x08001ca9   Thumb Code    38  usbd_cdc_if.o(i.CDC_Transmit_FS)
    DebugMon_Handler                         0x08001cd5   Thumb Code     2  stm32f4xx_it.o(i.DebugMon_Handler)
    EXTI0_IRQHandler                         0x08001cd7   Thumb Code     6  stm32f4xx_it.o(i.EXTI0_IRQHandler)
    Error_Handler                            0x08001cdd   Thumb Code    16  main.o(i.Error_Handler)
    HAL_ADCEx_InjectedConvCpltCallback       0x08001cf1   Thumb Code     2  stm32f4xx_hal_adc_ex.o(i.HAL_ADCEx_InjectedConvCpltCallback)
    HAL_ADC_ConfigChannel                    0x08001cf5   Thumb Code   316  stm32f4xx_hal_adc.o(i.HAL_ADC_ConfigChannel)
    HAL_ADC_ConvCpltCallback                 0x08001e41   Thumb Code     2  stm32f4xx_hal_adc.o(i.HAL_ADC_ConvCpltCallback)
    HAL_ADC_ErrorCallback                    0x08001e43   Thumb Code     2  stm32f4xx_hal_adc.o(i.HAL_ADC_ErrorCallback)
    HAL_ADC_IRQHandler                       0x08001e45   Thumb Code   302  stm32f4xx_hal_adc.o(i.HAL_ADC_IRQHandler)
    HAL_ADC_Init                             0x08001f73   Thumb Code    84  stm32f4xx_hal_adc.o(i.HAL_ADC_Init)
    HAL_ADC_LevelOutOfWindowCallback         0x08001fc7   Thumb Code     2  stm32f4xx_hal_adc.o(i.HAL_ADC_LevelOutOfWindowCallback)
    HAL_ADC_MspInit                          0x08001fc9   Thumb Code   100  adc.o(i.HAL_ADC_MspInit)
    HAL_CAN_ActivateNotification             0x08002039   Thumb Code    36  stm32f4xx_hal_can.o(i.HAL_CAN_ActivateNotification)
    HAL_CAN_AddTxMessage                     0x0800205d   Thumb Code   208  stm32f4xx_hal_can.o(i.HAL_CAN_AddTxMessage)
    HAL_CAN_ConfigFilter                     0x0800212d   Thumb Code   262  stm32f4xx_hal_can.o(i.HAL_CAN_ConfigFilter)
    HAL_CAN_ErrorCallback                    0x08002239   Thumb Code     2  stm32f4xx_hal_can.o(i.HAL_CAN_ErrorCallback)
    HAL_CAN_GetRxMessage                     0x0800223b   Thumb Code   244  stm32f4xx_hal_can.o(i.HAL_CAN_GetRxMessage)
    HAL_CAN_IRQHandler                       0x0800232f   Thumb Code   508  stm32f4xx_hal_can.o(i.HAL_CAN_IRQHandler)
    HAL_CAN_Init                             0x0800252b   Thumb Code   282  stm32f4xx_hal_can.o(i.HAL_CAN_Init)
    HAL_CAN_IsTxMessagePending               0x08002645   Thumb Code    30  stm32f4xx_hal_can.o(i.HAL_CAN_IsTxMessagePending)
    HAL_CAN_MspInit                          0x08002665   Thumb Code   158  can.o(i.HAL_CAN_MspInit)
    HAL_CAN_RxFifo0FullCallback              0x08002711   Thumb Code     2  stm32f4xx_hal_can.o(i.HAL_CAN_RxFifo0FullCallback)
    HAL_CAN_RxFifo0MsgPendingCallback        0x08002715   Thumb Code   112  main.o(i.HAL_CAN_RxFifo0MsgPendingCallback)
    HAL_CAN_RxFifo1FullCallback              0x08002791   Thumb Code     2  stm32f4xx_hal_can.o(i.HAL_CAN_RxFifo1FullCallback)
    HAL_CAN_RxFifo1MsgPendingCallback        0x08002795   Thumb Code   114  main.o(i.HAL_CAN_RxFifo1MsgPendingCallback)
    HAL_CAN_SleepCallback                    0x08002815   Thumb Code     2  stm32f4xx_hal_can.o(i.HAL_CAN_SleepCallback)
    HAL_CAN_Start                            0x08002819   Thumb Code    88  stm32f4xx_hal_can.o(i.HAL_CAN_Start)
    HAL_CAN_TxMailbox0AbortCallback          0x08002871   Thumb Code     2  stm32f4xx_hal_can.o(i.HAL_CAN_TxMailbox0AbortCallback)
    HAL_CAN_TxMailbox0CompleteCallback       0x08002873   Thumb Code     2  stm32f4xx_hal_can.o(i.HAL_CAN_TxMailbox0CompleteCallback)
    HAL_CAN_TxMailbox1AbortCallback          0x08002875   Thumb Code     2  stm32f4xx_hal_can.o(i.HAL_CAN_TxMailbox1AbortCallback)
    HAL_CAN_TxMailbox1CompleteCallback       0x08002877   Thumb Code     2  stm32f4xx_hal_can.o(i.HAL_CAN_TxMailbox1CompleteCallback)
    HAL_CAN_TxMailbox2AbortCallback          0x08002879   Thumb Code     2  stm32f4xx_hal_can.o(i.HAL_CAN_TxMailbox2AbortCallback)
    HAL_CAN_TxMailbox2CompleteCallback       0x0800287b   Thumb Code     2  stm32f4xx_hal_can.o(i.HAL_CAN_TxMailbox2CompleteCallback)
    HAL_CAN_WakeUpFromRxMsgCallback          0x0800287d   Thumb Code     2  stm32f4xx_hal_can.o(i.HAL_CAN_WakeUpFromRxMsgCallback)
    HAL_Delay                                0x08002881   Thumb Code    32  stm32f4xx_hal.o(i.HAL_Delay)
    HAL_GPIO_EXTI_Callback                   0x080028a5   Thumb Code     2  stm32f4xx_hal_gpio.o(i.HAL_GPIO_EXTI_Callback)
    HAL_GPIO_EXTI_IRQHandler                 0x080028a9   Thumb Code    18  stm32f4xx_hal_gpio.o(i.HAL_GPIO_EXTI_IRQHandler)
    HAL_GPIO_Init                            0x080028c1   Thumb Code   450  stm32f4xx_hal_gpio.o(i.HAL_GPIO_Init)
    HAL_GPIO_TogglePin                       0x08002ab1   Thumb Code    16  stm32f4xx_hal_gpio.o(i.HAL_GPIO_TogglePin)
    HAL_GPIO_WritePin                        0x08002ac1   Thumb Code    10  stm32f4xx_hal_gpio.o(i.HAL_GPIO_WritePin)
    HAL_GetTick                              0x08002acd   Thumb Code     6  stm32f4xx_hal.o(i.HAL_GetTick)
    HAL_IncTick                              0x08002ad9   Thumb Code    12  stm32f4xx_hal.o(i.HAL_IncTick)
    HAL_Init                                 0x08002ae9   Thumb Code    48  stm32f4xx_hal.o(i.HAL_Init)
    HAL_InitTick                             0x08002b1d   Thumb Code    54  stm32f4xx_hal.o(i.HAL_InitTick)
    HAL_MspInit                              0x08002b5d   Thumb Code    48  stm32f4xx_hal_msp.o(i.HAL_MspInit)
    HAL_NVIC_EnableIRQ                       0x08002b91   Thumb Code    26  stm32f4xx_hal_cortex.o(i.HAL_NVIC_EnableIRQ)
    HAL_NVIC_SetPriority                     0x08002bad   Thumb Code    60  stm32f4xx_hal_cortex.o(i.HAL_NVIC_SetPriority)
    HAL_NVIC_SetPriorityGrouping             0x08002bed   Thumb Code    26  stm32f4xx_hal_cortex.o(i.HAL_NVIC_SetPriorityGrouping)
    HAL_PCDEx_LPM_Callback                   0x08002c11   Thumb Code     2  stm32f4xx_hal_pcd_ex.o(i.HAL_PCDEx_LPM_Callback)
    HAL_PCDEx_SetRxFiFo                      0x08002c13   Thumb Code     8  stm32f4xx_hal_pcd_ex.o(i.HAL_PCDEx_SetRxFiFo)
    HAL_PCDEx_SetTxFiFo                      0x08002c1b   Thumb Code    68  stm32f4xx_hal_pcd_ex.o(i.HAL_PCDEx_SetTxFiFo)
    HAL_PCD_ConnectCallback                  0x08002c5f   Thumb Code     8  usbd_conf.o(i.HAL_PCD_ConnectCallback)
    HAL_PCD_DataInStageCallback              0x08002c67   Thumb Code    18  usbd_conf.o(i.HAL_PCD_DataInStageCallback)
    HAL_PCD_DataOutStageCallback             0x08002c79   Thumb Code    20  usbd_conf.o(i.HAL_PCD_DataOutStageCallback)
    HAL_PCD_DisconnectCallback               0x08002c8d   Thumb Code     8  usbd_conf.o(i.HAL_PCD_DisconnectCallback)
    HAL_PCD_EP_Abort                         0x08002c95   Thumb Code    30  stm32f4xx_hal_pcd.o(i.HAL_PCD_EP_Abort)
    HAL_PCD_EP_Close                         0x08002cb3   Thumb Code    74  stm32f4xx_hal_pcd.o(i.HAL_PCD_EP_Close)
    HAL_PCD_EP_ClrStall                      0x08002cfd   Thumb Code    90  stm32f4xx_hal_pcd.o(i.HAL_PCD_EP_ClrStall)
    HAL_PCD_EP_GetRxCount                    0x08002d57   Thumb Code    18  stm32f4xx_hal_pcd.o(i.HAL_PCD_EP_GetRxCount)
    HAL_PCD_EP_Open                          0x08002d69   Thumb Code    94  stm32f4xx_hal_pcd.o(i.HAL_PCD_EP_Open)
    HAL_PCD_EP_Receive                       0x08002dc7   Thumb Code    56  stm32f4xx_hal_pcd.o(i.HAL_PCD_EP_Receive)
    HAL_PCD_EP_SetStall                      0x08002dff   Thumb Code   114  stm32f4xx_hal_pcd.o(i.HAL_PCD_EP_SetStall)
    HAL_PCD_EP_Transmit                      0x08002e71   Thumb Code    50  stm32f4xx_hal_pcd.o(i.HAL_PCD_EP_Transmit)
    HAL_PCD_IRQHandler                       0x08002ea5   Thumb Code  1372  stm32f4xx_hal_pcd.o(i.HAL_PCD_IRQHandler)
    HAL_PCD_ISOINIncompleteCallback          0x08003401   Thumb Code     8  usbd_conf.o(i.HAL_PCD_ISOINIncompleteCallback)
    HAL_PCD_ISOOUTIncompleteCallback         0x08003409   Thumb Code     8  usbd_conf.o(i.HAL_PCD_ISOOUTIncompleteCallback)
    HAL_PCD_Init                             0x08003411   Thumb Code   204  stm32f4xx_hal_pcd.o(i.HAL_PCD_Init)
    HAL_PCD_MspInit                          0x080034dd   Thumb Code   142  usbd_conf.o(i.HAL_PCD_MspInit)
    HAL_PCD_ResetCallback                    0x08003575   Thumb Code    44  usbd_conf.o(i.HAL_PCD_ResetCallback)
    HAL_PCD_ResumeCallback                   0x080035a1   Thumb Code     8  usbd_conf.o(i.HAL_PCD_ResumeCallback)
    HAL_PCD_SOFCallback                      0x080035a9   Thumb Code     8  usbd_conf.o(i.HAL_PCD_SOFCallback)
    HAL_PCD_SetAddress                       0x080035b1   Thumb Code    38  stm32f4xx_hal_pcd.o(i.HAL_PCD_SetAddress)
    HAL_PCD_SetupStageCallback               0x080035d7   Thumb Code    14  usbd_conf.o(i.HAL_PCD_SetupStageCallback)
    HAL_PCD_Start                            0x080035e5   Thumb Code    66  stm32f4xx_hal_pcd.o(i.HAL_PCD_Start)
    HAL_PCD_SuspendCallback                  0x08003629   Thumb Code    44  usbd_conf.o(i.HAL_PCD_SuspendCallback)
    HAL_RCC_ClockConfig                      0x08003659   Thumb Code   288  stm32f4xx_hal_rcc.o(i.HAL_RCC_ClockConfig)
    HAL_RCC_GetHCLKFreq                      0x0800378d   Thumb Code     6  stm32f4xx_hal_rcc.o(i.HAL_RCC_GetHCLKFreq)
    HAL_RCC_GetSysClockFreq                  0x08003799   Thumb Code    88  stm32f4xx_hal_rcc.o(i.HAL_RCC_GetSysClockFreq)
    HAL_RCC_OscConfig                        0x080037f9   Thumb Code   856  stm32f4xx_hal_rcc.o(i.HAL_RCC_OscConfig)
    HAL_SYSTICK_Config                       0x08003b65   Thumb Code    40  stm32f4xx_hal_cortex.o(i.HAL_SYSTICK_Config)
    HAL_TIMEx_BreakCallback                  0x08003b8d   Thumb Code     2  stm32f4xx_hal_tim_ex.o(i.HAL_TIMEx_BreakCallback)
    HAL_TIMEx_CommutCallback                 0x08003b8f   Thumb Code     2  stm32f4xx_hal_tim_ex.o(i.HAL_TIMEx_CommutCallback)
    HAL_TIMEx_MasterConfigSynchronization    0x08003b91   Thumb Code   116  stm32f4xx_hal_tim_ex.o(i.HAL_TIMEx_MasterConfigSynchronization)
    HAL_TIM_Base_Init                        0x08003c21   Thumb Code    90  stm32f4xx_hal_tim.o(i.HAL_TIM_Base_Init)
    HAL_TIM_Base_MspInit                     0x08003c7d   Thumb Code    98  tim.o(i.HAL_TIM_Base_MspInit)
    HAL_TIM_Base_Start                       0x08003ced   Thumb Code    90  stm32f4xx_hal_tim.o(i.HAL_TIM_Base_Start)
    HAL_TIM_Base_Start_IT                    0x08003d65   Thumb Code   100  stm32f4xx_hal_tim.o(i.HAL_TIM_Base_Start_IT)
    HAL_TIM_ConfigClockSource                0x08003de5   Thumb Code   220  stm32f4xx_hal_tim.o(i.HAL_TIM_ConfigClockSource)
    HAL_TIM_IC_CaptureCallback               0x08003ec1   Thumb Code     2  stm32f4xx_hal_tim.o(i.HAL_TIM_IC_CaptureCallback)
    HAL_TIM_IRQHandler                       0x08003ec3   Thumb Code   304  stm32f4xx_hal_tim.o(i.HAL_TIM_IRQHandler)
    HAL_TIM_OC_DelayElapsedCallback          0x08003ff3   Thumb Code     2  stm32f4xx_hal_tim.o(i.HAL_TIM_OC_DelayElapsedCallback)
    HAL_TIM_PWM_PulseFinishedCallback        0x08003ff5   Thumb Code     2  stm32f4xx_hal_tim.o(i.HAL_TIM_PWM_PulseFinishedCallback)
    HAL_TIM_PeriodElapsedCallback            0x08003ff7   Thumb Code     2  stm32f4xx_hal_tim.o(i.HAL_TIM_PeriodElapsedCallback)
    HAL_TIM_TriggerCallback                  0x08003ff9   Thumb Code     2  stm32f4xx_hal_tim.o(i.HAL_TIM_TriggerCallback)
    HardFault_Handler                        0x08003ffb   Thumb Code     2  stm32f4xx_it.o(i.HardFault_Handler)
    MX_ADC1_Init                             0x08004035   Thumb Code    92  adc.o(i.MX_ADC1_Init)
    MX_CAN1_Init                             0x08004099   Thumb Code   172  can.o(i.MX_CAN1_Init)
    MX_GPIO_Init                             0x0800414d   Thumb Code   152  gpio.o(i.MX_GPIO_Init)
    MX_TIM2_Init                             0x080041f1   Thumb Code   100  tim.o(i.MX_TIM2_Init)
    MX_TIM3_Init                             0x08004259   Thumb Code    94  tim.o(i.MX_TIM3_Init)
    MX_TIM9_Init                             0x080042c1   Thumb Code    68  tim.o(i.MX_TIM9_Init)
    MX_USB_DEVICE_Init                       0x0800430d   Thumb Code    66  usb_device.o(i.MX_USB_DEVICE_Init)
    MemManage_Handler                        0x08004361   Thumb Code     2  stm32f4xx_it.o(i.MemManage_Handler)
    NMI_Handler                              0x08004363   Thumb Code     2  stm32f4xx_it.o(i.NMI_Handler)
    OTG_FS_IRQHandler                        0x08004365   Thumb Code     6  stm32f4xx_it.o(i.OTG_FS_IRQHandler)
    PendSV_Handler                           0x080044df   Thumb Code     2  stm32f4xx_it.o(i.PendSV_Handler)
    ROM_variables_init                       0x080044e1   Thumb Code    26  main.o(i.ROM_variables_init)
    SVC_Handler                              0x08004501   Thumb Code     2  stm32f4xx_it.o(i.SVC_Handler)
    SysTick_Handler                          0x0800450d   Thumb Code     4  stm32f4xx_it.o(i.SysTick_Handler)
    SystemClock_Config                       0x08004511   Thumb Code   136  main.o(i.SystemClock_Config)
    SystemInit                               0x080045a1   Thumb Code    12  system_stm32f4xx.o(i.SystemInit)
    TIM1_BRK_TIM9_IRQHandler                 0x080045b1   Thumb Code    98  main.o(i.TIM1_BRK_TIM9_IRQHandler)
    TIM_Base_SetConfig                       0x08004629   Thumb Code   170  stm32f4xx_hal_tim.o(i.TIM_Base_SetConfig)
    TIM_ETR_SetConfig                        0x08004701   Thumb Code    20  stm32f4xx_hal_tim.o(i.TIM_ETR_SetConfig)
    USBD_CDC_GetDeviceQualifierDescriptor    0x080048e5   Thumb Code     8  usbd_cdc.o(i.USBD_CDC_GetDeviceQualifierDescriptor)
    USBD_CDC_ReceivePacket                   0x08004ac1   Thumb Code    50  usbd_cdc.o(i.USBD_CDC_ReceivePacket)
    USBD_CDC_RegisterInterface               0x08004af9   Thumb Code    22  usbd_cdc.o(i.USBD_CDC_RegisterInterface)
    USBD_CDC_SetRxBuffer                     0x08004b0f   Thumb Code    26  usbd_cdc.o(i.USBD_CDC_SetRxBuffer)
    USBD_CDC_SetTxBuffer                     0x08004b29   Thumb Code    30  usbd_cdc.o(i.USBD_CDC_SetTxBuffer)
    USBD_CDC_TransmitPacket                  0x08004c1d   Thumb Code    76  usbd_cdc.o(i.USBD_CDC_TransmitPacket)
    USBD_ClrClassConfig                      0x08004c6d   Thumb Code    20  usbd_core.o(i.USBD_ClrClassConfig)
    USBD_CoreFindEP                          0x08004c81   Thumb Code     4  usbd_core.o(i.USBD_CoreFindEP)
    USBD_CoreFindIF                          0x08004c85   Thumb Code     4  usbd_core.o(i.USBD_CoreFindIF)
    USBD_CtlContinueRx                       0x08004c89   Thumb Code    16  usbd_ioreq.o(i.USBD_CtlContinueRx)
    USBD_CtlContinueSendData                 0x08004c99   Thumb Code    16  usbd_ioreq.o(i.USBD_CtlContinueSendData)
    USBD_CtlError                            0x08004ca9   Thumb Code    22  usbd_ctlreq.o(i.USBD_CtlError)
    USBD_CtlPrepareRx                        0x08004cbf   Thumb Code    30  usbd_ioreq.o(i.USBD_CtlPrepareRx)
    USBD_CtlReceiveStatus                    0x08004cdd   Thumb Code    22  usbd_ioreq.o(i.USBD_CtlReceiveStatus)
    USBD_CtlSendData                         0x08004cf3   Thumb Code    26  usbd_ioreq.o(i.USBD_CtlSendData)
    USBD_CtlSendStatus                       0x08004d0d   Thumb Code    22  usbd_ioreq.o(i.USBD_CtlSendStatus)
    USBD_FS_ConfigStrDescriptor              0x08004d25   Thumb Code    16  usbd_desc.o(i.USBD_FS_ConfigStrDescriptor)
    USBD_FS_DeviceDescriptor                 0x08004d45   Thumb Code     8  usbd_desc.o(i.USBD_FS_DeviceDescriptor)
    USBD_FS_InterfaceStrDescriptor           0x08004d51   Thumb Code    16  usbd_desc.o(i.USBD_FS_InterfaceStrDescriptor)
    USBD_FS_LangIDStrDescriptor              0x08004d75   Thumb Code     8  usbd_desc.o(i.USBD_FS_LangIDStrDescriptor)
    USBD_FS_ManufacturerStrDescriptor        0x08004d81   Thumb Code    16  usbd_desc.o(i.USBD_FS_ManufacturerStrDescriptor)
    USBD_FS_ProductStrDescriptor             0x08004da1   Thumb Code    16  usbd_desc.o(i.USBD_FS_ProductStrDescriptor)
    USBD_FS_SerialStrDescriptor              0x08004dc1   Thumb Code    48  usbd_desc.o(i.USBD_FS_SerialStrDescriptor)
    USBD_GetEpDesc                           0x08004edf   Thumb Code    58  usbd_core.o(i.USBD_GetEpDesc)
    USBD_GetNextDesc                         0x08004f19   Thumb Code    14  usbd_core.o(i.USBD_GetNextDesc)
    USBD_GetString                           0x08004f27   Thumb Code    72  usbd_ctlreq.o(i.USBD_GetString)
    USBD_Get_USB_Status                      0x08004f6f   Thumb Code    24  usbd_conf.o(i.USBD_Get_USB_Status)
    USBD_Init                                0x08004f87   Thumb Code    38  usbd_core.o(i.USBD_Init)
    USBD_LL_ClearStallEP                     0x08004fad   Thumb Code    18  usbd_conf.o(i.USBD_LL_ClearStallEP)
    USBD_LL_CloseEP                          0x08004fbf   Thumb Code    18  usbd_conf.o(i.USBD_LL_CloseEP)
    USBD_LL_DataInStage                      0x08004fd1   Thumb Code   182  usbd_core.o(i.USBD_LL_DataInStage)
    USBD_LL_DataOutStage                     0x08005087   Thumb Code   142  usbd_core.o(i.USBD_LL_DataOutStage)
    USBD_LL_DevConnected                     0x08005115   Thumb Code     4  usbd_core.o(i.USBD_LL_DevConnected)
    USBD_LL_DevDisconnected                  0x08005119   Thumb Code    30  usbd_core.o(i.USBD_LL_DevDisconnected)
    USBD_LL_GetRxDataSize                    0x08005137   Thumb Code     8  usbd_conf.o(i.USBD_LL_GetRxDataSize)
    USBD_LL_Init                             0x08005141   Thumb Code    92  usbd_conf.o(i.USBD_LL_Init)
    USBD_LL_IsStallEP                        0x080051a1   Thumb Code    30  usbd_conf.o(i.USBD_LL_IsStallEP)
    USBD_LL_IsoINIncomplete                  0x080051bf   Thumb Code    40  usbd_core.o(i.USBD_LL_IsoINIncomplete)
    USBD_LL_IsoOUTIncomplete                 0x080051e7   Thumb Code    40  usbd_core.o(i.USBD_LL_IsoOUTIncomplete)
    USBD_LL_OpenEP                           0x0800520f   Thumb Code    24  usbd_conf.o(i.USBD_LL_OpenEP)
    USBD_LL_PrepareReceive                   0x08005227   Thumb Code    18  usbd_conf.o(i.USBD_LL_PrepareReceive)
    USBD_LL_Reset                            0x08005239   Thumb Code    92  usbd_core.o(i.USBD_LL_Reset)
    USBD_LL_Resume                           0x08005295   Thumb Code    20  usbd_core.o(i.USBD_LL_Resume)
    USBD_LL_SOF                              0x080052a9   Thumb Code    26  usbd_core.o(i.USBD_LL_SOF)
    USBD_LL_SetSpeed                         0x080052c3   Thumb Code     6  usbd_core.o(i.USBD_LL_SetSpeed)
    USBD_LL_SetUSBAddress                    0x080052c9   Thumb Code    18  usbd_conf.o(i.USBD_LL_SetUSBAddress)
    USBD_LL_SetupStage                       0x080052db   Thumb Code    96  usbd_core.o(i.USBD_LL_SetupStage)
    USBD_LL_StallEP                          0x0800533b   Thumb Code    18  usbd_conf.o(i.USBD_LL_StallEP)
    USBD_LL_Start                            0x0800534d   Thumb Code    18  usbd_conf.o(i.USBD_LL_Start)
    USBD_LL_Suspend                          0x0800535f   Thumb Code    26  usbd_core.o(i.USBD_LL_Suspend)
    USBD_LL_Transmit                         0x08005379   Thumb Code    18  usbd_conf.o(i.USBD_LL_Transmit)
    USBD_ParseSetupRequest                   0x0800538b   Thumb Code    44  usbd_ctlreq.o(i.USBD_ParseSetupRequest)
    USBD_RegisterClass                       0x080053b7   Thumb Code    58  usbd_core.o(i.USBD_RegisterClass)
    USBD_SetClassConfig                      0x080053f1   Thumb Code    20  usbd_core.o(i.USBD_SetClassConfig)
    USBD_Start                               0x080054bd   Thumb Code     4  usbd_core.o(i.USBD_Start)
    USBD_StdDevReq                           0x080054c1   Thumb Code   300  usbd_ctlreq.o(i.USBD_StdDevReq)
    USBD_StdEPReq                            0x080055ed   Thumb Code   352  usbd_ctlreq.o(i.USBD_StdEPReq)
    USBD_StdItfReq                           0x0800574d   Thumb Code   114  usbd_ctlreq.o(i.USBD_StdItfReq)
    USBD_static_free                         0x080057bf   Thumb Code     2  usbd_conf.o(i.USBD_static_free)
    USBD_static_malloc                       0x080057c1   Thumb Code     4  usbd_conf.o(i.USBD_static_malloc)
    USB_ActivateEndpoint                     0x080057c9   Thumb Code   122  stm32f4xx_ll_usb.o(i.USB_ActivateEndpoint)
    USB_ActivateSetup                        0x08005849   Thumb Code    28  stm32f4xx_ll_usb.o(i.USB_ActivateSetup)
    USB_CoreInit                             0x08005865   Thumb Code   126  stm32f4xx_ll_usb.o(i.USB_CoreInit)
    USB_DeactivateEndpoint                   0x08005925   Thumb Code   194  stm32f4xx_ll_usb.o(i.USB_DeactivateEndpoint)
    USB_DevConnect                           0x080059f1   Thumb Code    28  stm32f4xx_ll_usb.o(i.USB_DevConnect)
    USB_DevDisconnect                        0x08005a0d   Thumb Code    28  stm32f4xx_ll_usb.o(i.USB_DevDisconnect)
    USB_DevInit                              0x08005a29   Thumb Code   370  stm32f4xx_ll_usb.o(i.USB_DevInit)
    USB_DisableGlobalInt                     0x08005ba5   Thumb Code    12  stm32f4xx_ll_usb.o(i.USB_DisableGlobalInt)
    USB_EP0_OutStart                         0x08005bb1   Thumb Code    84  stm32f4xx_ll_usb.o(i.USB_EP0_OutStart)
    USB_EPClearStall                         0x08005c09   Thumb Code    88  stm32f4xx_ll_usb.o(i.USB_EPClearStall)
    USB_EPSetStall                           0x08005c61   Thumb Code    88  stm32f4xx_ll_usb.o(i.USB_EPSetStall)
    USB_EPStartXfer                          0x08005cb9   Thumb Code   554  stm32f4xx_ll_usb.o(i.USB_EPStartXfer)
    USB_EPStopXfer                           0x08005ee9   Thumb Code   158  stm32f4xx_ll_usb.o(i.USB_EPStopXfer)
    USB_EnableGlobalInt                      0x08005f87   Thumb Code    12  stm32f4xx_ll_usb.o(i.USB_EnableGlobalInt)
    USB_FlushRxFifo                          0x08005f93   Thumb Code    56  stm32f4xx_ll_usb.o(i.USB_FlushRxFifo)
    USB_FlushTxFifo                          0x08005fcb   Thumb Code    60  stm32f4xx_ll_usb.o(i.USB_FlushTxFifo)
    USB_GetDevSpeed                          0x08006007   Thumb Code    26  stm32f4xx_ll_usb.o(i.USB_GetDevSpeed)
    USB_GetMode                              0x08006021   Thumb Code     8  stm32f4xx_ll_usb.o(i.USB_GetMode)
    USB_RECEIVE_CALLBACK                     0x08006029   Thumb Code    62  main.o(i.USB_RECEIVE_CALLBACK)
    USB_ReadDevAllInEpInterrupt              0x0800606d   Thumb Code    14  stm32f4xx_ll_usb.o(i.USB_ReadDevAllInEpInterrupt)
    USB_ReadDevAllOutEpInterrupt             0x0800607b   Thumb Code    14  stm32f4xx_ll_usb.o(i.USB_ReadDevAllOutEpInterrupt)
    USB_ReadDevInEPInterrupt                 0x08006089   Thumb Code    36  stm32f4xx_ll_usb.o(i.USB_ReadDevInEPInterrupt)
    USB_ReadDevOutEPInterrupt                0x080060ad   Thumb Code    16  stm32f4xx_ll_usb.o(i.USB_ReadDevOutEPInterrupt)
    USB_ReadInterrupts                       0x080060bd   Thumb Code     8  stm32f4xx_ll_usb.o(i.USB_ReadInterrupts)
    USB_ReadPacket                           0x080060c5   Thumb Code    62  stm32f4xx_ll_usb.o(i.USB_ReadPacket)
    USB_SetCurrentMode                       0x08006103   Thumb Code    92  stm32f4xx_ll_usb.o(i.USB_SetCurrentMode)
    USB_SetDevAddress                        0x0800615f   Thumb Code    34  stm32f4xx_ll_usb.o(i.USB_SetDevAddress)
    USB_SetTurnaroundTime                    0x08006181   Thumb Code   158  stm32f4xx_ll_usb.o(i.USB_SetTurnaroundTime)
    USB_WritePacket                          0x08006269   Thumb Code    40  stm32f4xx_ll_usb.o(i.USB_WritePacket)
    UsageFault_Handler                       0x08006291   Thumb Code     2  stm32f4xx_it.o(i.UsageFault_Handler)
    __ROM_USB_TRANSMIT                       0x080062b5   Thumb Code    40  main.o(i.__ROM_USB_TRANSMIT)
    ___ROM_LSDB_PREPARE                      0x080062f1   Thumb Code   192  rom_lsdb4830_cafc.o(i.___ROM_LSDB_PREPARE)
    __hardfp___mathlib_tofloat               0x080063b9   Thumb Code   232  narrow.o(i.__hardfp___mathlib_tofloat)
    __hardfp_ldexp                           0x080064b1   Thumb Code   200  ldexp.o(i.__hardfp_ldexp)
    __hardfp_strtod                          0x08006581   Thumb Code    30  strtod.o(i.__hardfp_strtod)
    __mathlib_dbl_overflow                   0x080065a9   Thumb Code    24  dunder.o(i.__mathlib_dbl_overflow)
    __mathlib_dbl_underflow                  0x080065c9   Thumb Code    24  dunder.o(i.__mathlib_dbl_underflow)
    __mathlib_narrow                         0x080065e9   Thumb Code    18  narrow.o(i.__mathlib_narrow)
    __support_ldexp                          0x080065fb   Thumb Code    20  ldexp.o(i.__support_ldexp)
    _is_digit                                0x0800660f   Thumb Code    14  __printf_wp.o(i._is_digit)
    calculateAccelDecel                      0x0800661d   Thumb Code    26  rom_lsdb4830_cafc.o(i.calculateAccelDecel)
    clearActualPostion                       0x08006641   Thumb Code   164  rom_lsdb4830_cafc.o(i.clearActualPostion)
    clearMotors                              0x080066f1   Thumb Code    22  rom_lsdb4830_cafc.o(i.clearMotors)
    disableMotors                            0x08006707   Thumb Code    22  rom_lsdb4830_cafc.o(i.disableMotors)
    enableMotorLeft                          0x0800671d   Thumb Code   106  rom_lsdb4830_cafc.o(i.enableMotorLeft)
    enableMotorRight                         0x08006795   Thumb Code   106  rom_lsdb4830_cafc.o(i.enableMotorRight)
    enableTenMilliSecondLoop                 0x0800680d   Thumb Code    72  rom_lsdb4830_cafc.o(i.enableTenMilliSecondLoop)
    frexp                                    0x08006861   Thumb Code   118  frexp.o(i.frexp)
    main                                     0x080068ed   Thumb Code    60  main.o(i.main)
    setAccel                                 0x08006935   Thumb Code    22  rom_lsdb4830_cafc.o(i.setAccel)
    setActualSpeedSamplingCycle              0x0800694d   Thumb Code   146  rom_lsdb4830_cafc.o(i.setActualSpeedSamplingCycle)
    setDecel                                 0x080069ed   Thumb Code    22  rom_lsdb4830_cafc.o(i.setDecel)
    setMaxRPM                                0x08006a05   Thumb Code   142  rom_lsdb4830_cafc.o(i.setMaxRPM)
    setOperatingMode                         0x08006aa1   Thumb Code   140  rom_lsdb4830_cafc.o(i.setOperatingMode)
    setTargetVelocityRpmLeft                 0x08006b39   Thumb Code    48  rom_lsdb4830_cafc.o(i.setTargetVelocityRpmLeft)
    setTargetVelocityRpmRight                0x08006b71   Thumb Code    46  rom_lsdb4830_cafc.o(i.setTargetVelocityRpmRight)
    transmitAccel                            0x08006ba9   Thumb Code   166  rom_lsdb4830_cafc.o(i.transmitAccel)
    transmitDecel                            0x08006c5d   Thumb Code   166  rom_lsdb4830_cafc.o(i.transmitDecel)
    _get_lc_numeric                          0x08006d11   Thumb Code    44  lc_numeric_c.o(locale$$code)
    _get_lc_ctype                            0x08006d3d   Thumb Code    44  lc_ctype_c.o(locale$$code)
    __aeabi_d2f                              0x08006d69   Thumb Code     0  d2f.o(x$fpl$d2f)
    _d2f                                     0x08006d69   Thumb Code    98  d2f.o(x$fpl$d2f)
    __fpl_dcheck_NaN1                        0x08006dcd   Thumb Code    10  dcheck1.o(x$fpl$dcheck1)
    __fpl_dcmp_Inf                           0x08006ddd   Thumb Code    24  dcmpi.o(x$fpl$dcmpinf)
    __aeabi_cdcmpeq                          0x08006df5   Thumb Code     0  deqf.o(x$fpl$deqf)
    _dcmpeq                                  0x08006df5   Thumb Code   120  deqf.o(x$fpl$deqf)
    __aeabi_d2iz                             0x08006e6d   Thumb Code     0  dfix.o(x$fpl$dfix)
    _dfix                                    0x08006e6d   Thumb Code    94  dfix.o(x$fpl$dfix)
    __aeabi_d2uiz                            0x08006ecd   Thumb Code     0  dfixu.o(x$fpl$dfixu)
    _dfixu                                   0x08006ecd   Thumb Code    90  dfixu.o(x$fpl$dfixu)
    __aeabi_ui2d                             0x08006f27   Thumb Code     0  dflt_clz.o(x$fpl$dfltu)
    _dfltu                                   0x08006f27   Thumb Code    38  dflt_clz.o(x$fpl$dfltu)
    __aeabi_cdcmple                          0x08006f4d   Thumb Code     0  dleqf.o(x$fpl$dleqf)
    _dcmple                                  0x08006f4d   Thumb Code   120  dleqf.o(x$fpl$dleqf)
    __fpl_dcmple_InfNaN                      0x08006faf   Thumb Code     0  dleqf.o(x$fpl$dleqf)
    __aeabi_dmul                             0x08006fc5   Thumb Code     0  dmul.o(x$fpl$dmul)
    _dmul                                    0x08006fc5   Thumb Code   332  dmul.o(x$fpl$dmul)
    __fpl_dnaninf                            0x08007119   Thumb Code   156  dnaninf.o(x$fpl$dnaninf)
    __fpl_dretinf                            0x080071b5   Thumb Code    12  dretinf.o(x$fpl$dretinf)
    __aeabi_cdrcmple                         0x080071c1   Thumb Code     0  drleqf.o(x$fpl$drleqf)
    _drcmple                                 0x080071c1   Thumb Code   108  drleqf.o(x$fpl$drleqf)
    _fp_init                                 0x0800722d   Thumb Code    10  fpinit.o(x$fpl$fpinit)
    __fplib_config_fpu_vfp                   0x08007235   Thumb Code     0  fpinit.o(x$fpl$fpinit)
    __fplib_config_pureend_doubles           0x08007235   Thumb Code     0  fpinit.o(x$fpl$fpinit)
    __fpl_fretinf                            0x08007237   Thumb Code    10  fretinf.o(x$fpl$fretinf)
    __ieee_status                            0x08007241   Thumb Code     6  istatus.o(x$fpl$ieeestatus)
    __fpl_return_NaN                         0x08007247   Thumb Code   100  retnan.o(x$fpl$retnan)
    __ARM_scalbn                             0x080072ab   Thumb Code    92  scalbn.o(x$fpl$scalbn)
    _scanf_real                              0x08007307   Thumb Code     4  scanf1.o(x$fpl$scanf1)
    _scanf_hex_real                          0x0800730b   Thumb Code     4  scanf2.o(x$fpl$scanf2)
    _scanf_infnan                            0x0800730f   Thumb Code     4  scanf2.o(x$fpl$scanf2)
    __fpl_cmpreturn                          0x08007313   Thumb Code    48  trapv.o(x$fpl$trapveneer)
    AHBPrescTable                            0x08007342   Data          16  system_stm32f4xx.o(.constdata)
    __I$use$fp                               0x08007342   Number         0  usenofp.o(x$fpl$usenofp)
    Region$$Table$$Base                      0x080073e8   Number         0  anon$$obj.o(Region$$Table)
    Region$$Table$$Limit                     0x08007408   Number         0  anon$$obj.o(Region$$Table)
    __aeabi_HUGE_VAL                         0x08007408   Data           0  fpconst.o(c$$dinf)
    __aeabi_HUGE_VALL                        0x08007408   Data           0  fpconst.o(c$$dinf)
    __aeabi_INFINITY                         0x08007408   Data           0  fpconst.o(c$$dinf)
    __dInf                                   0x08007408   Data           0  fpconst.o(c$$dinf)
    __huge_val                               0x08007408   Data           0  fpconst.o(c$$dinf)
    __dbl_max                                0x08007410   Data           0  fpconst.o(c$$dmax)
    __ctype                                  0x08007441   Data           0  lc_ctype_c.o(locale$$data)
    txMailbox                                0x20000000   Data           4  rom_lsdb4830_cafc.o(.data)
    tx_data                                  0x20000004   Data           8  rom_lsdb4830_cafc.o(.data)
    battery_status                           0x2000000c   Data           1  main.o(.data)
    speed_limit                              0x2000000d   Data           1  main.o(.data)
    counts                                   0x2000000e   Data           2  main.o(.data)
    right_actual_rpm                         0x20000010   Data           2  main.o(.data)
    left_actual_rpm                          0x20000012   Data           2  main.o(.data)
    right_desire_rpm                         0x20000014   Data           2  main.o(.data)
    left_desire_rpm                          0x20000016   Data           2  main.o(.data)
    right_actual_position                    0x20000018   Data           4  main.o(.data)
    left_actual_position                     0x2000001c   Data           4  main.o(.data)
    CAN_rxData                               0x20000020   Data           8  main.o(.data)
    FS_Desc                                  0x20000028   Data          28  usbd_desc.o(.data)
    USBD_LangIDDesc                          0x20000044   Data           4  usbd_desc.o(.data)
    USBD_FS_DeviceDesc                       0x20000048   Data          18  usbd_desc.o(.data)
    USBD_StringSerial                        0x2000005c   Data          26  usbd_desc.o(.data)
    USBD_Interface_fops_FS                   0x20000078   Data          20  usbd_cdc_if.o(.data)
    temp                                     0x2000008c   Data           7  usbd_cdc_if.o(.data)
    uwTickFreq                               0x20000094   Data           1  stm32f4xx_hal.o(.data)
    uwTickPrio                               0x20000098   Data           4  stm32f4xx_hal.o(.data)
    uwTick                                   0x2000009c   Data           4  stm32f4xx_hal.o(.data)
    SystemCoreClock                          0x200000a0   Data           4  system_stm32f4xx.o(.data)
    USBD_CDC                                 0x200000fc   Data          56  usbd_cdc.o(.data)
    txHeader                                 0x20000134   Data          24  rom_lsdb4830_cafc.o(.bss)
    rxHeader                                 0x2000014c   Data          28  main.o(.bss)
    hadc1                                    0x20000168   Data          72  adc.o(.bss)
    hcan1                                    0x200001b0   Data          40  can.o(.bss)
    htim2                                    0x200001d8   Data          72  tim.o(.bss)
    htim3                                    0x20000220   Data          72  tim.o(.bss)
    htim9                                    0x20000268   Data          72  tim.o(.bss)
    hUsbDeviceFS                             0x200002b0   Data         732  usb_device.o(.bss)
    USBD_StrDesc                             0x2000058c   Data         512  usbd_desc.o(.bss)
    UserRxBufferFS                           0x2000078c   Data        2048  usbd_cdc_if.o(.bss)
    UserTxBufferFS                           0x20000f8c   Data        2048  usbd_cdc_if.o(.bss)
    hpcd_USB_OTG_FS                          0x200019ac   Data        1252  usbd_conf.o(.bss)
    __libspace_start                         0x20001e90   Data          96  libspace.o(.bss)
    __temporary_stack_top$libspace           0x20001ef0   Data           0  libspace.o(.bss)



==============================================================================

Memory Map of the image

  Image Entry point : 0x08000189

  Load Region LR_IROM1 (Base: 0x08000000, Size: 0x00007678, Max: 0x00100000, ABSOLUTE, COMPRESSED[0x000075fc])

    Execution Region ER_IROM1 (Exec base: 0x08000000, Load base: 0x08000000, Size: 0x00007544, Max: 0x00100000, ABSOLUTE)

    Exec Addr    Load Addr    Size         Type   Attr      Idx    E Section Name        Object

    0x08000000   0x08000000   0x00000188   Data   RO            3    RESET               startup_stm32f407xx.o
    0x08000188   0x08000188   0x00000008   Code   RO         4852  * !!!main             c_w.l(__main.o)
    0x08000190   0x08000190   0x00000034   Code   RO         5211    !!!scatter          c_w.l(__scatter.o)
    0x080001c4   0x080001c4   0x0000005a   Code   RO         5209    !!dczerorl2         c_w.l(__dczerorl2.o)
    0x0800021e   0x0800021e   0x00000002   PAD
    0x08000220   0x08000220   0x0000001c   Code   RO         5213    !!handler_zi        c_w.l(__scatter_zi.o)
    0x0800023c   0x0800023c   0x00000000   Code   RO         4845    .ARM.Collect$$_printf_percent$$00000000  c_w.l(_printf_percent.o)
    0x0800023c   0x0800023c   0x00000006   Code   RO         4844    .ARM.Collect$$_printf_percent$$00000009  c_w.l(_printf_d.o)
    0x08000242   0x08000242   0x00000004   Code   RO         4891    .ARM.Collect$$_printf_percent$$00000017  c_w.l(_printf_percent_end.o)
    0x08000246   0x08000246   0x00000002   Code   RO         4946    .ARM.Collect$$libinit$$00000000  c_w.l(libinit.o)
    0x08000248   0x08000248   0x00000004   Code   RO         4947    .ARM.Collect$$libinit$$00000001  c_w.l(libinit2.o)
    0x0800024c   0x0800024c   0x00000000   Code   RO         4950    .ARM.Collect$$libinit$$00000004  c_w.l(libinit2.o)
    0x0800024c   0x0800024c   0x00000000   Code   RO         4953    .ARM.Collect$$libinit$$0000000A  c_w.l(libinit2.o)
    0x0800024c   0x0800024c   0x00000000   Code   RO         4955    .ARM.Collect$$libinit$$0000000C  c_w.l(libinit2.o)
    0x0800024c   0x0800024c   0x00000000   Code   RO         4957    .ARM.Collect$$libinit$$0000000E  c_w.l(libinit2.o)
    0x0800024c   0x0800024c   0x00000006   Code   RO         4958    .ARM.Collect$$libinit$$0000000F  c_w.l(libinit2.o)
    0x08000252   0x08000252   0x00000000   Code   RO         4960    .ARM.Collect$$libinit$$00000011  c_w.l(libinit2.o)
    0x08000252   0x08000252   0x0000000c   Code   RO         4961    .ARM.Collect$$libinit$$00000012  c_w.l(libinit2.o)
    0x0800025e   0x0800025e   0x00000000   Code   RO         4962    .ARM.Collect$$libinit$$00000013  c_w.l(libinit2.o)
    0x0800025e   0x0800025e   0x00000000   Code   RO         4964    .ARM.Collect$$libinit$$00000015  c_w.l(libinit2.o)
    0x0800025e   0x0800025e   0x0000000a   Code   RO         4965    .ARM.Collect$$libinit$$00000016  c_w.l(libinit2.o)
    0x08000268   0x08000268   0x00000000   Code   RO         4966    .ARM.Collect$$libinit$$00000017  c_w.l(libinit2.o)
    0x08000268   0x08000268   0x00000000   Code   RO         4968    .ARM.Collect$$libinit$$00000019  c_w.l(libinit2.o)
    0x08000268   0x08000268   0x00000000   Code   RO         4970    .ARM.Collect$$libinit$$0000001B  c_w.l(libinit2.o)
    0x08000268   0x08000268   0x00000000   Code   RO         4972    .ARM.Collect$$libinit$$0000001D  c_w.l(libinit2.o)
    0x08000268   0x08000268   0x00000000   Code   RO         4974    .ARM.Collect$$libinit$$0000001F  c_w.l(libinit2.o)
    0x08000268   0x08000268   0x00000000   Code   RO         4976    .ARM.Collect$$libinit$$00000021  c_w.l(libinit2.o)
    0x08000268   0x08000268   0x00000000   Code   RO         4978    .ARM.Collect$$libinit$$00000023  c_w.l(libinit2.o)
    0x08000268   0x08000268   0x00000000   Code   RO         4980    .ARM.Collect$$libinit$$00000025  c_w.l(libinit2.o)
    0x08000268   0x08000268   0x00000000   Code   RO         4984    .ARM.Collect$$libinit$$0000002C  c_w.l(libinit2.o)
    0x08000268   0x08000268   0x00000000   Code   RO         4986    .ARM.Collect$$libinit$$0000002E  c_w.l(libinit2.o)
    0x08000268   0x08000268   0x00000000   Code   RO         4988    .ARM.Collect$$libinit$$00000030  c_w.l(libinit2.o)
    0x08000268   0x08000268   0x00000000   Code   RO         4990    .ARM.Collect$$libinit$$00000032  c_w.l(libinit2.o)
    0x08000268   0x08000268   0x00000002   Code   RO         4991    .ARM.Collect$$libinit$$00000033  c_w.l(libinit2.o)
    0x0800026a   0x0800026a   0x00000002   Code   RO         5121    .ARM.Collect$$libshutdown$$00000000  c_w.l(libshutdown.o)
    0x0800026c   0x0800026c   0x00000000   Code   RO         5161    .ARM.Collect$$libshutdown$$00000002  c_w.l(libshutdown2.o)
    0x0800026c   0x0800026c   0x00000000   Code   RO         5163    .ARM.Collect$$libshutdown$$00000004  c_w.l(libshutdown2.o)
    0x0800026c   0x0800026c   0x00000000   Code   RO         5165    .ARM.Collect$$libshutdown$$00000006  c_w.l(libshutdown2.o)
    0x0800026c   0x0800026c   0x00000000   Code   RO         5168    .ARM.Collect$$libshutdown$$00000009  c_w.l(libshutdown2.o)
    0x0800026c   0x0800026c   0x00000000   Code   RO         5171    .ARM.Collect$$libshutdown$$0000000C  c_w.l(libshutdown2.o)
    0x0800026c   0x0800026c   0x00000000   Code   RO         5173    .ARM.Collect$$libshutdown$$0000000E  c_w.l(libshutdown2.o)
    0x0800026c   0x0800026c   0x00000000   Code   RO         5176    .ARM.Collect$$libshutdown$$00000011  c_w.l(libshutdown2.o)
    0x0800026c   0x0800026c   0x00000002   Code   RO         5177    .ARM.Collect$$libshutdown$$00000012  c_w.l(libshutdown2.o)
    0x0800026e   0x0800026e   0x00000000   Code   RO         4880    .ARM.Collect$$rtentry$$00000000  c_w.l(__rtentry.o)
    0x0800026e   0x0800026e   0x00000000   Code   RO         4900    .ARM.Collect$$rtentry$$00000002  c_w.l(__rtentry2.o)
    0x0800026e   0x0800026e   0x00000006   Code   RO         4912    .ARM.Collect$$rtentry$$00000004  c_w.l(__rtentry4.o)
    0x08000274   0x08000274   0x00000000   Code   RO         4902    .ARM.Collect$$rtentry$$00000009  c_w.l(__rtentry2.o)
    0x08000274   0x08000274   0x00000004   Code   RO         4903    .ARM.Collect$$rtentry$$0000000A  c_w.l(__rtentry2.o)
    0x08000278   0x08000278   0x00000000   Code   RO         4905    .ARM.Collect$$rtentry$$0000000C  c_w.l(__rtentry2.o)
    0x08000278   0x08000278   0x00000008   Code   RO         4906    .ARM.Collect$$rtentry$$0000000D  c_w.l(__rtentry2.o)
    0x08000280   0x08000280   0x00000002   Code   RO         4995    .ARM.Collect$$rtexit$$00000000  c_w.l(rtexit.o)
    0x08000282   0x08000282   0x00000000   Code   RO         5068    .ARM.Collect$$rtexit$$00000002  c_w.l(rtexit2.o)
    0x08000282   0x08000282   0x00000004   Code   RO         5069    .ARM.Collect$$rtexit$$00000003  c_w.l(rtexit2.o)
    0x08000286   0x08000286   0x00000006   Code   RO         5070    .ARM.Collect$$rtexit$$00000004  c_w.l(rtexit2.o)
    0x0800028c   0x0800028c   0x00000040   Code   RO            4    .text               startup_stm32f407xx.o
    0x080002cc   0x080002cc   0x000000ee   Code   RO         4814    .text               c_w.l(lludivv7m.o)
    0x080003ba   0x080003ba   0x00000002   PAD
    0x080003bc   0x080003bc   0x00000028   Code   RO         4818    .text               c_w.l(noretval__2sprintf.o)
    0x080003e4   0x080003e4   0x00000068   Code   RO         4820    .text               c_w.l(__printf.o)
    0x0800044c   0x0800044c   0x00000078   Code   RO         4822    .text               c_w.l(_printf_dec.o)
    0x080004c4   0x080004c4   0x0000003e   Code   RO         4846    .text               c_w.l(strlen.o)
    0x08000502   0x08000502   0x0000004e   Code   RO         4848    .text               c_w.l(rt_memclr_w.o)
    0x08000550   0x08000550   0x00000006   Code   RO         4850    .text               c_w.l(heapauxi.o)
    0x08000556   0x08000556   0x000000b2   Code   RO         4885    .text               c_w.l(_printf_intcommon.o)
    0x08000608   0x08000608   0x00000030   Code   RO         4887    .text               c_w.l(_printf_char_common.o)
    0x08000638   0x08000638   0x0000000a   Code   RO         4889    .text               c_w.l(_sputc.o)
    0x08000642   0x08000642   0x00000002   PAD
    0x08000644   0x08000644   0x000000a4   Code   RO         4892    .text               c_w.l(strtod.o)
    0x080006e8   0x080006e8   0x00000012   Code   RO         4916    .text               c_w.l(isspace.o)
    0x080006fa   0x080006fa   0x00000040   Code   RO         4920    .text               c_w.l(_sgetc.o)
    0x0800073a   0x0800073a   0x0000004a   Code   RO         4927    .text               c_w.l(sys_stackheap_outer.o)
    0x08000784   0x08000784   0x00000010   Code   RO         4929    .text               c_w.l(rt_ctype_table.o)
    0x08000794   0x08000794   0x000004f8   Code   RO         4931    .text               c_w.l(scanf_fp.o)
    0x08000c8c   0x08000c8c   0x00000012   Code   RO         4933    .text               c_w.l(exit.o)
    0x08000c9e   0x08000c9e   0x00000002   PAD
    0x08000ca0   0x08000ca0   0x00000080   Code   RO         4939    .text               c_w.l(strcmpv7m.o)
    0x08000d20   0x08000d20   0x00000008   Code   RO         4992    .text               c_w.l(libspace.o)
    0x08000d28   0x08000d28   0x00000008   Code   RO         5002    .text               c_w.l(rt_locale_intlibspace.o)
    0x08000d30   0x08000d30   0x00000008   Code   RO         5007    .text               c_w.l(rt_errno_addr_intlibspace.o)
    0x08000d38   0x08000d38   0x000000e4   Code   RO         5009    .text               c_w.l(bigflt0.o)
    0x08000e1c   0x08000e1c   0x0000000c   Code   RO         5065    .text               c_w.l(sys_exit.o)
    0x08000e28   0x08000e28   0x00000016   Code   RO         5074    .text               c_w.l(_rserrno.o)
    0x08000e3e   0x08000e3e   0x00000002   PAD
    0x08000e40   0x08000e40   0x00000320   Code   RO         5076    .text               c_w.l(scanf_hexfp.o)
    0x08001160   0x08001160   0x00000134   Code   RO         5078    .text               c_w.l(scanf_infnan.o)
    0x08001294   0x08001294   0x00000002   Code   RO         5104    .text               c_w.l(use_no_semi.o)
    0x08001296   0x08001296   0x00000000   Code   RO         5106    .text               c_w.l(indicate_semi.o)
    0x08001296   0x08001296   0x00000026   Code   RO         5109    .text               c_w.l(llshl.o)
    0x080012bc   0x080012bc   0x0000001c   Code   RO         5111    .text               c_w.l(_chval.o)
    0x080012d8   0x080012d8   0x00000338   Code   RO         5022    CL$$btod_div_common  c_w.l(btod.o)
    0x08001610   0x08001610   0x00000084   Code   RO         5020    CL$$btod_e2d        c_w.l(btod.o)
    0x08001694   0x08001694   0x000000dc   Code   RO         5019    CL$$btod_e2e        c_w.l(btod.o)
    0x08001770   0x08001770   0x0000002a   Code   RO         5016    CL$$btod_ediv       c_w.l(btod.o)
    0x0800179a   0x0800179a   0x0000002a   Code   RO         5018    CL$$btod_edivd      c_w.l(btod.o)
    0x080017c4   0x080017c4   0x0000002a   Code   RO         5015    CL$$btod_emul       c_w.l(btod.o)
    0x080017ee   0x080017ee   0x0000002a   Code   RO         5017    CL$$btod_emuld      c_w.l(btod.o)
    0x08001818   0x08001818   0x00000244   Code   RO         5021    CL$$btod_mult_common  c_w.l(btod.o)
    0x08001a5c   0x08001a5c   0x0000000c   Code   RO          641    i.ADC_IRQHandler    stm32f4xx_it.o
    0x08001a68   0x08001a68   0x00000128   Code   RO         2897    i.ADC_Init          stm32f4xx_hal_adc.o
    0x08001b90   0x08001b90   0x00000002   Code   RO          642    i.BusFault_Handler  stm32f4xx_it.o
    0x08001b92   0x08001b92   0x00000002   PAD
    0x08001b94   0x08001b94   0x0000000c   Code   RO          643    i.CAN1_RX0_IRQHandler  stm32f4xx_it.o
    0x08001ba0   0x08001ba0   0x0000000c   Code   RO          644    i.CAN1_RX1_IRQHandler  stm32f4xx_it.o
    0x08001bac   0x08001bac   0x0000000c   Code   RO          645    i.CAN1_SCE_IRQHandler  stm32f4xx_it.o
    0x08001bb8   0x08001bb8   0x0000000c   Code   RO          646    i.CAN1_TX_IRQHandler  stm32f4xx_it.o
    0x08001bc4   0x08001bc4   0x00000040   Code   RO          339    i.CAN_Error_Handler  main.o
    0x08001c04   0x08001c04   0x00000054   Code   RO          900    i.CDC_Control_FS    usbd_cdc_if.o
    0x08001c58   0x08001c58   0x00000004   Code   RO          901    i.CDC_DeInit_FS     usbd_cdc_if.o
    0x08001c5c   0x08001c5c   0x00000024   Code   RO          902    i.CDC_Init_FS       usbd_cdc_if.o
    0x08001c80   0x08001c80   0x00000024   Code   RO          903    i.CDC_Receive_FS    usbd_cdc_if.o
    0x08001ca4   0x08001ca4   0x00000004   Code   RO          904    i.CDC_TransmitCplt_FS  usbd_cdc_if.o
    0x08001ca8   0x08001ca8   0x0000002c   Code   RO          905    i.CDC_Transmit_FS   usbd_cdc_if.o
    0x08001cd4   0x08001cd4   0x00000002   Code   RO          647    i.DebugMon_Handler  stm32f4xx_it.o
    0x08001cd6   0x08001cd6   0x00000006   Code   RO          648    i.EXTI0_IRQHandler  stm32f4xx_it.o
    0x08001cdc   0x08001cdc   0x00000014   Code   RO          340    i.Error_Handler     main.o
    0x08001cf0   0x08001cf0   0x00000002   Code   RO         3068    i.HAL_ADCEx_InjectedConvCpltCallback  stm32f4xx_hal_adc_ex.o
    0x08001cf2   0x08001cf2   0x00000002   PAD
    0x08001cf4   0x08001cf4   0x0000014c   Code   RO         2899    i.HAL_ADC_ConfigChannel  stm32f4xx_hal_adc.o
    0x08001e40   0x08001e40   0x00000002   Code   RO         2900    i.HAL_ADC_ConvCpltCallback  stm32f4xx_hal_adc.o
    0x08001e42   0x08001e42   0x00000002   Code   RO         2903    i.HAL_ADC_ErrorCallback  stm32f4xx_hal_adc.o
    0x08001e44   0x08001e44   0x0000012e   Code   RO         2907    i.HAL_ADC_IRQHandler  stm32f4xx_hal_adc.o
    0x08001f72   0x08001f72   0x00000054   Code   RO         2908    i.HAL_ADC_Init      stm32f4xx_hal_adc.o
    0x08001fc6   0x08001fc6   0x00000002   Code   RO         2909    i.HAL_ADC_LevelOutOfWindowCallback  stm32f4xx_hal_adc.o
    0x08001fc8   0x08001fc8   0x00000070   Code   RO          498    i.HAL_ADC_MspInit   adc.o
    0x08002038   0x08002038   0x00000024   Code   RO         3173    i.HAL_CAN_ActivateNotification  stm32f4xx_hal_can.o
    0x0800205c   0x0800205c   0x000000d0   Code   RO         3174    i.HAL_CAN_AddTxMessage  stm32f4xx_hal_can.o
    0x0800212c   0x0800212c   0x0000010c   Code   RO         3175    i.HAL_CAN_ConfigFilter  stm32f4xx_hal_can.o
    0x08002238   0x08002238   0x00000002   Code   RO         3178    i.HAL_CAN_ErrorCallback  stm32f4xx_hal_can.o
    0x0800223a   0x0800223a   0x000000f4   Code   RO         3181    i.HAL_CAN_GetRxMessage  stm32f4xx_hal_can.o
    0x0800232e   0x0800232e   0x000001fc   Code   RO         3185    i.HAL_CAN_IRQHandler  stm32f4xx_hal_can.o
    0x0800252a   0x0800252a   0x0000011a   Code   RO         3186    i.HAL_CAN_Init      stm32f4xx_hal_can.o
    0x08002644   0x08002644   0x0000001e   Code   RO         3188    i.HAL_CAN_IsTxMessagePending  stm32f4xx_hal_can.o
    0x08002662   0x08002662   0x00000002   PAD
    0x08002664   0x08002664   0x000000ac   Code   RO          540    i.HAL_CAN_MspInit   can.o
    0x08002710   0x08002710   0x00000002   Code   RO         3193    i.HAL_CAN_RxFifo0FullCallback  stm32f4xx_hal_can.o
    0x08002712   0x08002712   0x00000002   PAD
    0x08002714   0x08002714   0x0000007c   Code   RO          341    i.HAL_CAN_RxFifo0MsgPendingCallback  main.o
    0x08002790   0x08002790   0x00000002   Code   RO         3195    i.HAL_CAN_RxFifo1FullCallback  stm32f4xx_hal_can.o
    0x08002792   0x08002792   0x00000002   PAD
    0x08002794   0x08002794   0x00000080   Code   RO          342    i.HAL_CAN_RxFifo1MsgPendingCallback  main.o
    0x08002814   0x08002814   0x00000002   Code   RO         3197    i.HAL_CAN_SleepCallback  stm32f4xx_hal_can.o
    0x08002816   0x08002816   0x00000002   PAD
    0x08002818   0x08002818   0x00000058   Code   RO         3198    i.HAL_CAN_Start     stm32f4xx_hal_can.o
    0x08002870   0x08002870   0x00000002   Code   RO         3200    i.HAL_CAN_TxMailbox0AbortCallback  stm32f4xx_hal_can.o
    0x08002872   0x08002872   0x00000002   Code   RO         3201    i.HAL_CAN_TxMailbox0CompleteCallback  stm32f4xx_hal_can.o
    0x08002874   0x08002874   0x00000002   Code   RO         3202    i.HAL_CAN_TxMailbox1AbortCallback  stm32f4xx_hal_can.o
    0x08002876   0x08002876   0x00000002   Code   RO         3203    i.HAL_CAN_TxMailbox1CompleteCallback  stm32f4xx_hal_can.o
    0x08002878   0x08002878   0x00000002   Code   RO         3204    i.HAL_CAN_TxMailbox2AbortCallback  stm32f4xx_hal_can.o
    0x0800287a   0x0800287a   0x00000002   Code   RO         3205    i.HAL_CAN_TxMailbox2CompleteCallback  stm32f4xx_hal_can.o
    0x0800287c   0x0800287c   0x00000002   Code   RO         3207    i.HAL_CAN_WakeUpFromRxMsgCallback  stm32f4xx_hal_can.o
    0x0800287e   0x0800287e   0x00000002   PAD
    0x08002880   0x08002880   0x00000024   Code   RO         2643    i.HAL_Delay         stm32f4xx_hal.o
    0x080028a4   0x080028a4   0x00000002   Code   RO         2109    i.HAL_GPIO_EXTI_Callback  stm32f4xx_hal_gpio.o
    0x080028a6   0x080028a6   0x00000002   PAD
    0x080028a8   0x080028a8   0x00000018   Code   RO         2110    i.HAL_GPIO_EXTI_IRQHandler  stm32f4xx_hal_gpio.o
    0x080028c0   0x080028c0   0x000001f0   Code   RO         2111    i.HAL_GPIO_Init     stm32f4xx_hal_gpio.o
    0x08002ab0   0x08002ab0   0x00000010   Code   RO         2114    i.HAL_GPIO_TogglePin  stm32f4xx_hal_gpio.o
    0x08002ac0   0x08002ac0   0x0000000a   Code   RO         2115    i.HAL_GPIO_WritePin  stm32f4xx_hal_gpio.o
    0x08002aca   0x08002aca   0x00000002   PAD
    0x08002acc   0x08002acc   0x0000000c   Code   RO         2649    i.HAL_GetTick       stm32f4xx_hal.o
    0x08002ad8   0x08002ad8   0x00000010   Code   RO         2655    i.HAL_IncTick       stm32f4xx_hal.o
    0x08002ae8   0x08002ae8   0x00000034   Code   RO         2656    i.HAL_Init          stm32f4xx_hal.o
    0x08002b1c   0x08002b1c   0x00000040   Code   RO         2657    i.HAL_InitTick      stm32f4xx_hal.o
    0x08002b5c   0x08002b5c   0x00000034   Code   RO          759    i.HAL_MspInit       stm32f4xx_hal_msp.o
    0x08002b90   0x08002b90   0x0000001a   Code   RO         2501    i.HAL_NVIC_EnableIRQ  stm32f4xx_hal_cortex.o
    0x08002baa   0x08002baa   0x00000002   PAD
    0x08002bac   0x08002bac   0x00000040   Code   RO         2507    i.HAL_NVIC_SetPriority  stm32f4xx_hal_cortex.o
    0x08002bec   0x08002bec   0x00000024   Code   RO         2508    i.HAL_NVIC_SetPriorityGrouping  stm32f4xx_hal_cortex.o
    0x08002c10   0x08002c10   0x00000002   Code   RO         1410    i.HAL_PCDEx_LPM_Callback  stm32f4xx_hal_pcd_ex.o
    0x08002c12   0x08002c12   0x00000008   Code   RO         1411    i.HAL_PCDEx_SetRxFiFo  stm32f4xx_hal_pcd_ex.o
    0x08002c1a   0x08002c1a   0x00000044   Code   RO         1412    i.HAL_PCDEx_SetTxFiFo  stm32f4xx_hal_pcd_ex.o
    0x08002c5e   0x08002c5e   0x00000008   Code   RO          964    i.HAL_PCD_ConnectCallback  usbd_conf.o
    0x08002c66   0x08002c66   0x00000012   Code   RO          965    i.HAL_PCD_DataInStageCallback  usbd_conf.o
    0x08002c78   0x08002c78   0x00000014   Code   RO          966    i.HAL_PCD_DataOutStageCallback  usbd_conf.o
    0x08002c8c   0x08002c8c   0x00000008   Code   RO          967    i.HAL_PCD_DisconnectCallback  usbd_conf.o
    0x08002c94   0x08002c94   0x0000001e   Code   RO         1180    i.HAL_PCD_EP_Abort  stm32f4xx_hal_pcd.o
    0x08002cb2   0x08002cb2   0x0000004a   Code   RO         1181    i.HAL_PCD_EP_Close  stm32f4xx_hal_pcd.o
    0x08002cfc   0x08002cfc   0x0000005a   Code   RO         1182    i.HAL_PCD_EP_ClrStall  stm32f4xx_hal_pcd.o
    0x08002d56   0x08002d56   0x00000012   Code   RO         1184    i.HAL_PCD_EP_GetRxCount  stm32f4xx_hal_pcd.o
    0x08002d68   0x08002d68   0x0000005e   Code   RO         1185    i.HAL_PCD_EP_Open   stm32f4xx_hal_pcd.o
    0x08002dc6   0x08002dc6   0x00000038   Code   RO         1186    i.HAL_PCD_EP_Receive  stm32f4xx_hal_pcd.o
    0x08002dfe   0x08002dfe   0x00000072   Code   RO         1187    i.HAL_PCD_EP_SetStall  stm32f4xx_hal_pcd.o
    0x08002e70   0x08002e70   0x00000032   Code   RO         1188    i.HAL_PCD_EP_Transmit  stm32f4xx_hal_pcd.o
    0x08002ea2   0x08002ea2   0x00000002   PAD
    0x08002ea4   0x08002ea4   0x0000055c   Code   RO         1190    i.HAL_PCD_IRQHandler  stm32f4xx_hal_pcd.o
    0x08003400   0x08003400   0x00000008   Code   RO          968    i.HAL_PCD_ISOINIncompleteCallback  usbd_conf.o
    0x08003408   0x08003408   0x00000008   Code   RO          969    i.HAL_PCD_ISOOUTIncompleteCallback  usbd_conf.o
    0x08003410   0x08003410   0x000000cc   Code   RO         1193    i.HAL_PCD_Init      stm32f4xx_hal_pcd.o
    0x080034dc   0x080034dc   0x00000098   Code   RO          971    i.HAL_PCD_MspInit   usbd_conf.o
    0x08003574   0x08003574   0x0000002c   Code   RO          972    i.HAL_PCD_ResetCallback  usbd_conf.o
    0x080035a0   0x080035a0   0x00000008   Code   RO          973    i.HAL_PCD_ResumeCallback  usbd_conf.o
    0x080035a8   0x080035a8   0x00000008   Code   RO          974    i.HAL_PCD_SOFCallback  usbd_conf.o
    0x080035b0   0x080035b0   0x00000026   Code   RO         1199    i.HAL_PCD_SetAddress  stm32f4xx_hal_pcd.o
    0x080035d6   0x080035d6   0x0000000e   Code   RO          975    i.HAL_PCD_SetupStageCallback  usbd_conf.o
    0x080035e4   0x080035e4   0x00000042   Code   RO         1202    i.HAL_PCD_Start     stm32f4xx_hal_pcd.o
    0x08003626   0x08003626   0x00000002   PAD
    0x08003628   0x08003628   0x00000030   Code   RO          976    i.HAL_PCD_SuspendCallback  usbd_conf.o
    0x08003658   0x08003658   0x00000134   Code   RO         1757    i.HAL_RCC_ClockConfig  stm32f4xx_hal_rcc.o
    0x0800378c   0x0800378c   0x0000000c   Code   RO         1762    i.HAL_RCC_GetHCLKFreq  stm32f4xx_hal_rcc.o
    0x08003798   0x08003798   0x00000060   Code   RO         1766    i.HAL_RCC_GetSysClockFreq  stm32f4xx_hal_rcc.o
    0x080037f8   0x080037f8   0x0000036c   Code   RO         1769    i.HAL_RCC_OscConfig  stm32f4xx_hal_rcc.o
    0x08003b64   0x08003b64   0x00000028   Code   RO         2512    i.HAL_SYSTICK_Config  stm32f4xx_hal_cortex.o
    0x08003b8c   0x08003b8c   0x00000002   Code   RO         4112    i.HAL_TIMEx_BreakCallback  stm32f4xx_hal_tim_ex.o
    0x08003b8e   0x08003b8e   0x00000002   Code   RO         4113    i.HAL_TIMEx_CommutCallback  stm32f4xx_hal_tim_ex.o
    0x08003b90   0x08003b90   0x00000090   Code   RO         4131    i.HAL_TIMEx_MasterConfigSynchronization  stm32f4xx_hal_tim_ex.o
    0x08003c20   0x08003c20   0x0000005a   Code   RO         3408    i.HAL_TIM_Base_Init  stm32f4xx_hal_tim.o
    0x08003c7a   0x08003c7a   0x00000002   PAD
    0x08003c7c   0x08003c7c   0x00000070   Code   RO          582    i.HAL_TIM_Base_MspInit  tim.o
    0x08003cec   0x08003cec   0x00000078   Code   RO         3411    i.HAL_TIM_Base_Start  stm32f4xx_hal_tim.o
    0x08003d64   0x08003d64   0x00000080   Code   RO         3413    i.HAL_TIM_Base_Start_IT  stm32f4xx_hal_tim.o
    0x08003de4   0x08003de4   0x000000dc   Code   RO         3417    i.HAL_TIM_ConfigClockSource  stm32f4xx_hal_tim.o
    0x08003ec0   0x08003ec0   0x00000002   Code   RO         3442    i.HAL_TIM_IC_CaptureCallback  stm32f4xx_hal_tim.o
    0x08003ec2   0x08003ec2   0x00000130   Code   RO         3456    i.HAL_TIM_IRQHandler  stm32f4xx_hal_tim.o
    0x08003ff2   0x08003ff2   0x00000002   Code   RO         3459    i.HAL_TIM_OC_DelayElapsedCallback  stm32f4xx_hal_tim.o
    0x08003ff4   0x08003ff4   0x00000002   Code   RO         3486    i.HAL_TIM_PWM_PulseFinishedCallback  stm32f4xx_hal_tim.o
    0x08003ff6   0x08003ff6   0x00000002   Code   RO         3494    i.HAL_TIM_PeriodElapsedCallback  stm32f4xx_hal_tim.o
    0x08003ff8   0x08003ff8   0x00000002   Code   RO         3499    i.HAL_TIM_TriggerCallback  stm32f4xx_hal_tim.o
    0x08003ffa   0x08003ffa   0x00000002   Code   RO          649    i.HardFault_Handler  stm32f4xx_it.o
    0x08003ffc   0x08003ffc   0x00000038   Code   RO          814    i.IntToUnicode      usbd_desc.o
    0x08004034   0x08004034   0x00000064   Code   RO          499    i.MX_ADC1_Init      adc.o
    0x08004098   0x08004098   0x000000b4   Code   RO          541    i.MX_CAN1_Init      can.o
    0x0800414c   0x0800414c   0x000000a4   Code   RO          473    i.MX_GPIO_Init      gpio.o
    0x080041f0   0x080041f0   0x00000068   Code   RO          583    i.MX_TIM2_Init      tim.o
    0x08004258   0x08004258   0x00000068   Code   RO          584    i.MX_TIM3_Init      tim.o
    0x080042c0   0x080042c0   0x0000004c   Code   RO          585    i.MX_TIM9_Init      tim.o
    0x0800430c   0x0800430c   0x00000054   Code   RO          783    i.MX_USB_DEVICE_Init  usb_device.o
    0x08004360   0x08004360   0x00000002   Code   RO          650    i.MemManage_Handler  stm32f4xx_it.o
    0x08004362   0x08004362   0x00000002   Code   RO          651    i.NMI_Handler       stm32f4xx_it.o
    0x08004364   0x08004364   0x0000000c   Code   RO          652    i.OTG_FS_IRQHandler  stm32f4xx_it.o
    0x08004370   0x08004370   0x000000cc   Code   RO         1206    i.PCD_EP_OutXfrComplete_int  stm32f4xx_hal_pcd.o
    0x0800443c   0x0800443c   0x000000a2   Code   RO         1207    i.PCD_WriteEmptyTxFifo  stm32f4xx_hal_pcd.o
    0x080044de   0x080044de   0x00000002   Code   RO          653    i.PendSV_Handler    stm32f4xx_it.o
    0x080044e0   0x080044e0   0x00000020   Code   RO          343    i.ROM_variables_init  main.o
    0x08004500   0x08004500   0x00000002   Code   RO          654    i.SVC_Handler       stm32f4xx_it.o
    0x08004502   0x08004502   0x0000000a   Code   RO         4576    i.SWAPBYTE          usbd_ctlreq.o
    0x0800450c   0x0800450c   0x00000004   Code   RO          655    i.SysTick_Handler   stm32f4xx_it.o
    0x08004510   0x08004510   0x00000090   Code   RO          344    i.SystemClock_Config  main.o
    0x080045a0   0x080045a0   0x00000010   Code   RO         4380    i.SystemInit        system_stm32f4xx.o
    0x080045b0   0x080045b0   0x00000078   Code   RO          345    i.TIM1_BRK_TIM9_IRQHandler  main.o
    0x08004628   0x08004628   0x000000d8   Code   RO         3501    i.TIM_Base_SetConfig  stm32f4xx_hal_tim.o
    0x08004700   0x08004700   0x00000014   Code   RO         3512    i.TIM_ETR_SetConfig  stm32f4xx_hal_tim.o
    0x08004714   0x08004714   0x00000010   Code   RO         3513    i.TIM_ITRx_SetConfig  stm32f4xx_hal_tim.o
    0x08004724   0x08004724   0x00000022   Code   RO         3519    i.TIM_TI1_ConfigInputStage  stm32f4xx_hal_tim.o
    0x08004746   0x08004746   0x00000024   Code   RO         3521    i.TIM_TI2_ConfigInputStage  stm32f4xx_hal_tim.o
    0x0800476a   0x0800476a   0x00000076   Code   RO         4709    i.USBD_CDC_DataIn   usbd_cdc.o
    0x080047e0   0x080047e0   0x0000003c   Code   RO         4710    i.USBD_CDC_DataOut  usbd_cdc.o
    0x0800481c   0x0800481c   0x00000090   Code   RO         4711    i.USBD_CDC_DeInit   usbd_cdc.o
    0x080048ac   0x080048ac   0x00000036   Code   RO         4712    i.USBD_CDC_EP0_RxReady  usbd_cdc.o
    0x080048e2   0x080048e2   0x00000002   PAD
    0x080048e4   0x080048e4   0x0000000c   Code   RO         4713    i.USBD_CDC_GetDeviceQualifierDescriptor  usbd_cdc.o
    0x080048f0   0x080048f0   0x0000003c   Code   RO         4714    i.USBD_CDC_GetFSCfgDesc  usbd_cdc.o
    0x0800492c   0x0800492c   0x00000040   Code   RO         4715    i.USBD_CDC_GetHSCfgDesc  usbd_cdc.o
    0x0800496c   0x0800496c   0x0000003c   Code   RO         4716    i.USBD_CDC_GetOtherSpeedCfgDesc  usbd_cdc.o
    0x080049a8   0x080049a8   0x00000118   Code   RO         4717    i.USBD_CDC_Init     usbd_cdc.o
    0x08004ac0   0x08004ac0   0x00000038   Code   RO         4718    i.USBD_CDC_ReceivePacket  usbd_cdc.o
    0x08004af8   0x08004af8   0x00000016   Code   RO         4719    i.USBD_CDC_RegisterInterface  usbd_cdc.o
    0x08004b0e   0x08004b0e   0x0000001a   Code   RO         4720    i.USBD_CDC_SetRxBuffer  usbd_cdc.o
    0x08004b28   0x08004b28   0x0000001e   Code   RO         4721    i.USBD_CDC_SetTxBuffer  usbd_cdc.o
    0x08004b46   0x08004b46   0x000000d4   Code   RO         4722    i.USBD_CDC_Setup    usbd_cdc.o
    0x08004c1a   0x08004c1a   0x00000002   PAD
    0x08004c1c   0x08004c1c   0x00000050   Code   RO         4723    i.USBD_CDC_TransmitPacket  usbd_cdc.o
    0x08004c6c   0x08004c6c   0x00000014   Code   RO         4417    i.USBD_ClrClassConfig  usbd_core.o
    0x08004c80   0x08004c80   0x00000004   Code   RO         4418    i.USBD_CoreFindEP   usbd_core.o
    0x08004c84   0x08004c84   0x00000004   Code   RO         4419    i.USBD_CoreFindIF   usbd_core.o
    0x08004c88   0x08004c88   0x00000010   Code   RO         4649    i.USBD_CtlContinueRx  usbd_ioreq.o
    0x08004c98   0x08004c98   0x00000010   Code   RO         4650    i.USBD_CtlContinueSendData  usbd_ioreq.o
    0x08004ca8   0x08004ca8   0x00000016   Code   RO         4577    i.USBD_CtlError     usbd_ctlreq.o
    0x08004cbe   0x08004cbe   0x0000001e   Code   RO         4651    i.USBD_CtlPrepareRx  usbd_ioreq.o
    0x08004cdc   0x08004cdc   0x00000016   Code   RO         4652    i.USBD_CtlReceiveStatus  usbd_ioreq.o
    0x08004cf2   0x08004cf2   0x0000001a   Code   RO         4653    i.USBD_CtlSendData  usbd_ioreq.o
    0x08004d0c   0x08004d0c   0x00000016   Code   RO         4654    i.USBD_CtlSendStatus  usbd_ioreq.o
    0x08004d22   0x08004d22   0x00000002   PAD
    0x08004d24   0x08004d24   0x00000020   Code   RO          815    i.USBD_FS_ConfigStrDescriptor  usbd_desc.o
    0x08004d44   0x08004d44   0x0000000c   Code   RO          816    i.USBD_FS_DeviceDescriptor  usbd_desc.o
    0x08004d50   0x08004d50   0x00000024   Code   RO          817    i.USBD_FS_InterfaceStrDescriptor  usbd_desc.o
    0x08004d74   0x08004d74   0x0000000c   Code   RO          818    i.USBD_FS_LangIDStrDescriptor  usbd_desc.o
    0x08004d80   0x08004d80   0x00000020   Code   RO          819    i.USBD_FS_ManufacturerStrDescriptor  usbd_desc.o
    0x08004da0   0x08004da0   0x00000020   Code   RO          820    i.USBD_FS_ProductStrDescriptor  usbd_desc.o
    0x08004dc0   0x08004dc0   0x00000038   Code   RO          821    i.USBD_FS_SerialStrDescriptor  usbd_desc.o
    0x08004df8   0x08004df8   0x000000e6   Code   RO         4578    i.USBD_GetDescriptor  usbd_ctlreq.o
    0x08004ede   0x08004ede   0x0000003a   Code   RO         4421    i.USBD_GetEpDesc    usbd_core.o
    0x08004f18   0x08004f18   0x0000000e   Code   RO         4422    i.USBD_GetNextDesc  usbd_core.o
    0x08004f26   0x08004f26   0x00000048   Code   RO         4579    i.USBD_GetString    usbd_ctlreq.o
    0x08004f6e   0x08004f6e   0x00000018   Code   RO          977    i.USBD_Get_USB_Status  usbd_conf.o
    0x08004f86   0x08004f86   0x00000026   Code   RO         4423    i.USBD_Init         usbd_core.o
    0x08004fac   0x08004fac   0x00000012   Code   RO          978    i.USBD_LL_ClearStallEP  usbd_conf.o
    0x08004fbe   0x08004fbe   0x00000012   Code   RO          979    i.USBD_LL_CloseEP   usbd_conf.o
    0x08004fd0   0x08004fd0   0x000000b6   Code   RO         4424    i.USBD_LL_DataInStage  usbd_core.o
    0x08005086   0x08005086   0x0000008e   Code   RO         4425    i.USBD_LL_DataOutStage  usbd_core.o
    0x08005114   0x08005114   0x00000004   Code   RO         4426    i.USBD_LL_DevConnected  usbd_core.o
    0x08005118   0x08005118   0x0000001e   Code   RO         4427    i.USBD_LL_DevDisconnected  usbd_core.o
    0x08005136   0x08005136   0x00000008   Code   RO          983    i.USBD_LL_GetRxDataSize  usbd_conf.o
    0x0800513e   0x0800513e   0x00000002   PAD
    0x08005140   0x08005140   0x00000060   Code   RO          984    i.USBD_LL_Init      usbd_conf.o
    0x080051a0   0x080051a0   0x0000001e   Code   RO          985    i.USBD_LL_IsStallEP  usbd_conf.o
    0x080051be   0x080051be   0x00000028   Code   RO         4428    i.USBD_LL_IsoINIncomplete  usbd_core.o
    0x080051e6   0x080051e6   0x00000028   Code   RO         4429    i.USBD_LL_IsoOUTIncomplete  usbd_core.o
    0x0800520e   0x0800520e   0x00000018   Code   RO          986    i.USBD_LL_OpenEP    usbd_conf.o
    0x08005226   0x08005226   0x00000012   Code   RO          987    i.USBD_LL_PrepareReceive  usbd_conf.o
    0x08005238   0x08005238   0x0000005c   Code   RO         4430    i.USBD_LL_Reset     usbd_core.o
    0x08005294   0x08005294   0x00000014   Code   RO         4431    i.USBD_LL_Resume    usbd_core.o
    0x080052a8   0x080052a8   0x0000001a   Code   RO         4432    i.USBD_LL_SOF       usbd_core.o
    0x080052c2   0x080052c2   0x00000006   Code   RO         4433    i.USBD_LL_SetSpeed  usbd_core.o
    0x080052c8   0x080052c8   0x00000012   Code   RO          988    i.USBD_LL_SetUSBAddress  usbd_conf.o
    0x080052da   0x080052da   0x00000060   Code   RO         4434    i.USBD_LL_SetupStage  usbd_core.o
    0x0800533a   0x0800533a   0x00000012   Code   RO          989    i.USBD_LL_StallEP   usbd_conf.o
    0x0800534c   0x0800534c   0x00000012   Code   RO          990    i.USBD_LL_Start     usbd_conf.o
    0x0800535e   0x0800535e   0x0000001a   Code   RO         4435    i.USBD_LL_Suspend   usbd_core.o
    0x08005378   0x08005378   0x00000012   Code   RO          992    i.USBD_LL_Transmit  usbd_conf.o
    0x0800538a   0x0800538a   0x0000002c   Code   RO         4580    i.USBD_ParseSetupRequest  usbd_ctlreq.o
    0x080053b6   0x080053b6   0x0000003a   Code   RO         4436    i.USBD_RegisterClass  usbd_core.o
    0x080053f0   0x080053f0   0x00000014   Code   RO         4438    i.USBD_SetClassConfig  usbd_core.o
    0x08005404   0x08005404   0x000000b8   Code   RO         4581    i.USBD_SetConfig    usbd_ctlreq.o
    0x080054bc   0x080054bc   0x00000004   Code   RO         4439    i.USBD_Start        usbd_core.o
    0x080054c0   0x080054c0   0x0000012c   Code   RO         4582    i.USBD_StdDevReq    usbd_ctlreq.o
    0x080055ec   0x080055ec   0x00000160   Code   RO         4583    i.USBD_StdEPReq     usbd_ctlreq.o
    0x0800574c   0x0800574c   0x00000072   Code   RO         4584    i.USBD_StdItfReq    usbd_ctlreq.o
    0x080057be   0x080057be   0x00000002   Code   RO          993    i.USBD_static_free  usbd_conf.o
    0x080057c0   0x080057c0   0x00000008   Code   RO          994    i.USBD_static_malloc  usbd_conf.o
    0x080057c8   0x080057c8   0x00000080   Code   RO         1452    i.USB_ActivateEndpoint  stm32f4xx_ll_usb.o
    0x08005848   0x08005848   0x0000001c   Code   RO         1454    i.USB_ActivateSetup  stm32f4xx_ll_usb.o
    0x08005864   0x08005864   0x00000084   Code   RO         1456    i.USB_CoreInit      stm32f4xx_ll_usb.o
    0x080058e8   0x080058e8   0x0000003c   Code   RO         1457    i.USB_CoreReset     stm32f4xx_ll_usb.o
    0x08005924   0x08005924   0x000000cc   Code   RO         1460    i.USB_DeactivateEndpoint  stm32f4xx_ll_usb.o
    0x080059f0   0x080059f0   0x0000001c   Code   RO         1461    i.USB_DevConnect    stm32f4xx_ll_usb.o
    0x08005a0c   0x08005a0c   0x0000001c   Code   RO         1462    i.USB_DevDisconnect  stm32f4xx_ll_usb.o
    0x08005a28   0x08005a28   0x0000017c   Code   RO         1463    i.USB_DevInit       stm32f4xx_ll_usb.o
    0x08005ba4   0x08005ba4   0x0000000c   Code   RO         1464    i.USB_DisableGlobalInt  stm32f4xx_ll_usb.o
    0x08005bb0   0x08005bb0   0x00000058   Code   RO         1467    i.USB_EP0_OutStart  stm32f4xx_ll_usb.o
    0x08005c08   0x08005c08   0x00000058   Code   RO         1468    i.USB_EPClearStall  stm32f4xx_ll_usb.o
    0x08005c60   0x08005c60   0x00000058   Code   RO         1469    i.USB_EPSetStall    stm32f4xx_ll_usb.o
    0x08005cb8   0x08005cb8   0x00000230   Code   RO         1470    i.USB_EPStartXfer   stm32f4xx_ll_usb.o
    0x08005ee8   0x08005ee8   0x0000009e   Code   RO         1471    i.USB_EPStopXfer    stm32f4xx_ll_usb.o
    0x08005f86   0x08005f86   0x0000000c   Code   RO         1472    i.USB_EnableGlobalInt  stm32f4xx_ll_usb.o
    0x08005f92   0x08005f92   0x00000038   Code   RO         1473    i.USB_FlushRxFifo   stm32f4xx_ll_usb.o
    0x08005fca   0x08005fca   0x0000003c   Code   RO         1474    i.USB_FlushTxFifo   stm32f4xx_ll_usb.o
    0x08006006   0x08006006   0x0000001a   Code   RO         1476    i.USB_GetDevSpeed   stm32f4xx_ll_usb.o
    0x08006020   0x08006020   0x00000008   Code   RO         1478    i.USB_GetMode       stm32f4xx_ll_usb.o
    0x08006028   0x08006028   0x00000044   Code   RO          346    i.USB_RECEIVE_CALLBACK  main.o
    0x0800606c   0x0800606c   0x0000000e   Code   RO         1486    i.USB_ReadDevAllInEpInterrupt  stm32f4xx_ll_usb.o
    0x0800607a   0x0800607a   0x0000000e   Code   RO         1487    i.USB_ReadDevAllOutEpInterrupt  stm32f4xx_ll_usb.o
    0x08006088   0x08006088   0x00000024   Code   RO         1488    i.USB_ReadDevInEPInterrupt  stm32f4xx_ll_usb.o
    0x080060ac   0x080060ac   0x00000010   Code   RO         1489    i.USB_ReadDevOutEPInterrupt  stm32f4xx_ll_usb.o
    0x080060bc   0x080060bc   0x00000008   Code   RO         1490    i.USB_ReadInterrupts  stm32f4xx_ll_usb.o
    0x080060c4   0x080060c4   0x0000003e   Code   RO         1491    i.USB_ReadPacket    stm32f4xx_ll_usb.o
    0x08006102   0x08006102   0x0000005c   Code   RO         1493    i.USB_SetCurrentMode  stm32f4xx_ll_usb.o
    0x0800615e   0x0800615e   0x00000022   Code   RO         1494    i.USB_SetDevAddress  stm32f4xx_ll_usb.o
    0x08006180   0x08006180   0x000000e8   Code   RO         1496    i.USB_SetTurnaroundTime  stm32f4xx_ll_usb.o
    0x08006268   0x08006268   0x00000028   Code   RO         1499    i.USB_WritePacket   stm32f4xx_ll_usb.o
    0x08006290   0x08006290   0x00000002   Code   RO          656    i.UsageFault_Handler  stm32f4xx_it.o
    0x08006292   0x08006292   0x00000020   Code   RO         2514    i.__NVIC_SetPriority  stm32f4xx_hal_cortex.o
    0x080062b2   0x080062b2   0x00000002   PAD
    0x080062b4   0x080062b4   0x0000003c   Code   RO          347    i.__ROM_USB_TRANSMIT  main.o
    0x080062f0   0x080062f0   0x000000c8   Code   RO           14    i.___ROM_LSDB_PREPARE  rom_lsdb4830_cafc.o
    0x080063b8   0x080063b8   0x000000f8   Code   RO         5057    i.__hardfp___mathlib_tofloat  m_wm.l(narrow.o)
    0x080064b0   0x080064b0   0x000000d0   Code   RO         5128    i.__hardfp_ldexp    m_wm.l(ldexp.o)
    0x08006580   0x08006580   0x00000028   Code   RO         4874    i.__hardfp_strtod   m_wm.l(strtod.o)
    0x080065a8   0x080065a8   0x00000020   Code   RO         5184    i.__mathlib_dbl_overflow  m_wm.l(dunder.o)
    0x080065c8   0x080065c8   0x00000020   Code   RO         5186    i.__mathlib_dbl_underflow  m_wm.l(dunder.o)
    0x080065e8   0x080065e8   0x00000012   Code   RO         5058    i.__mathlib_narrow  m_wm.l(narrow.o)
    0x080065fa   0x080065fa   0x00000014   Code   RO         5130    i.__support_ldexp   m_wm.l(ldexp.o)
    0x0800660e   0x0800660e   0x0000000e   Code   RO         4834    i._is_digit         c_w.l(__printf_wp.o)
    0x0800661c   0x0800661c   0x00000024   Code   RO           15    i.calculateAccelDecel  rom_lsdb4830_cafc.o
    0x08006640   0x08006640   0x000000b0   Code   RO           16    i.clearActualPostion  rom_lsdb4830_cafc.o
    0x080066f0   0x080066f0   0x00000016   Code   RO           17    i.clearMotors       rom_lsdb4830_cafc.o
    0x08006706   0x08006706   0x00000016   Code   RO           19    i.disableMotors     rom_lsdb4830_cafc.o
    0x0800671c   0x0800671c   0x00000078   Code   RO           20    i.enableMotorLeft   rom_lsdb4830_cafc.o
    0x08006794   0x08006794   0x00000078   Code   RO           21    i.enableMotorRight  rom_lsdb4830_cafc.o
    0x0800680c   0x0800680c   0x00000050   Code   RO           23    i.enableTenMilliSecondLoop  rom_lsdb4830_cafc.o
    0x0800685c   0x0800685c   0x00000004   PAD
    0x08006860   0x08006860   0x0000008c   Code   RO         5096    i.frexp             m_wm.l(frexp.o)
    0x080068ec   0x080068ec   0x00000048   Code   RO          348    i.main              main.o
    0x08006934   0x08006934   0x00000016   Code   RO           31    i.setAccel          rom_lsdb4830_cafc.o
    0x0800694a   0x0800694a   0x00000002   PAD
    0x0800694c   0x0800694c   0x000000a0   Code   RO           32    i.setActualSpeedSamplingCycle  rom_lsdb4830_cafc.o
    0x080069ec   0x080069ec   0x00000016   Code   RO           33    i.setDecel          rom_lsdb4830_cafc.o
    0x08006a02   0x08006a02   0x00000002   PAD
    0x08006a04   0x08006a04   0x0000009c   Code   RO           34    i.setMaxRPM         rom_lsdb4830_cafc.o
    0x08006aa0   0x08006aa0   0x00000098   Code   RO           35    i.setOperatingMode  rom_lsdb4830_cafc.o
    0x08006b38   0x08006b38   0x00000038   Code   RO           37    i.setTargetVelocityRpmLeft  rom_lsdb4830_cafc.o
    0x08006b70   0x08006b70   0x00000038   Code   RO           38    i.setTargetVelocityRpmRight  rom_lsdb4830_cafc.o
    0x08006ba8   0x08006ba8   0x000000b4   Code   RO           42    i.transmitAccel     rom_lsdb4830_cafc.o
    0x08006c5c   0x08006c5c   0x000000b4   Code   RO           43    i.transmitDecel     rom_lsdb4830_cafc.o
    0x08006d10   0x08006d10   0x0000002c   Code   RO         4923    locale$$code        c_w.l(lc_numeric_c.o)
    0x08006d3c   0x08006d3c   0x0000002c   Code   RO         5035    locale$$code        c_w.l(lc_ctype_c.o)
    0x08006d68   0x08006d68   0x00000062   Code   RO         5088    x$fpl$d2f           fz_wm.l(d2f.o)
    0x08006dca   0x08006dca   0x00000002   PAD
    0x08006dcc   0x08006dcc   0x00000010   Code   RO         5201    x$fpl$dcheck1       fz_wm.l(dcheck1.o)
    0x08006ddc   0x08006ddc   0x00000018   Code   RO         5122    x$fpl$dcmpinf       fz_wm.l(dcmpi.o)
    0x08006df4   0x08006df4   0x00000078   Code   RO         5090    x$fpl$deqf          fz_wm.l(deqf.o)
    0x08006e6c   0x08006e6c   0x0000005e   Code   RO         4858    x$fpl$dfix          fz_wm.l(dfix.o)
    0x08006eca   0x08006eca   0x00000002   PAD
    0x08006ecc   0x08006ecc   0x0000005a   Code   RO         4862    x$fpl$dfixu         fz_wm.l(dfixu.o)
    0x08006f26   0x08006f26   0x00000026   Code   RO         4866    x$fpl$dfltu         fz_wm.l(dflt_clz.o)
    0x08006f4c   0x08006f4c   0x00000078   Code   RO         5124    x$fpl$dleqf         fz_wm.l(dleqf.o)
    0x08006fc4   0x08006fc4   0x00000154   Code   RO         4872    x$fpl$dmul          fz_wm.l(dmul.o)
    0x08007118   0x08007118   0x0000009c   Code   RO         4894    x$fpl$dnaninf       fz_wm.l(dnaninf.o)
    0x080071b4   0x080071b4   0x0000000c   Code   RO         4896    x$fpl$dretinf       fz_wm.l(dretinf.o)
    0x080071c0   0x080071c0   0x0000006c   Code   RO         5092    x$fpl$drleqf        fz_wm.l(drleqf.o)
    0x0800722c   0x0800722c   0x0000000a   Code   RO         5047    x$fpl$fpinit        fz_wm.l(fpinit.o)
    0x08007236   0x08007236   0x0000000a   Code   RO         5126    x$fpl$fretinf       fz_wm.l(fretinf.o)
    0x08007240   0x08007240   0x00000006   Code   RO         5049    x$fpl$ieeestatus    fz_wm.l(istatus.o)
    0x08007246   0x08007246   0x00000064   Code   RO         5203    x$fpl$retnan        fz_wm.l(retnan.o)
    0x080072aa   0x080072aa   0x0000005c   Code   RO         5178    x$fpl$scalbn        fz_wm.l(scalbn.o)
    0x08007306   0x08007306   0x00000004   Code   RO         4925    x$fpl$scanf1        fz_wm.l(scanf1.o)
    0x0800730a   0x0800730a   0x00000008   Code   RO         5051    x$fpl$scanf2        fz_wm.l(scanf2.o)
    0x08007312   0x08007312   0x00000030   Code   RO         5205    x$fpl$trapveneer    fz_wm.l(trapv.o)
    0x08007342   0x08007342   0x00000000   Code   RO         4898    x$fpl$usenofp       fz_wm.l(usenofp.o)
    0x08007342   0x08007342   0x00000010   Data   RO         4381    .constdata          system_stm32f4xx.o
    0x08007352   0x08007352   0x00000002   PAD
    0x08007354   0x08007354   0x00000094   Data   RO         5010    .constdata          c_w.l(bigflt0.o)
    0x080073e8   0x080073e8   0x00000020   Data   RO         5207    Region$$Table       anon$$obj.o
    0x08007408   0x08007408   0x00000008   Data   RO         5043    c$$dinf             fz_wm.l(fpconst.o)
    0x08007410   0x08007410   0x00000008   Data   RO         5046    c$$dmax             fz_wm.l(fpconst.o)
    0x08007418   0x08007418   0x0000001c   Data   RO         4922    locale$$data        c_w.l(lc_numeric_c.o)
    0x08007434   0x08007434   0x00000110   Data   RO         5034    locale$$data        c_w.l(lc_ctype_c.o)


    Execution Region RW_IRAM1 (Exec base: 0x20000000, Load base: 0x08007544, Size: 0x000024f0, Max: 0x0001c000, ABSOLUTE, COMPRESSED[0x000000b8])

    Exec Addr    Load Addr    Size         Type   Attr      Idx    E Section Name        Object

    0x20000000   COMPRESSED   0x0000000c   Data   RW           45    .data               rom_lsdb4830_cafc.o
    0x2000000c   COMPRESSED   0x0000001c   Data   RW          352    .data               main.o
    0x20000028   COMPRESSED   0x0000001c   Data   RW          823    .data               usbd_desc.o
    0x20000044   COMPRESSED   0x00000032   Data   RW          824    .data               usbd_desc.o
    0x20000076   COMPRESSED   0x00000002   PAD
    0x20000078   COMPRESSED   0x00000014   Data   RW          908    .data               usbd_cdc_if.o
    0x2000008c   COMPRESSED   0x00000007   Data   RW          909    .data               usbd_cdc_if.o
    0x20000093   COMPRESSED   0x00000001   PAD
    0x20000094   COMPRESSED   0x0000000c   Data   RW         2663    .data               stm32f4xx_hal.o
    0x200000a0   COMPRESSED   0x00000004   Data   RW         4383    .data               system_stm32f4xx.o
    0x200000a4   COMPRESSED   0x00000001   Data   RW         4585    .data               usbd_ctlreq.o
    0x200000a5   COMPRESSED   0x00000003   PAD
    0x200000a8   COMPRESSED   0x00000053   Data   RW         4724    .data               usbd_cdc.o
    0x200000fb   COMPRESSED   0x00000001   PAD
    0x200000fc   COMPRESSED   0x00000038   Data   RW         4725    .data               usbd_cdc.o
    0x20000134        -       0x00000018   Zero   RW           44    .bss                rom_lsdb4830_cafc.o
    0x2000014c        -       0x0000001c   Zero   RW          349    .bss                main.o
    0x20000168        -       0x00000048   Zero   RW          500    .bss                adc.o
    0x200001b0        -       0x00000028   Zero   RW          542    .bss                can.o
    0x200001d8        -       0x000000d8   Zero   RW          587    .bss                tim.o
    0x200002b0        -       0x000002dc   Zero   RW          784    .bss                usb_device.o
    0x2000058c        -       0x00000200   Zero   RW          822    .bss                usbd_desc.o
    0x2000078c        -       0x00001000   Zero   RW          907    .bss                usbd_cdc_if.o
    0x2000178c        -       0x00000704   Zero   RW          995    .bss                usbd_conf.o
    0x20001e90        -       0x00000060   Zero   RW         4993    .bss                c_w.l(libspace.o)
    0x20001ef0        -       0x00000200   Zero   RW            2    HEAP                startup_stm32f407xx.o
    0x200020f0        -       0x00000400   Zero   RW            1    STACK               startup_stm32f407xx.o


    Execution Region RW_IRAM2 (Exec base: 0x2001c000, Load base: 0x080075fc, Size: 0x00000000, Max: 0x00004000, ABSOLUTE)

    **** No section assigned to this execution region ****


==============================================================================

Image component sizes


      Code (inc. data)   RO Data    RW Data    ZI Data      Debug   Object Name

       212         20          0          0         72       1805   adc.o
       352         22          0          0         40       2009   can.o
       164         12          0          0          0       1015   gpio.o
       832        112          0         28         28      15735   main.o
      1760        152          0         12         24     734726   rom_lsdb4830_cafc.o
        64         26        392          0       1536        868   startup_stm32f407xx.o
       180         28          0         12          0       9593   stm32f4xx_hal.o
      1020         28          0          0          0       5686   stm32f4xx_hal_adc.o
         2          0          0          0          0       1029   stm32f4xx_hal_adc_ex.o
      1686          6          0          0          0      14972   stm32f4xx_hal_can.o
       198         14          0          0          0      33951   stm32f4xx_hal_cortex.o
       548         52          0          0          0       4157   stm32f4xx_hal_gpio.o
        52          4          0          0          0        914   stm32f4xx_hal_msp.o
      2572         12          0          0          0      13896   stm32f4xx_hal_pcd.o
        78          0          0          0          0       2489   stm32f4xx_hal_pcd_ex.o
      1292         54          0          0          0       4642   stm32f4xx_hal_rcc.o
      1194        104          0          0          0      11954   stm32f4xx_hal_tim.o
       148         28          0          0          0       2577   stm32f4xx_hal_tim_ex.o
        98         36          0          0          0       7809   stm32f4xx_it.o
      2692        116          0          0          0      23928   stm32f4xx_ll_usb.o
        16          4         16          4          0       1199   system_stm32f4xx.o
       396         36          0          0        216       3184   tim.o
        84         18          0          0        732        856   usb_device.o
      1278         36          0        139          0      14821   usbd_cdc.o
       208         28          0         27       4096       4337   usbd_cdc_if.o
       662         22          0          0       1796      17480   usbd_conf.o
       924          0          0          0          0      15971   usbd_core.o
      1328         28          0          1          0      15148   usbd_ctlreq.o
       268         84          0         78        512       6389   usbd_desc.o
       132          0          0          0          0       4688   usbd_ioreq.o

    ----------------------------------------------------------------------
     20484       1086        442        308       9052     977828   Object Totals
         0          0         32          0          0          0   (incl. Generated)
        44          4          2          7          0          0   (incl. Padding)

    ----------------------------------------------------------------------

      Code (inc. data)   RO Data    RW Data    ZI Data      Debug   Library Member Name

        90          0          0          0          0          0   __dczerorl2.o
         8          0          0          0          0         68   __main.o
       104          0          0          0          0         84   __printf.o
        14          0          0          0          0         68   __printf_wp.o
         0          0          0          0          0          0   __rtentry.o
        12          0          0          0          0          0   __rtentry2.o
         6          0          0          0          0          0   __rtentry4.o
        52          8          0          0          0          0   __scatter.o
        28          0          0          0          0          0   __scatter_zi.o
        28          0          0          0          0         68   _chval.o
        48          6          0          0          0         96   _printf_char_common.o
         6          0          0          0          0          0   _printf_d.o
       120         16          0          0          0         92   _printf_dec.o
       178          0          0          0          0         88   _printf_intcommon.o
         0          0          0          0          0          0   _printf_percent.o
         4          0          0          0          0          0   _printf_percent_end.o
        22          0          0          0          0        100   _rserrno.o
        64          0          0          0          0         84   _sgetc.o
        10          0          0          0          0         68   _sputc.o
       228          4        148          0          0         96   bigflt0.o
      1924        136          0          0          0        756   btod.o
        18          0          0          0          0         80   exit.o
         6          0          0          0          0        152   heapauxi.o
         0          0          0          0          0          0   indicate_semi.o
        18          0          0          0          0         76   isspace.o
        44         10        272          0          0         76   lc_ctype_c.o
        44         10         28          0          0         76   lc_numeric_c.o
         2          0          0          0          0          0   libinit.o
        34          0          0          0          0          0   libinit2.o
         2          0          0          0          0          0   libshutdown.o
         2          0          0          0          0          0   libshutdown2.o
         8          4          0          0         96         68   libspace.o
        38          0          0          0          0         68   llshl.o
       238          0          0          0          0        100   lludivv7m.o
        40          6          0          0          0         84   noretval__2sprintf.o
        16          4          0          0          0         76   rt_ctype_table.o
         8          4          0          0          0         68   rt_errno_addr_intlibspace.o
         8          4          0          0          0         68   rt_locale_intlibspace.o
        78          0          0          0          0         80   rt_memclr_w.o
         2          0          0          0          0          0   rtexit.o
        10          0          0          0          0          0   rtexit2.o
      1272         16          0          0          0        168   scanf_fp.o
       800         14          0          0          0        100   scanf_hexfp.o
       308         16          0          0          0        100   scanf_infnan.o
       128          0          0          0          0         68   strcmpv7m.o
        62          0          0          0          0         76   strlen.o
       164         14          0          0          0        120   strtod.o
        12          4          0          0          0         68   sys_exit.o
        74          0          0          0          0         80   sys_stackheap_outer.o
         2          0          0          0          0         68   use_no_semi.o
        98          4          0          0          0        140   d2f.o
        16          4          0          0          0        116   dcheck1.o
        24          0          0          0          0        116   dcmpi.o
       120          4          0          0          0        140   deqf.o
        94          4          0          0          0        140   dfix.o
        90          4          0          0          0        140   dfixu.o
        38          0          0          0          0        116   dflt_clz.o
       120          4          0          0          0        140   dleqf.o
       340         12          0          0          0        152   dmul.o
       156          4          0          0          0        140   dnaninf.o
        12          0          0          0          0        116   dretinf.o
       108          0          0          0          0        128   drleqf.o
         0          0         16          0          0          0   fpconst.o
        10          0          0          0          0        116   fpinit.o
        10          0          0          0          0        116   fretinf.o
         6          0          0          0          0        116   istatus.o
       100          0          0          0          0        116   retnan.o
        92          0          0          0          0        116   scalbn.o
         4          0          0          0          0        116   scanf1.o
         8          0          0          0          0        132   scanf2.o
        48          0          0          0          0        116   trapv.o
         0          0          0          0          0          0   usenofp.o
        64         16          0          0          0        248   dunder.o
       140         22          0          0          0        132   frexp.o
       228          8          0          0          0        308   ldexp.o
       266         16          0          0          0        308   narrow.o
        40         10          0          0          0        128   strtod.o

    ----------------------------------------------------------------------
      8630        388        464          0         96       7240   Library Totals
        14          0          0          0          0          0   (incl. Padding)

    ----------------------------------------------------------------------

      Code (inc. data)   RO Data    RW Data    ZI Data      Debug   Library Name

      6384        276        448          0         96       3588   c_w.l
      1494         40         16          0          0       2528   fz_wm.l
       738         72          0          0          0       1124   m_wm.l

    ----------------------------------------------------------------------
      8630        388        464          0         96       7240   Library Totals

    ----------------------------------------------------------------------

==============================================================================


      Code (inc. data)   RO Data    RW Data    ZI Data      Debug   

     29114       1474        906        308       9148     955544   Grand Totals
     29114       1474        906        184       9148     955544   ELF Image Totals (compressed)
     29114       1474        906        184          0          0   ROM Totals

==============================================================================

    Total RO  Size (Code + RO Data)                30020 (  29.32kB)
    Total RW  Size (RW Data + ZI Data)              9456 (   9.23kB)
    Total ROM Size (Code + RO Data + RW Data)      30204 (  29.50kB)

==============================================================================

