../../Drivers/CMSIS/Include/core_cm4.h:2064:26:ITM_SendChar	16	static,ignoring_inline_asm
C:/Users/Kaung Htet Htun/OneDrive/Desktop/STM32F4_study/HAL/wit/Core/Src/main.c:36:5:_write	32	static
C:/Users/Kaung Htet Htun/OneDrive/Desktop/STM32F4_study/HAL/wit/Core/Src/main.c:61:9:crcSum	16	static
C:/Users/Kaung Htet Htun/OneDrive/Desktop/STM32F4_study/HAL/wit/Core/Src/main.c:75:6:HAL_UART_RxCpltCallback	32	static
C:/Users/Kaung Htet Htun/OneDrive/Desktop/STM32F4_study/HAL/wit/Core/Src/main.c:128:5:main	8	static
C:/Users/Kaung Htet Htun/OneDrive/Desktop/STM32F4_study/HAL/wit/Core/Src/main.c:177:6:SystemClock_Config	88	static
C:/Users/Kaung Htet Htun/OneDrive/Desktop/STM32F4_study/HAL/wit/Core/Src/main.c:227:6:Error_Handler	4	static,ignoring_inline_asm
