../../Drivers/CMSIS/Include/core_cm4.h:2064:26:ITM_SendChar	4
C:/Users/Kaung Htet Htun/OneDrive/Desktop/STM32F4_study/HAL/wit/Core/Src/main.c:36:5:_write	2
C:/Users/Kaung Htet Htun/OneDrive/Desktop/STM32F4_study/HAL/wit/Core/Src/main.c:61:9:crcSum	2
C:/Users/Kaung Htet Htun/OneDrive/Desktop/STM32F4_study/HAL/wit/Core/Src/main.c:75:6:HAL_UART_RxCpltCallback	5
C:/Users/Kaung Htet Htun/OneDrive/Desktop/STM32F4_study/HAL/wit/Core/Src/main.c:128:5:main	1
C:/Users/Kaung Htet Htun/OneDrive/Desktop/STM32F4_study/HAL/wit/Core/Src/main.c:177:6:SystemClock_Config	3
C:/Users/Kaung Htet Htun/OneDrive/Desktop/STM32F4_study/HAL/wit/Core/Src/main.c:227:6:Error_Handler	1
